Archive member included to satisfy reference by file (symbol)

../../libDaisy//build/libdaisy.a(daisy_petal.o)
                              build/Demo.o (daisy::DaisyPetal::StartAudio(void (*)(float const* const*, float**, unsigned int)))
../../libDaisy//build/libdaisy.a(daisy_seed.o)
                              ../../libDaisy//build/libdaisy.a(daisy_petal.o) (daisy::DaisySeed::Configure())
../../libDaisy//build/libdaisy.a(codec_ak4556.o)
                              ../../libDaisy//build/libdaisy.a(daisy_seed.o) (daisy::Ak4556::Init(dsy_gpio_pin))
../../libDaisy//build/libdaisy.a(codec_wm8731.o)
                              ../../libDaisy//build/libdaisy.a(daisy_seed.o) (daisy::Wm8731::Init(daisy::Wm8731::Config const&, daisy::I2CHandle))
../../libDaisy//build/libdaisy.a(sdram.o)
                              ../../libDaisy//build/libdaisy.a(daisy_seed.o) (SdramHandle::Init())
../../libDaisy//build/libdaisy.a(audio.o)
                              ../../libDaisy//build/libdaisy.a(daisy_seed.o) (daisy::AudioHandle::Init(daisy::AudioHandle::Config const&, daisy::SaiHandle))
../../libDaisy//build/libdaisy.a(ctrl.o)
                              ../../libDaisy//build/libdaisy.a(daisy_petal.o) (daisy::AnalogControl::Init(unsigned short*, float, bool, bool, float))
../../libDaisy//build/libdaisy.a(encoder.o)
                              ../../libDaisy//build/libdaisy.a(daisy_petal.o) (daisy::Encoder::Init(dsy_gpio_pin, dsy_gpio_pin, dsy_gpio_pin, float))
../../libDaisy//build/libdaisy.a(switch.o)
                              ../../libDaisy//build/libdaisy.a(daisy_petal.o) (daisy::Switch::Init(dsy_gpio_pin, float))
../../libDaisy//build/libdaisy.a(adc.o)
                              ../../libDaisy//build/libdaisy.a(daisy_petal.o) (daisy::AdcChannelConfig::InitSingle(dsy_gpio_pin))
../../libDaisy//build/libdaisy.a(gpio.o)
                              ../../libDaisy//build/libdaisy.a(daisy_petal.o) (dsy_gpio_init)
../../libDaisy//build/libdaisy.a(i2c.o)
                              ../../libDaisy//build/libdaisy.a(daisy_petal.o) (daisy::I2CHandle::Init(daisy::I2CHandle::Config const&))
../../libDaisy//build/libdaisy.a(qspi.o)
                              ../../libDaisy//build/libdaisy.a(daisy_seed.o) (daisy::QSPIHandle::Init(daisy::QSPIHandle::Config const&))
../../libDaisy//build/libdaisy.a(sai.o)
                              ../../libDaisy//build/libdaisy.a(daisy_seed.o) (daisy::SaiHandle::Init(daisy::SaiHandle::Config const&))
../../libDaisy//build/libdaisy.a(system.o)
                              ../../libDaisy//build/libdaisy.a(daisy_seed.o) (daisy::System::DeInit())
../../libDaisy//build/libdaisy.a(system_stm32h7xx.o)
                              build/startup_stm32h750xx.o (SystemInit)
../../libDaisy//build/libdaisy.a(usbd_conf.o)
                              ../../libDaisy//build/libdaisy.a(system.o) (hpcd_USB_OTG_HS)
../../libDaisy//build/libdaisy.a(usbh_conf.o)
                              ../../libDaisy//build/libdaisy.a(system.o) (hhcd_USB_OTG_HS)
../../libDaisy//build/libdaisy.a(hal_map.o)
                              ../../libDaisy//build/libdaisy.a(gpio.o) (dsy_hal_map_get_port)
../../libDaisy//build/libdaisy.a(stm32h7xx_hal.o)
                              ../../libDaisy//build/libdaisy.a(system.o) (HAL_Init)
../../libDaisy//build/libdaisy.a(stm32h7xx_hal_adc.o)
                              ../../libDaisy//build/libdaisy.a(adc.o) (HAL_ADC_ConfigChannel)
../../libDaisy//build/libdaisy.a(stm32h7xx_hal_adc_ex.o)
                              ../../libDaisy//build/libdaisy.a(adc.o) (HAL_ADCEx_Calibration_Start)
../../libDaisy//build/libdaisy.a(stm32h7xx_hal_cortex.o)
                              ../../libDaisy//build/libdaisy.a(stm32h7xx_hal.o) (HAL_NVIC_SetPriorityGrouping)
../../libDaisy//build/libdaisy.a(stm32h7xx_hal_dma.o)
                              ../../libDaisy//build/libdaisy.a(adc.o) (HAL_DMA_Init)
../../libDaisy//build/libdaisy.a(stm32h7xx_hal_gpio.o)
                              ../../libDaisy//build/libdaisy.a(sdram.o) (HAL_GPIO_Init)
../../libDaisy//build/libdaisy.a(stm32h7xx_hal_hcd.o)
                              ../../libDaisy//build/libdaisy.a(usbh_conf.o) (HAL_HCD_HC_Init)
../../libDaisy//build/libdaisy.a(stm32h7xx_hal_i2c.o)
                              ../../libDaisy//build/libdaisy.a(i2c.o) (HAL_I2C_Init)
../../libDaisy//build/libdaisy.a(stm32h7xx_hal_i2c_ex.o)
                              ../../libDaisy//build/libdaisy.a(i2c.o) (HAL_I2CEx_ConfigAnalogFilter)
../../libDaisy//build/libdaisy.a(stm32h7xx_hal_pcd.o)
                              ../../libDaisy//build/libdaisy.a(usbd_conf.o) (HAL_PCD_Init)
../../libDaisy//build/libdaisy.a(stm32h7xx_hal_pcd_ex.o)
                              ../../libDaisy//build/libdaisy.a(usbd_conf.o) (HAL_PCDEx_SetTxFiFo)
../../libDaisy//build/libdaisy.a(stm32h7xx_hal_pwr_ex.o)
                              ../../libDaisy//build/libdaisy.a(system.o) (HAL_PWREx_ConfigSupply)
[...]
Memory Configuration

Name             Origin             Length             Attributes
FLASH            0x0000000008000000 0x0000000000020000 xr
DTCMRAM          0x0000000020000000 0x0000000000020000 xrw
SRAM             0x0000000024000000 0x0000000000080000 xrw
RAM_D2           0x0000000030000000 0x0000000000048000 xrw
RAM_D3           0x0000000038000000 0x0000000000010000 xrw
ITCMRAM          0x0000000000000000 0x0000000000010000 xrw
SDRAM            0x00000000c0000000 0x0000000004000000 xrw
QSPIFLASH        0x0000000090000000 0x0000000000800000 xr
*default*        0x0000000000000000 0xffffffffffffffff

Linker script and memory map

LOAD /Applications/ARM/bin/../lib/gcc/arm-none-eabi/10.3.1/thumb/v7e-m+dp/hard/crti.o
LOAD /Applications/ARM/bin/../lib/gcc/arm-none-eabi/10.3.1/thumb/v7e-m+dp/hard/crtbegin.o
LOAD /Applications/ARM/bin/../lib/gcc/arm-none-eabi/10.3.1/../../../../arm-none-eabi/lib/thumb/v7e-m+dp/hard/crt0.o
LOAD build/startup_stm32h750xx.o
LOAD build/Demo.o
LOAD ../../libDaisy//build/libdaisy.a
LOAD /Applications/ARM/bin/../lib/gcc/arm-none-eabi/10.3.1/../../../../arm-none-eabi/lib/thumb/v7e-m+dp/hard/libnosys.a
LOAD ../../DaisySP//build/libdaisysp.a
LOAD /Applications/ARM/bin/../lib/gcc/arm-none-eabi/10.3.1/../../../../arm-none-eabi/lib/thumb/v7e-m+dp/hard/libstdc++_nano.a
LOAD /Applications/ARM/bin/../lib/gcc/arm-none-eabi/10.3.1/../../../../arm-none-eabi/lib/thumb/v7e-m+dp/hard/libm.a
LOAD /Applications/ARM/bin/../lib/gcc/arm-none-eabi/10.3.1/../../../../arm-none-eabi/lib/thumb/v7e-m+dp/hard/libc_nano.a
START GROUP
LOAD /Applications/ARM/bin/../lib/gcc/arm-none-eabi/10.3.1/thumb/v7e-m+dp/hard/libgcc.a
LOAD /Applications/ARM/bin/../lib/gcc/arm-none-eabi/10.3.1/../../../../arm-none-eabi/lib/thumb/v7e-m+dp/hard/libc_nano.a
END GROUP
START GROUP
LOAD /Applications/ARM/bin/../lib/gcc/arm-none-eabi/10.3.1/thumb/v7e-m+dp/hard/libgcc.a
LOAD /Applications/ARM/bin/../lib/gcc/arm-none-eabi/10.3.1/../../../../arm-none-eabi/lib/thumb/v7e-m+dp/hard/libc_nano.a
LOAD /Applications/ARM/bin/../lib/gcc/arm-none-eabi/10.3.1/../../../../arm-none-eabi/lib/thumb/v7e-m+dp/hard/libnosys.a
END GROUP
START GROUP
LOAD /Applications/ARM/bin/../lib/gcc/arm-none-eabi/10.3.1/thumb/v7e-m+dp/hard/libgcc.a
LOAD /Applications/ARM/bin/../lib/gcc/arm-none-eabi/10.3.1/../../../../arm-none-eabi/lib/thumb/v7e-m+dp/hard/libc_nano.a
LOAD /Applications/ARM/bin/../lib/gcc/arm-none-eabi/10.3.1/../../../../arm-none-eabi/lib/thumb/v7e-m+dp/hard/libnosys.a
END GROUP
LOAD /Applications/ARM/bin/../lib/gcc/arm-none-eabi/10.3.1/thumb/v7e-m+dp/hard/crtend.o
LOAD /Applications/ARM/bin/../lib/gcc/arm-none-eabi/10.3.1/thumb/v7e-m+dp/hard/crtn.o
                0x0000000020020000                _estack = 0x20020000

.isr_vector     0x0000000008000000      0x298
                0x0000000008000000                . = ALIGN (0x4)
 *(.isr_vector)
 .isr_vector    0x0000000008000000      0x298 build/startup_stm32h750xx.o
                0x0000000008000000                g_pfnVectors
                0x0000000008000298                . = ALIGN (0x4)

.text           0x0000000008000298    0x12e48
                0x0000000008000298                . = ALIGN (0x4)
                0x0000000008000298                _stext = .
 *(.text)
 .text          0x0000000008000298       0x40 /Applications/ARM/bin/../lib/gcc/arm-none-eabi/10.3.1/thumb/v7e-m+dp/hard/crtbegin.o
 .text          0x00000000080002d8       0x30 /Applications/ARM/bin/../lib/gcc/arm-none-eabi/10.3.1/thumb/v7e-m+dp/hard/libgcc.a(_aeabi_uldivmod.o)
                0x00000000080002d8                __aeabi_uldivmod
 .text          0x0000000008000308      0x2d0 /Applications/ARM/bin/../lib/gcc/arm-none-eabi/10.3.1/thumb/v7e-m+dp/hard/libgcc.a(_udivmoddi4.o)
                0x0000000008000308                __udivmoddi4
 .text          0x00000000080005d8        0x4 /Applications/ARM/bin/../lib/gcc/arm-none-eabi/10.3.1/thumb/v7e-m+dp/hard/libgcc.a(_dvmd_tls.o)
                0x00000000080005d8                __aeabi_ldiv0
                0x00000000080005d8                __aeabi_idiv0
 *(.text*)
 .text.Default_Handler
                0x00000000080005dc        0x4 build/startup_stm32h750xx.o
                0x00000000080005dc                SAI1_IRQHandler
                0x00000000080005dc                HASH_RNG_IRQHandler
                0x00000000080005dc                EXTI2_IRQHandler
                0x00000000080005dc                TIM8_CC_IRQHandler
                0x00000000080005dc                HRTIM1_Master_IRQHandler
                0x00000000080005dc                DebugMon_Handler
                0x00000000080005dc                TIM1_CC_IRQHandler
                0x00000000080005dc                BDMA_Channel6_IRQHandler
                0x00000000080005dc                DMA2_Stream5_IRQHandler
                0x00000000080005dc                HRTIM1_FLT_IRQHandler
                0x00000000080005dc                JPEG_IRQHandler
                0x00000000080005dc                BDMA_Channel1_IRQHandler
                0x00000000080005dc                HRTIM1_TIMD_IRQHandler
                0x00000000080005dc                TAMP_STAMP_IRQHandler
                0x00000000080005dc                PendSV_Handler
                0x00000000080005dc                NMI_Handler
                0x00000000080005dc                EXTI3_IRQHandler
                0x00000000080005dc                LPTIM4_IRQHandler
                0x00000000080005dc                TIM8_TRG_COM_TIM14_IRQHandler
                0x00000000080005dc                LPTIM2_IRQHandler
                0x00000000080005dc                DFSDM1_FLT1_IRQHandler
                0x00000000080005dc                DMAMUX2_OVR_IRQHandler
                0x00000000080005dc                TIM8_UP_TIM13_IRQHandler
                0x00000000080005dc                I2C3_ER_IRQHandler
                0x00000000080005dc                DFSDM1_FLT2_IRQHandler
                0x00000000080005dc                MDMA_IRQHandler
                0x00000000080005dc                LPTIM3_IRQHandler
                0x00000000080005dc                HSEM1_IRQHandler
                0x00000000080005dc                EXTI0_IRQHandler
                0x00000000080005dc                FPU_IRQHandler
                0x00000000080005dc                OTG_HS_WKUP_IRQHandler
                0x00000000080005dc                FDCAN1_IT1_IRQHandler
                0x00000000080005dc                UsageFault_Handler
                0x00000000080005dc                LTDC_ER_IRQHandler
                0x00000000080005dc                HRTIM1_TIME_IRQHandler
                0x00000000080005dc                TIM6_DAC_IRQHandler
                0x00000000080005dc                DCMI_IRQHandler
                0x00000000080005dc                HRTIM1_TIMC_IRQHandler
                0x00000000080005dc                SAI2_IRQHandler
                0x00000000080005dc                DFSDM1_FLT3_IRQHandler
                0x00000000080005dc                TIM17_IRQHandler
                0x00000000080005dc                CRYP_IRQHandler
                0x00000000080005dc                BDMA_Channel7_IRQHandler
                0x00000000080005dc                LPTIM5_IRQHandler
                0x00000000080005dc                ADC3_IRQHandler
                0x00000000080005dc                DMA2_Stream0_IRQHandler
                0x00000000080005dc                BDMA_Channel2_IRQHandler
                0x00000000080005dc                DMAMUX1_OVR_IRQHandler
                0x00000000080005dc                TIM16_IRQHandler
                0x00000000080005dc                BDMA_Channel5_IRQHandler
                0x00000000080005dc                RCC_IRQHandler
                0x00000000080005dc                TIM8_BRK_TIM12_IRQHandler
                0x00000000080005dc                TIM1_TRG_COM_IRQHandler
                0x00000000080005dc                Default_Handler
                0x00000000080005dc                ECC_IRQHandler
                0x00000000080005dc                CEC_IRQHandler
                0x00000000080005dc                EXTI15_10_IRQHandler
                0x00000000080005dc                BDMA_Channel0_IRQHandler
                0x00000000080005dc                ADC_IRQHandler
                0x00000000080005dc                DMA1_Stream7_IRQHandler
                0x00000000080005dc                HRTIM1_TIMA_IRQHandler
                0x00000000080005dc                TIM7_IRQHandler
                0x00000000080005dc                SDMMC1_IRQHandler
                0x00000000080005dc                DMA2_Stream7_IRQHandler
                0x00000000080005dc                TIM15_IRQHandler
                0x00000000080005dc                PVD_AVD_IRQHandler
                0x00000000080005dc                EXTI9_5_IRQHandler
                0x00000000080005dc                RTC_WKUP_IRQHandler
                0x00000000080005dc                LTDC_IRQHandler
                0x00000000080005dc                SAI3_IRQHandler
                0x00000000080005dc                ETH_WKUP_IRQHandler
                0x00000000080005dc                SPDIF_RX_IRQHandler
                0x00000000080005dc                MemManage_Handler
                0x00000000080005dc                SVC_Handler
                0x00000000080005dc                CRS_IRQHandler
                0x00000000080005dc                EXTI4_IRQHandler
                0x00000000080005dc                HRTIM1_TIMB_IRQHandler
                0x00000000080005dc                FDCAN2_IT1_IRQHandler
                0x00000000080005dc                ETH_IRQHandler
                0x00000000080005dc                TIM1_UP_IRQHandler
                0x00000000080005dc                BDMA_Channel4_IRQHandler
                0x00000000080005dc                WWDG_IRQHandler
                0x00000000080005dc                SPI6_IRQHandler
                0x00000000080005dc                I2C4_EV_IRQHandler
                0x00000000080005dc                MDIOS_IRQHandler
                0x00000000080005dc                FDCAN2_IT0_IRQHandler
                0x00000000080005dc                FDCAN1_IT0_IRQHandler
                0x00000000080005dc                OTG_FS_WKUP_IRQHandler
                0x00000000080005dc                DMA2D_IRQHandler
                0x00000000080005dc                TIM1_BRK_IRQHandler
                0x00000000080005dc                EXTI1_IRQHandler
                0x00000000080005dc                SDMMC2_IRQHandler
                0x00000000080005dc                OTG_FS_EP1_OUT_IRQHandler
                0x00000000080005dc                BDMA_Channel3_IRQHandler
                0x00000000080005dc                MDIOS_WKUP_IRQHandler
                0x00000000080005dc                DFSDM1_FLT0_IRQHandler
                0x00000000080005dc                SAI4_IRQHandler
                0x00000000080005dc                I2C2_ER_IRQHandler
                0x00000000080005dc                DMA2_Stream1_IRQHandler
                0x00000000080005dc                FLASH_IRQHandler
                0x00000000080005dc                BusFault_Handler
                0x00000000080005dc                OTG_FS_IRQHandler
                0x00000000080005dc                WAKEUP_PIN_IRQHandler
                0x00000000080005dc                OTG_FS_EP1_IN_IRQHandler
                0x00000000080005dc                I2C1_ER_IRQHandler
                0x00000000080005dc                FMC_IRQHandler
                0x00000000080005dc                FDCAN_CAL_IRQHandler
                0x00000000080005dc                SWPMI1_IRQHandler
                0x00000000080005dc                COMP1_IRQHandler
                0x00000000080005dc                LPTIM1_IRQHandler
                0x00000000080005dc                I2C4_ER_IRQHandler
                0x00000000080005dc                DMA2_Stream6_IRQHandler
                0x00000000080005dc                RTC_Alarm_IRQHandler
 .text.Reset_Handler
                0x00000000080005e0       0x44 build/startup_stm32h750xx.o
                0x00000000080005e0                Reset_Handler
 .text._ZN5daisy10DaisyPetalD2Ev
                0x0000000008000624        0x4 build/Demo.o
                0x0000000008000624                daisy::DaisyPetal::~DaisyPetal()
                0x0000000008000624                daisy::DaisyPetal::~DaisyPetal()
 .text._ZN7daisysp7FlangerD2Ev
                0x0000000008000628        0x4 build/Demo.o
                0x0000000008000628                daisysp::Flanger::~Flanger()
                0x0000000008000628                daisysp::Flanger::~Flanger()
 .text._Z10ProcessADCv
                0x000000000800062c       0x8c build/Demo.o
                0x000000000800062c                ProcessADC()
 .text._Z13AudioCallbackPKPKfPPfj
                0x00000000080006b8       0x74 build/Demo.o
                0x00000000080006b8                AudioCallback(float const* const*, float**, unsigned int)
 .text.startup.main
                0x000000000800072c       0x6c build/Demo.o
                0x000000000800072c                main
 .text.startup._GLOBAL__sub_I_hw
                0x0000000008000798       0x50 build/Demo.o
 .text._ZN5daisy16LedDriverPca9685ILi2ELb1EE14TxCpltCallbackEPvNS_9I2CHandle6ResultE
                0x00000000080007e8       0x5c ../../libDaisy//build/libdaisy.a(daisy_petal.o)
                0x00000000080007e8                daisy::LedDriverPca9685<2, true>::TxCpltCallback(void*, daisy::I2CHandle::Result)
 .text._ZN5daisy10DaisyPetal10StartAudioEPFvPKPKfPPfjE
                0x0000000008000844        0x4 ../../libDaisy//build/libdaisy.a(daisy_petal.o)
                0x0000000008000844                daisy::DaisyPetal::StartAudio(void (*)(float const* const*, float**, unsigned int))
 .text._ZN5daisy10DaisyPetal17SetAudioBlockSizeEj
                0x0000000008000848       0x4c ../../libDaisy//build/libdaisy.a(daisy_petal.o)
                0x0000000008000848                daisy::DaisyPetal::SetAudioBlockSize(unsigned int)
 .text._ZN5daisy10DaisyPetal18SetAudioSampleRateENS_9SaiHandle6Config10SampleRateE
                0x0000000008000894       0x4c ../../libDaisy//build/libdaisy.a(daisy_petal.o)
                0x0000000008000894                daisy::DaisyPetal::SetAudioSampleRate(daisy::SaiHandle::Config::SampleRate)
 .text._ZN5daisy10DaisyPetal8StartAdcEv
                0x00000000080008e0        0x8 ../../libDaisy//build/libdaisy.a(daisy_petal.o)
                0x00000000080008e0                daisy::DaisyPetal::StartAdc()
 .text._ZN5daisy10DaisyPetal21ProcessAnalogControlsEv
                0x00000000080008e8       0x20 ../../libDaisy//build/libdaisy.a(daisy_petal.o)
                0x00000000080008e8                daisy::DaisyPetal::ProcessAnalogControls()
 .text._ZN5daisy10DaisyPetal22ProcessDigitalControlsEv
                0x0000000008000908       0x20 ../../libDaisy//build/libdaisy.a(daisy_petal.o)
                0x0000000008000908                daisy::DaisyPetal::ProcessDigitalControls()
 .text._ZN5daisy10DaisyPetal9ClearLedsEv
                0x0000000008000928      0x1ac ../../libDaisy//build/libdaisy.a(daisy_petal.o)
                0x0000000008000928                daisy::DaisyPetal::ClearLeds()
 .text._ZN5daisy10DaisyPetal8InitLedsEv
                0x0000000008000ad4      0x2c0 ../../libDaisy//build/libdaisy.a(daisy_petal.o)
                0x0000000008000ad4                daisy::DaisyPetal::InitLeds()
 .text._ZN5daisy10DaisyPetal18InitAnalogControlsEv
                0x0000000008000d94      0x108 ../../libDaisy//build/libdaisy.a(daisy_petal.o)
                0x0000000008000d94                daisy::DaisyPetal::InitAnalogControls()
 .text._ZN5daisy10DaisyPetal4InitEb
                0x0000000008000e9c       0xf4 ../../libDaisy//build/libdaisy.a(daisy_petal.o)
                0x0000000008000e9c                daisy::DaisyPetal::Init(bool)
 .text.startup._GLOBAL__sub_I__ZN5daisy10DaisyPetal4InitEb
                0x0000000008000f90       0x18 ../../libDaisy//build/libdaisy.a(daisy_petal.o)
 .text._ZN5daisy9DaisySeed9ConfigureEv
                0x0000000008000fa8        0x4 ../../libDaisy//build/libdaisy.a(daisy_seed.o)
                0x0000000008000fa8                daisy::DaisySeed::Configure()
 .text._ZN5daisy9DaisySeed6GetPinEh
                0x0000000008000fac       0x2c ../../libDaisy//build/libdaisy.a(daisy_seed.o)
                0x0000000008000fac                daisy::DaisySeed::GetPin(unsigned char)
 .text._ZN5daisy9DaisySeed10StartAudioEPFvPKPKfPPfjE
                0x0000000008000fd8        0x8 ../../libDaisy//build/libdaisy.a(daisy_seed.o)
                0x0000000008000fd8                daisy::DaisySeed::StartAudio(void (*)(float const* const*, float**, unsigned int))
 .text._ZN5daisy9DaisySeed18SetAudioSampleRateENS_9SaiHandle6Config10SampleRateE
                0x0000000008000fe0       0x38 ../../libDaisy//build/libdaisy.a(daisy_seed.o)
                0x0000000008000fe0                daisy::DaisySeed::SetAudioSampleRate(daisy::SaiHandle::Config::SampleRate)
 .text._ZN5daisy9DaisySeed17SetAudioBlockSizeEj
                0x0000000008001018       0x38 ../../libDaisy//build/libdaisy.a(daisy_seed.o)
                0x0000000008001018                daisy::DaisySeed::SetAudioBlockSize(unsigned int)
 .text._ZNK5daisy9DaisySeed17AudioCallbackRateEv
                0x0000000008001050        0x8 ../../libDaisy//build/libdaisy.a(daisy_seed.o)
                0x0000000008001050                daisy::DaisySeed::AudioCallbackRate() const
 .text._ZN5daisy9DaisySeed14ConfigureAudioEv
                0x0000000008001058       0xd0 ../../libDaisy//build/libdaisy.a(daisy_seed.o)
                0x0000000008001058                daisy::DaisySeed::ConfigureAudio()
 .text._ZN5daisy9DaisySeed4InitEb
                0x0000000008001128       0xf0 ../../libDaisy//build/libdaisy.a(daisy_seed.o)
                0x0000000008001128                daisy::DaisySeed::Init(bool)
 .text._ZN5daisy6Ak45564InitE12dsy_gpio_pin
                0x0000000008001218       0x44 ../../libDaisy//build/libdaisy.a(codec_ak4556.o)
                0x0000000008001218                daisy::Ak4556::Init(dsy_gpio_pin)
 .text._ZN5daisy6Wm873120WriteControlRegisterEht
                0x000000000800125c       0x3c ../../libDaisy//build/libdaisy.a(codec_wm8731.o)
                0x000000000800125c                daisy::Wm8731::WriteControlRegister(unsigned char, unsigned short)
 .text._ZN5daisy6Wm87314InitERKNS0_6ConfigENS_9I2CHandleE
                0x0000000008001298      0x1bc ../../libDaisy//build/libdaisy.a(codec_wm8731.o)
                0x0000000008001298                daisy::Wm8731::Init(daisy::Wm8731::Config const&, daisy::I2CHandle)
 .text._ZN11SdramHandle10DeviceInitEv
                0x0000000008001454       0x98 ../../libDaisy//build/libdaisy.a(sdram.o)
                0x0000000008001454                SdramHandle::DeviceInit()
 .text._ZN11SdramHandle4InitEv
                0x00000000080014ec       0x7c ../../libDaisy//build/libdaisy.a(sdram.o)
                0x00000000080014ec                SdramHandle::Init()
 .text.HAL_SDRAM_MspInit
                0x0000000008001568      0x1a8 ../../libDaisy//build/libdaisy.a(sdram.o)
                0x0000000008001568                HAL_SDRAM_MspInit
 .text._ZN5daisy11AudioHandle4Impl16InternalCallbackEPlS2_j
                0x0000000008001710      0xbbc ../../libDaisy//build/libdaisy.a(audio.o)
                0x0000000008001710                daisy::AudioHandle::Impl::InternalCallback(long*, long*, unsigned int)
 .text._ZN5daisy11AudioHandle4InitERKNS0_6ConfigENS_9SaiHandleE
                0x00000000080022cc       0x70 ../../libDaisy//build/libdaisy.a(audio.o)
                0x00000000080022cc                daisy::AudioHandle::Init(daisy::AudioHandle::Config const&, daisy::SaiHandle)
 .text._ZNK5daisy11AudioHandle9GetConfigEv
                0x000000000800233c        0x8 ../../libDaisy//build/libdaisy.a(audio.o)
                0x000000000800233c                daisy::AudioHandle::GetConfig() const
 .text._ZN5daisy11AudioHandle12SetBlockSizeEj
                0x0000000008002344       0x1c ../../libDaisy//build/libdaisy.a(audio.o)
                0x0000000008002344                daisy::AudioHandle::SetBlockSize(unsigned int)
 .text._ZN5daisy11AudioHandle13GetSampleRateEv
                0x0000000008002360        0x8 ../../libDaisy//build/libdaisy.a(audio.o)
                0x0000000008002360                daisy::AudioHandle::GetSampleRate()
 .text._ZN5daisy11AudioHandle13SetSampleRateENS_9SaiHandle6Config10SampleRateE
                0x0000000008002368       0x88 ../../libDaisy//build/libdaisy.a(audio.o)
                0x0000000008002368                daisy::AudioHandle::SetSampleRate(daisy::SaiHandle::Config::SampleRate)
 .text._ZN5daisy11AudioHandle5StartEPFvPKPKfPPfjE
                0x00000000080023f0       0x44 ../../libDaisy//build/libdaisy.a(audio.o)
                0x00000000080023f0                daisy::AudioHandle::Start(void (*)(float const* const*, float**, unsigned int))
 .text.startup._GLOBAL__sub_I__ZN5daisy11AudioHandle4Impl4InitENS0_6ConfigENS_9SaiHandleE
                0x0000000008002434       0x24 ../../libDaisy//build/libdaisy.a(audio.o)
 .text._ZN5daisy13AnalogControl4InitEPtfbbf
                0x0000000008002458       0x64 ../../libDaisy//build/libdaisy.a(ctrl.o)
                0x0000000008002458                daisy::AnalogControl::Init(unsigned short*, float, bool, bool, float)
 .text._ZN5daisy13AnalogControl7ProcessEv
                0x00000000080024bc       0x48 ../../libDaisy//build/libdaisy.a(ctrl.o)
                0x00000000080024bc                daisy::AnalogControl::Process()
 .text._ZN5daisy13AnalogControl13SetSampleRateEf
                0x0000000008002504       0x58 ../../libDaisy//build/libdaisy.a(ctrl.o)
                0x0000000008002504                daisy::AnalogControl::SetSampleRate(float)
 .text._ZN5daisy7Encoder4InitE12dsy_gpio_pinS1_S1_f
                0x000000000800255c       0x60 ../../libDaisy//build/libdaisy.a(encoder.o)
                0x000000000800255c                daisy::Encoder::Init(dsy_gpio_pin, dsy_gpio_pin, dsy_gpio_pin, float)
 .text._ZN5daisy7Encoder8DebounceEv
                0x00000000080025bc       0x7c ../../libDaisy//build/libdaisy.a(encoder.o)
                0x00000000080025bc                daisy::Encoder::Debounce()
 .text._ZN5daisy6Switch4InitE12dsy_gpio_pinf
                0x0000000008002638       0x34 ../../libDaisy//build/libdaisy.a(switch.o)
                0x0000000008002638                daisy::Switch::Init(dsy_gpio_pin, float)
 .text._ZN5daisy6Switch8DebounceEv
                0x000000000800266c       0x5c ../../libDaisy//build/libdaisy.a(switch.o)
                0x000000000800266c                daisy::Switch::Debounce()
 .text._ZN5daisy16AdcChannelConfig10InitSingleE12dsy_gpio_pin
                0x00000000080026c8       0x1c ../../libDaisy//build/libdaisy.a(adc.o)
                0x00000000080026c8                daisy::AdcChannelConfig::InitSingle(dsy_gpio_pin)
 .text._ZN5daisy9AdcHandle4InitEPNS_16AdcChannelConfigEjNS0_12OverSamplingE
                0x00000000080026e4      0x3c8 ../../libDaisy//build/libdaisy.a(adc.o)
                0x00000000080026e4                daisy::AdcHandle::Init(daisy::AdcChannelConfig*, unsigned int, daisy::AdcHandle::OverSampling)
 .text._ZN5daisy9AdcHandle5StartEv
                0x0000000008002aac       0x2c ../../libDaisy//build/libdaisy.a(adc.o)
                0x0000000008002aac                daisy::AdcHandle::Start()
 .text._ZNK5daisy9AdcHandle6GetPtrEh
                0x0000000008002ad8       0x14 ../../libDaisy//build/libdaisy.a(adc.o)
                0x0000000008002ad8                daisy::AdcHandle::GetPtr(unsigned char) const
 .text.HAL_ADC_MspInit
                0x0000000008002aec       0x98 ../../libDaisy//build/libdaisy.a(adc.o)
                0x0000000008002aec                HAL_ADC_MspInit
 .text.DMA1_Stream2_IRQHandler
                0x0000000008002b84        0xc ../../libDaisy//build/libdaisy.a(adc.o)
                0x0000000008002b84                DMA1_Stream2_IRQHandler
 .text.HAL_ADC_ConvCpltCallback
                0x0000000008002b90      0x148 ../../libDaisy//build/libdaisy.a(adc.o)
                0x0000000008002b90                HAL_ADC_ConvCpltCallback
 .text.HAL_ADC_ErrorCallback
                0x0000000008002cd8        0x4 ../../libDaisy//build/libdaisy.a(adc.o)
                0x0000000008002cd8                HAL_ADC_ErrorCallback
 .text.dsy_gpio_init
                0x0000000008002cdc      0x1b8 ../../libDaisy//build/libdaisy.a(gpio.o)
                0x0000000008002cdc                dsy_gpio_init
 .text.dsy_gpio_read
                0x0000000008002e94       0x1c ../../libDaisy//build/libdaisy.a(gpio.o)
                0x0000000008002e94                dsy_gpio_read
 .text.dsy_gpio_write
                0x0000000008002eb0       0x24 ../../libDaisy//build/libdaisy.a(gpio.o)
                0x0000000008002eb0                dsy_gpio_write
 .text._ZN5daisy9I2CHandle4Impl20StartDmaTransmissionEtPhtPFvPvNS0_6ResultEES3_
                0x0000000008002ed4       0xe8 ../../libDaisy//build/libdaisy.a(i2c.o)
                0x0000000008002ed4                daisy::I2CHandle::Impl::StartDmaTransmission(unsigned short, unsigned char*, unsigned short, void (*)(void*, daisy::I2CHandle::Result), void*)
 .text._ZN5daisy9I2CHandle4Impl17StartDmaReceptionEtPhtPFvPvNS0_6ResultEES3_
                0x0000000008002fbc       0xe4 ../../libDaisy//build/libdaisy.a(i2c.o)
                0x0000000008002fbc                daisy::I2CHandle::Impl::StartDmaReception(unsigned short, unsigned char*, unsigned short, void (*)(void*, daisy::I2CHandle::Result), void*)
 .text._ZN5daisy9I2CHandle4Impl8InitPinsEv
                0x00000000080030a0       0x58 ../../libDaisy//build/libdaisy.a(i2c.o)
                0x00000000080030a0                daisy::I2CHandle::Impl::InitPins()
 .text.HAL_I2C_MspInit
                0x00000000080030f8      0x1b4 ../../libDaisy//build/libdaisy.a(i2c.o)
                0x00000000080030f8                HAL_I2C_MspInit
 .text.dsy_i2c_global_init
                0x00000000080032ac       0x78 ../../libDaisy//build/libdaisy.a(i2c.o)
                0x00000000080032ac                dsy_i2c_global_init
 .text.DMA1_Stream6_IRQHandler
                0x0000000008003324       0x34 ../../libDaisy//build/libdaisy.a(i2c.o)
                0x0000000008003324                DMA1_Stream6_IRQHandler
 .text.I2C1_EV_IRQHandler
                0x0000000008003358        0xc ../../libDaisy//build/libdaisy.a(i2c.o)
                0x0000000008003358                I2C1_EV_IRQHandler
 .text.I2C2_EV_IRQHandler
                0x0000000008003364        0xc ../../libDaisy//build/libdaisy.a(i2c.o)
                0x0000000008003364                I2C2_EV_IRQHandler
 .text.I2C3_EV_IRQHandler
                0x0000000008003370        0xc ../../libDaisy//build/libdaisy.a(i2c.o)
                0x0000000008003370                I2C3_EV_IRQHandler
 .text.HAL_I2C_MasterTxCpltCallback
                0x000000000800337c       0x94 ../../libDaisy//build/libdaisy.a(i2c.o)
                0x000000000800337c                HAL_I2C_MasterTxCpltCallback
 .text.HAL_I2C_MasterRxCpltCallback
                0x0000000008003410       0x94 ../../libDaisy//build/libdaisy.a(i2c.o)
                0x0000000008003410                HAL_I2C_MasterRxCpltCallback
 .text.HAL_I2C_SlaveTxCpltCallback
                0x00000000080034a4       0x94 ../../libDaisy//build/libdaisy.a(i2c.o)
                0x00000000080034a4                HAL_I2C_SlaveTxCpltCallback
 .text.HAL_I2C_SlaveRxCpltCallback
                0x0000000008003538       0x94 ../../libDaisy//build/libdaisy.a(i2c.o)
                0x0000000008003538                HAL_I2C_SlaveRxCpltCallback
 .text.HAL_I2C_ErrorCallback
                0x00000000080035cc       0x9c ../../libDaisy//build/libdaisy.a(i2c.o)
                0x00000000080035cc                HAL_I2C_ErrorCallback
 .text._ZN5daisy9I2CHandle4InitERKNS0_6ConfigE
                0x0000000008003668      0x12c ../../libDaisy//build/libdaisy.a(i2c.o)
                0x0000000008003668                daisy::I2CHandle::Init(daisy::I2CHandle::Config const&)
 .text._ZNK5daisy9I2CHandle9GetConfigEv
                0x0000000008003794        0x4 ../../libDaisy//build/libdaisy.a(i2c.o)
                0x0000000008003794                daisy::I2CHandle::GetConfig() const
 .text._ZN5daisy9I2CHandle16TransmitBlockingEtPhtm
                0x0000000008003798       0x50 ../../libDaisy//build/libdaisy.a(i2c.o)
                0x0000000008003798                daisy::I2CHandle::TransmitBlocking(unsigned short, unsigned char*, unsigned short, unsigned long)
 .text._ZN5daisy9I2CHandle11TransmitDmaEtPhtPFvPvNS0_6ResultEES2_
                0x00000000080037e8       0x64 ../../libDaisy//build/libdaisy.a(i2c.o)
                0x00000000080037e8                daisy::I2CHandle::TransmitDma(unsigned short, unsigned char*, unsigned short, void (*)(void*, daisy::I2CHandle::Result), void*)
 .text.startup._GLOBAL__sub_I__ZN5daisy9I2CHandle4Impl10GlobalInitEv
                0x000000000800384c       0x18 ../../libDaisy//build/libdaisy.a(i2c.o)
 .text._ZN5daisy10QSPIHandle4Impl11WriteEnableEv
                0x0000000008003864       0x8c ../../libDaisy//build/libdaisy.a(qspi.o)
                0x0000000008003864                daisy::QSPIHandle::Impl::WriteEnable()
 .text._ZN5daisy10QSPIHandle4Impl17DummyCyclesConfigENS0_6Config6DeviceE
                0x00000000080038f0      0x118 ../../libDaisy//build/libdaisy.a(qspi.o)
                0x00000000080038f0                daisy::QSPIHandle::Impl::DummyCyclesConfig(daisy::QSPIHandle::Config::Device)
 .text._ZN5daisy10QSPIHandle4Impl10QuadEnableEv
                0x0000000008003a08      0x158 ../../libDaisy//build/libdaisy.a(qspi.o)
                0x0000000008003a08                daisy::QSPIHandle::Impl::QuadEnable()
 .text._ZN5daisy10QSPIHandle4InitERKNS0_6ConfigE
                0x0000000008003b60      0x198 ../../libDaisy//build/libdaisy.a(qspi.o)
                0x0000000008003b60                daisy::QSPIHandle::Init(daisy::QSPIHandle::Config const&)
 .text.HAL_QSPI_MspInit
                0x0000000008003cf8      0x11c ../../libDaisy//build/libdaisy.a(qspi.o)
                0x0000000008003cf8                HAL_QSPI_MspInit
 .text.HAL_QSPI_MspDeInit
                0x0000000008003e14       0x54 ../../libDaisy//build/libdaisy.a(qspi.o)
                0x0000000008003e14                HAL_QSPI_MspDeInit
 .text.QUADSPI_IRQHandler
                0x0000000008003e68        0xc ../../libDaisy//build/libdaisy.a(qspi.o)
                0x0000000008003e68                QUADSPI_IRQHandler
 .text.startup._GLOBAL__sub_I__ZN5daisy10QSPIHandle4Impl4InitERKNS0_6ConfigE
                0x0000000008003e74       0x28 ../../libDaisy//build/libdaisy.a(qspi.o)
 .text._ZN5daisy9SaiHandle4Impl7InitDmaENS1_15PeripheralBlockE
                0x0000000008003e9c       0xa0 ../../libDaisy//build/libdaisy.a(sai.o)
                0x0000000008003e9c                daisy::SaiHandle::Impl::InitDma(daisy::SaiHandle::Impl::PeripheralBlock)
 .text._ZN5daisy9SaiHandle4Impl8InitPinsEv
                0x0000000008003f3c       0xa8 ../../libDaisy//build/libdaisy.a(sai.o)
                0x0000000008003f3c                daisy::SaiHandle::Impl::InitPins()
 .text.HAL_SAI_MspInit
                0x0000000008003fe4      0x164 ../../libDaisy//build/libdaisy.a(sai.o)
                0x0000000008003fe4                HAL_SAI_MspInit
 .text.DMA1_Stream0_IRQHandler
                0x0000000008004148        0xc ../../libDaisy//build/libdaisy.a(sai.o)
                0x0000000008004148                DMA1_Stream0_IRQHandler
 .text.DMA1_Stream1_IRQHandler
                0x0000000008004154        0xc ../../libDaisy//build/libdaisy.a(sai.o)
                0x0000000008004154                DMA1_Stream1_IRQHandler
 .text.DMA1_Stream3_IRQHandler
                0x0000000008004160        0xc ../../libDaisy//build/libdaisy.a(sai.o)
                0x0000000008004160                DMA1_Stream3_IRQHandler
 .text.DMA1_Stream4_IRQHandler
                0x000000000800416c        0xc ../../libDaisy//build/libdaisy.a(sai.o)
                0x000000000800416c                DMA1_Stream4_IRQHandler
 .text.HAL_SAI_RxHalfCpltCallback
                0x0000000008004178       0x78 ../../libDaisy//build/libdaisy.a(sai.o)
                0x0000000008004178                HAL_SAI_RxHalfCpltCallback
 .text.HAL_SAI_RxCpltCallback
                0x00000000080041f0       0x70 ../../libDaisy//build/libdaisy.a(sai.o)
                0x00000000080041f0                HAL_SAI_RxCpltCallback
 .text._ZN5daisy9SaiHandle4InitERKNS0_6ConfigE
                0x0000000008004260      0x1f0 ../../libDaisy//build/libdaisy.a(sai.o)
                0x0000000008004260                daisy::SaiHandle::Init(daisy::SaiHandle::Config const&)
 .text._ZNK5daisy9SaiHandle9GetConfigEv
                0x0000000008004450        0x4 ../../libDaisy//build/libdaisy.a(sai.o)
                0x0000000008004450                daisy::SaiHandle::GetConfig() const
 .text._ZN5daisy9SaiHandle8StartDmaEPlS1_jPFvS1_S1_jE
                0x0000000008004454       0xbc ../../libDaisy//build/libdaisy.a(sai.o)
                0x0000000008004454                daisy::SaiHandle::StartDma(long*, long*, unsigned int, void (*)(long*, long*, unsigned int))
 .text._ZN5daisy9SaiHandle13GetSampleRateEv
                0x0000000008004510       0x24 ../../libDaisy//build/libdaisy.a(sai.o)
                0x0000000008004510                daisy::SaiHandle::GetSampleRate()
 .text._ZNK5daisy9SaiHandle9GetOffsetEv
                0x0000000008004534        0x8 ../../libDaisy//build/libdaisy.a(sai.o)
                0x0000000008004534                daisy::SaiHandle::GetOffset() const
 .text._ZN5daisy11TimerHandleD2Ev
                0x000000000800453c        0x4 ../../libDaisy//build/libdaisy.a(system.o)
                0x000000000800453c                daisy::TimerHandle::~TimerHandle()
                0x000000000800453c                daisy::TimerHandle::~TimerHandle()
 .text.SysTick_Handler
                0x0000000008004540       0x10 ../../libDaisy//build/libdaisy.a(system.o)
                0x0000000008004540                SysTick_Handler
 .text.OTG_HS_EP1_OUT_IRQHandler
                0x0000000008004550       0x24 ../../libDaisy//build/libdaisy.a(system.o)
                0x0000000008004550                OTG_HS_EP1_OUT_IRQHandler
 .text.OTG_HS_EP1_IN_IRQHandler
                0x0000000008004574       0x24 ../../libDaisy//build/libdaisy.a(system.o)
                0x0000000008004574                OTG_HS_EP1_IN_IRQHandler
 .text.OTG_HS_IRQHandler
                0x0000000008004598       0x24 ../../libDaisy//build/libdaisy.a(system.o)
                0x0000000008004598                OTG_HS_IRQHandler
 .text.HardFault_Handler
                0x00000000080045bc       0xe0 ../../libDaisy//build/libdaisy.a(system.o)
                0x00000000080045bc                HardFault_Handler
 .text._ZN5daisy6System6GetNowEv
                0x000000000800469c        0x4 ../../libDaisy//build/libdaisy.a(system.o)
                0x000000000800469c                daisy::System::GetNow()
 .text._ZN5daisy6System5DelayEm
                0x00000000080046a0        0x4 ../../libDaisy//build/libdaisy.a(system.o)
                0x00000000080046a0                daisy::System::Delay(unsigned long)
 .text._ZN5daisy6System15ConfigureClocksEv
                0x00000000080046a4      0x194 ../../libDaisy//build/libdaisy.a(system.o)
                0x00000000080046a4                daisy::System::ConfigureClocks()
 .text._ZN5daisy6System4InitERKNS0_6ConfigE
                0x0000000008004838      0x140 ../../libDaisy//build/libdaisy.a(system.o)
                0x0000000008004838                daisy::System::Init(daisy::System::Config const&)
 .text._ZN5daisy6System12GetPClk1FreqEv
                0x0000000008004978        0x4 ../../libDaisy//build/libdaisy.a(system.o)
                0x0000000008004978                daisy::System::GetPClk1Freq()
 .text._ZN5daisy6System22GetProgramMemoryRegionEv
                0x000000000800497c       0x78 ../../libDaisy//build/libdaisy.a(system.o)
                0x000000000800497c                daisy::System::GetProgramMemoryRegion()
 .text.startup._GLOBAL__sub_I_SysTick_Handler
                0x00000000080049f4       0x1c ../../libDaisy//build/libdaisy.a(system.o)
 .text.SystemInit
                0x0000000008004a10       0x9c ../../libDaisy//build/libdaisy.a(system_stm32h7xx.o)
                0x0000000008004a10                SystemInit
 .text.HAL_PCD_SetupStageCallback
                0x0000000008004aac        0xc ../../libDaisy//build/libdaisy.a(usbd_conf.o)
                0x0000000008004aac                HAL_PCD_SetupStageCallback
 .text.HAL_PCD_DataOutStageCallback
                0x0000000008004ab8       0x14 ../../libDaisy//build/libdaisy.a(usbd_conf.o)
                0x0000000008004ab8                HAL_PCD_DataOutStageCallback
 .text.HAL_PCD_DataInStageCallback
                0x0000000008004acc       0x14 ../../libDaisy//build/libdaisy.a(usbd_conf.o)
                0x0000000008004acc                HAL_PCD_DataInStageCallback
 .text.HAL_PCD_SOFCallback
                0x0000000008004ae0        0x8 ../../libDaisy//build/libdaisy.a(usbd_conf.o)
                0x0000000008004ae0                HAL_PCD_SOFCallback
 .text.HAL_PCD_ResetCallback
                0x0000000008004ae8       0x24 ../../libDaisy//build/libdaisy.a(usbd_conf.o)
                0x0000000008004ae8                HAL_PCD_ResetCallback
 .text.HAL_PCD_SuspendCallback
                0x0000000008004b0c       0x30 ../../libDaisy//build/libdaisy.a(usbd_conf.o)
                0x0000000008004b0c                HAL_PCD_SuspendCallback
 .text.HAL_PCD_ResumeCallback
                0x0000000008004b3c        0x8 ../../libDaisy//build/libdaisy.a(usbd_conf.o)
                0x0000000008004b3c                HAL_PCD_ResumeCallback
 .text.HAL_PCD_ISOOUTIncompleteCallback
                0x0000000008004b44        0x8 ../../libDaisy//build/libdaisy.a(usbd_conf.o)
                0x0000000008004b44                HAL_PCD_ISOOUTIncompleteCallback
 .text.HAL_PCD_ISOINIncompleteCallback
                0x0000000008004b4c        0x8 ../../libDaisy//build/libdaisy.a(usbd_conf.o)
                0x0000000008004b4c                HAL_PCD_ISOINIncompleteCallback
 .text.HAL_PCD_ConnectCallback
                0x0000000008004b54        0x8 ../../libDaisy//build/libdaisy.a(usbd_conf.o)
                0x0000000008004b54                HAL_PCD_ConnectCallback
 .text.HAL_PCD_DisconnectCallback
                0x0000000008004b5c        0x8 ../../libDaisy//build/libdaisy.a(usbd_conf.o)
                0x0000000008004b5c                HAL_PCD_DisconnectCallback
 .text.USBD_LL_OpenEP
                0x0000000008004b64       0x24 ../../libDaisy//build/libdaisy.a(usbd_conf.o)
                0x0000000008004b64                USBD_LL_OpenEP
 .text.USBD_LL_StallEP
                0x0000000008004b88       0x1c ../../libDaisy//build/libdaisy.a(usbd_conf.o)
                0x0000000008004b88                USBD_LL_StallEP
 .text.USBD_LL_ClearStallEP
                0x0000000008004ba4       0x1c ../../libDaisy//build/libdaisy.a(usbd_conf.o)
                0x0000000008004ba4                USBD_LL_ClearStallEP
 .text.USBD_LL_IsStallEP
                0x0000000008004bc0       0x28 ../../libDaisy//build/libdaisy.a(usbd_conf.o)
                0x0000000008004bc0                USBD_LL_IsStallEP
 .text.USBD_LL_SetUSBAddress
                0x0000000008004be8       0x1c ../../libDaisy//build/libdaisy.a(usbd_conf.o)
                0x0000000008004be8                USBD_LL_SetUSBAddress
 .text.USBD_LL_Transmit
                0x0000000008004c04       0x1c ../../libDaisy//build/libdaisy.a(usbd_conf.o)
                0x0000000008004c04                USBD_LL_Transmit
 .text.USBD_LL_PrepareReceive
                0x0000000008004c20       0x1c ../../libDaisy//build/libdaisy.a(usbd_conf.o)
                0x0000000008004c20                USBD_LL_PrepareReceive
 .text.HAL_HCD_SOF_Callback
                0x0000000008004c3c        0x8 ../../libDaisy//build/libdaisy.a(usbh_conf.o)
                0x0000000008004c3c                HAL_HCD_SOF_Callback
 .text.HAL_HCD_Connect_Callback
                0x0000000008004c44        0x8 ../../libDaisy//build/libdaisy.a(usbh_conf.o)
                0x0000000008004c44                HAL_HCD_Connect_Callback
 .text.HAL_HCD_Disconnect_Callback
                0x0000000008004c4c        0x8 ../../libDaisy//build/libdaisy.a(usbh_conf.o)
                0x0000000008004c4c                HAL_HCD_Disconnect_Callback
 .text.HAL_HCD_HC_NotifyURBChange_Callback
                0x0000000008004c54        0x4 ../../libDaisy//build/libdaisy.a(usbh_conf.o)
                0x0000000008004c54                HAL_HCD_HC_NotifyURBChange_Callback
 .text.HAL_HCD_PortEnabled_Callback
                0x0000000008004c58        0x8 ../../libDaisy//build/libdaisy.a(usbh_conf.o)
                0x0000000008004c58                HAL_HCD_PortEnabled_Callback
 .text.HAL_HCD_PortDisabled_Callback
                0x0000000008004c60        0x8 ../../libDaisy//build/libdaisy.a(usbh_conf.o)
                0x0000000008004c60                HAL_HCD_PortDisabled_Callback
 .text.USBH_LL_Stop
                0x0000000008004c68       0x1c ../../libDaisy//build/libdaisy.a(usbh_conf.o)
                0x0000000008004c68                USBH_LL_Stop
 .text.dsy_hal_map_get_port
                0x0000000008004c84       0x10 ../../libDaisy//build/libdaisy.a(hal_map.o)
                0x0000000008004c84                dsy_hal_map_get_port
 .text.dsy_hal_map_get_pin
                0x0000000008004c94       0x10 ../../libDaisy//build/libdaisy.a(hal_map.o)
                0x0000000008004c94                dsy_hal_map_get_pin
 .text.dsy_hal_map_gpio_clk_enable
                0x0000000008004ca4      0x150 ../../libDaisy//build/libdaisy.a(hal_map.o)
                0x0000000008004ca4                dsy_hal_map_gpio_clk_enable
 .text.HAL_MspInit
                0x0000000008004df4        0x4 ../../libDaisy//build/libdaisy.a(stm32h7xx_hal.o)
                0x0000000008004df4                HAL_MspInit
 .text.HAL_InitTick
                0x0000000008004df8       0x4c ../../libDaisy//build/libdaisy.a(stm32h7xx_hal.o)
                0x0000000008004df8                HAL_InitTick
 .text.HAL_Init
                0x0000000008004e44       0x60 ../../libDaisy//build/libdaisy.a(stm32h7xx_hal.o)
                0x0000000008004e44                HAL_Init
 .text.HAL_IncTick
                0x0000000008004ea4       0x18 ../../libDaisy//build/libdaisy.a(stm32h7xx_hal.o)
                0x0000000008004ea4                HAL_IncTick
 .text.HAL_GetTick
                0x0000000008004ebc        0xc ../../libDaisy//build/libdaisy.a(stm32h7xx_hal.o)
                0x0000000008004ebc                HAL_GetTick
 .text.HAL_Delay
                0x0000000008004ec8       0x24 ../../libDaisy//build/libdaisy.a(stm32h7xx_hal.o)
                0x0000000008004ec8                HAL_Delay
 .text.HAL_GetREVID
                0x0000000008004eec        0xc ../../libDaisy//build/libdaisy.a(stm32h7xx_hal.o)
                0x0000000008004eec                HAL_GetREVID
 .text.HAL_ADC_ConvHalfCpltCallback
                0x0000000008004ef8        0x4 ../../libDaisy//build/libdaisy.a(stm32h7xx_hal_adc.o)
                0x0000000008004ef8                HAL_ADC_ConvHalfCpltCallback
 .text.ADC_DMAHalfConvCplt
                0x0000000008004efc        0xc ../../libDaisy//build/libdaisy.a(stm32h7xx_hal_adc.o)
                0x0000000008004efc                ADC_DMAHalfConvCplt
 .text.ADC_DMAConvCplt
                0x0000000008004f08       0x6c ../../libDaisy//build/libdaisy.a(stm32h7xx_hal_adc.o)
                0x0000000008004f08                ADC_DMAConvCplt
 .text.ADC_DMAError
                0x0000000008004f74       0x1c ../../libDaisy//build/libdaisy.a(stm32h7xx_hal_adc.o)
                0x0000000008004f74                ADC_DMAError
 .text.HAL_ADC_ConfigChannel
                0x0000000008004f90      0x3fc ../../libDaisy//build/libdaisy.a(stm32h7xx_hal_adc.o)
                0x0000000008004f90                HAL_ADC_ConfigChannel
 .text.ADC_Enable
                0x000000000800538c       0xac ../../libDaisy//build/libdaisy.a(stm32h7xx_hal_adc.o)
                0x000000000800538c                ADC_Enable
 .text.HAL_ADC_Start_DMA
                0x0000000008005438      0x114 ../../libDaisy//build/libdaisy.a(stm32h7xx_hal_adc.o)
                0x0000000008005438                HAL_ADC_Start_DMA
 .text.ADC_Disable
                0x000000000800554c       0x68 ../../libDaisy//build/libdaisy.a(stm32h7xx_hal_adc.o)
                0x000000000800554c                ADC_Disable
 .text.ADC_ConfigureBoostMode
                0x00000000080055b4      0x184 ../../libDaisy//build/libdaisy.a(stm32h7xx_hal_adc.o)
                0x00000000080055b4                ADC_ConfigureBoostMode
 .text.HAL_ADC_Init
                0x0000000008005738      0x218 ../../libDaisy//build/libdaisy.a(stm32h7xx_hal_adc.o)
                0x0000000008005738                HAL_ADC_Init
 .text.HAL_ADCEx_Calibration_Start
                0x0000000008005950       0xa4 ../../libDaisy//build/libdaisy.a(stm32h7xx_hal_adc_ex.o)
                0x0000000008005950                HAL_ADCEx_Calibration_Start
 .text.HAL_ADCEx_MultiModeConfigChannel
                0x00000000080059f4       0xc4 ../../libDaisy//build/libdaisy.a(stm32h7xx_hal_adc_ex.o)
                0x00000000080059f4                HAL_ADCEx_MultiModeConfigChannel
 .text.HAL_NVIC_SetPriorityGrouping
                0x0000000008005ab8       0x24 ../../libDaisy//build/libdaisy.a(stm32h7xx_hal_cortex.o)
                0x0000000008005ab8                HAL_NVIC_SetPriorityGrouping
 .text.HAL_NVIC_SetPriority
                0x0000000008005adc       0x7c ../../libDaisy//build/libdaisy.a(stm32h7xx_hal_cortex.o)
                0x0000000008005adc                HAL_NVIC_SetPriority
 .text.HAL_NVIC_EnableIRQ
                0x0000000008005b58       0x1c ../../libDaisy//build/libdaisy.a(stm32h7xx_hal_cortex.o)
                0x0000000008005b58                HAL_NVIC_EnableIRQ
 .text.HAL_NVIC_DisableIRQ
                0x0000000008005b74       0x28 ../../libDaisy//build/libdaisy.a(stm32h7xx_hal_cortex.o)
                0x0000000008005b74                HAL_NVIC_DisableIRQ
 .text.HAL_SYSTICK_Config
                0x0000000008005b9c       0x2c ../../libDaisy//build/libdaisy.a(stm32h7xx_hal_cortex.o)
                0x0000000008005b9c                HAL_SYSTICK_Config
 .text.HAL_MPU_Disable
                0x0000000008005bc8       0x1c ../../libDaisy//build/libdaisy.a(stm32h7xx_hal_cortex.o)
                0x0000000008005bc8                HAL_MPU_Disable
 .text.HAL_MPU_Enable
                0x0000000008005be4       0x20 ../../libDaisy//build/libdaisy.a(stm32h7xx_hal_cortex.o)
                0x0000000008005be4                HAL_MPU_Enable
 .text.HAL_MPU_ConfigRegion
                0x0000000008005c04       0x64 ../../libDaisy//build/libdaisy.a(stm32h7xx_hal_cortex.o)
                0x0000000008005c04                HAL_MPU_ConfigRegion
 .text.HAL_SYSTICK_Callback
                0x0000000008005c68        0x4 ../../libDaisy//build/libdaisy.a(stm32h7xx_hal_cortex.o)
                0x0000000008005c68                HAL_SYSTICK_Callback
 .text.HAL_SYSTICK_IRQHandler
                0x0000000008005c6c        0x8 ../../libDaisy//build/libdaisy.a(stm32h7xx_hal_cortex.o)
                0x0000000008005c6c                HAL_SYSTICK_IRQHandler
 .text.DMA_CalcBaseAndBitshift
                0x0000000008005c74       0xf4 ../../libDaisy//build/libdaisy.a(stm32h7xx_hal_dma.o)
 .text.DMA_CalcDMAMUXChannelBaseAndMask
                0x0000000008005d68       0xd8 ../../libDaisy//build/libdaisy.a(stm32h7xx_hal_dma.o)
 .text.HAL_DMA_Init
                0x0000000008005e40      0x37c ../../libDaisy//build/libdaisy.a(stm32h7xx_hal_dma.o)
                0x0000000008005e40                HAL_DMA_Init
 .text.HAL_DMA_Start_IT
                0x00000000080061bc      0x240 ../../libDaisy//build/libdaisy.a(stm32h7xx_hal_dma.o)
                0x00000000080061bc                HAL_DMA_Start_IT
 .text.HAL_DMA_Abort_IT
                0x00000000080063fc      0x134 ../../libDaisy//build/libdaisy.a(stm32h7xx_hal_dma.o)
                0x00000000080063fc                HAL_DMA_Abort_IT
 .text.HAL_DMA_IRQHandler
                0x0000000008006530      0x6a0 ../../libDaisy//build/libdaisy.a(stm32h7xx_hal_dma.o)
                0x0000000008006530                HAL_DMA_IRQHandler
 .text.HAL_DMA_GetError
                0x0000000008006bd0        0x4 ../../libDaisy//build/libdaisy.a(stm32h7xx_hal_dma.o)
                0x0000000008006bd0                HAL_DMA_GetError
 .text.HAL_GPIO_Init
                0x0000000008006bd4      0x280 ../../libDaisy//build/libdaisy.a(stm32h7xx_hal_gpio.o)
                0x0000000008006bd4                HAL_GPIO_Init
 .text.HAL_GPIO_DeInit
                0x0000000008006e54      0x190 ../../libDaisy//build/libdaisy.a(stm32h7xx_hal_gpio.o)
                0x0000000008006e54                HAL_GPIO_DeInit
 .text.HAL_GPIO_ReadPin
                0x0000000008006fe4        0xc ../../libDaisy//build/libdaisy.a(stm32h7xx_hal_gpio.o)
                0x0000000008006fe4                HAL_GPIO_ReadPin
 .text.HAL_GPIO_WritePin
                0x0000000008006ff0        0x8 ../../libDaisy//build/libdaisy.a(stm32h7xx_hal_gpio.o)
                0x0000000008006ff0                HAL_GPIO_WritePin
 .text.HAL_HCD_IRQHandler
                0x0000000008006ff8      0x780 ../../libDaisy//build/libdaisy.a(stm32h7xx_hal_hcd.o)
                0x0000000008006ff8                HAL_HCD_IRQHandler
 .text.HAL_HCD_Stop
                0x0000000008007778       0x28 ../../libDaisy//build/libdaisy.a(stm32h7xx_hal_hcd.o)
                0x0000000008007778                HAL_HCD_Stop
 .text.I2C_WaitOnTXISFlagUntilTimeout
                0x00000000080077a0       0xb8 ../../libDaisy//build/libdaisy.a(stm32h7xx_hal_i2c.o)
 .text.I2C_WaitOnSTOPFlagUntilTimeout
                0x0000000008007858       0xac ../../libDaisy//build/libdaisy.a(stm32h7xx_hal_i2c.o)
 .text.HAL_I2C_Init
                0x0000000008007904       0xac ../../libDaisy//build/libdaisy.a(stm32h7xx_hal_i2c.o)
                0x0000000008007904                HAL_I2C_Init
 .text.HAL_I2C_Master_Transmit
                0x00000000080079b0      0x1a8 ../../libDaisy//build/libdaisy.a(stm32h7xx_hal_i2c.o)
                0x00000000080079b0                HAL_I2C_Master_Transmit
 .text.HAL_I2C_Slave_Transmit
                0x0000000008007b58      0x1c8 ../../libDaisy//build/libdaisy.a(stm32h7xx_hal_i2c.o)
                0x0000000008007b58                HAL_I2C_Slave_Transmit
 .text.HAL_I2C_Master_Transmit_DMA
                0x0000000008007d20      0x174 ../../libDaisy//build/libdaisy.a(stm32h7xx_hal_i2c.o)
                0x0000000008007d20                HAL_I2C_Master_Transmit_DMA
 .text.HAL_I2C_Master_Receive_DMA
                0x0000000008007e94      0x170 ../../libDaisy//build/libdaisy.a(stm32h7xx_hal_i2c.o)
                0x0000000008007e94                HAL_I2C_Master_Receive_DMA
 .text.HAL_I2C_Slave_Transmit_DMA
                0x0000000008008004       0xd8 ../../libDaisy//build/libdaisy.a(stm32h7xx_hal_i2c.o)
                0x0000000008008004                HAL_I2C_Slave_Transmit_DMA
 .text.HAL_I2C_Slave_Receive_DMA
                0x00000000080080dc       0xdc ../../libDaisy//build/libdaisy.a(stm32h7xx_hal_i2c.o)
                0x00000000080080dc                HAL_I2C_Slave_Receive_DMA
 .text.HAL_I2C_EV_IRQHandler
                0x00000000080081b8       0x10 ../../libDaisy//build/libdaisy.a(stm32h7xx_hal_i2c.o)
                0x00000000080081b8                HAL_I2C_EV_IRQHandler
 .text.I2C_DMASlaveTransmitCplt
                0x00000000080081c8       0x90 ../../libDaisy//build/libdaisy.a(stm32h7xx_hal_i2c.o)
 .text.I2C_DMASlaveReceiveCplt
                0x0000000008008258       0x94 ../../libDaisy//build/libdaisy.a(stm32h7xx_hal_i2c.o)
 .text.HAL_I2C_AddrCallback
                0x00000000080082ec        0x4 ../../libDaisy//build/libdaisy.a(stm32h7xx_hal_i2c.o)
                0x00000000080082ec                HAL_I2C_AddrCallback
 .text.I2C_ITAddrCplt.part.0
                0x00000000080082f0       0x64 ../../libDaisy//build/libdaisy.a(stm32h7xx_hal_i2c.o)
 .text.HAL_I2C_ListenCpltCallback
                0x0000000008008354        0x4 ../../libDaisy//build/libdaisy.a(stm32h7xx_hal_i2c.o)
                0x0000000008008354                HAL_I2C_ListenCpltCallback
 .text.HAL_I2C_MemTxCpltCallback
                0x0000000008008358        0x4 ../../libDaisy//build/libdaisy.a(stm32h7xx_hal_i2c.o)
                0x0000000008008358                HAL_I2C_MemTxCpltCallback
 .text.HAL_I2C_MemRxCpltCallback
                0x000000000800835c        0x4 ../../libDaisy//build/libdaisy.a(stm32h7xx_hal_i2c.o)
                0x000000000800835c                HAL_I2C_MemRxCpltCallback
 .text.HAL_I2C_AbortCpltCallback
                0x0000000008008360        0x4 ../../libDaisy//build/libdaisy.a(stm32h7xx_hal_i2c.o)
                0x0000000008008360                HAL_I2C_AbortCpltCallback
 .text.I2C_ITError
                0x0000000008008364      0x114 ../../libDaisy//build/libdaisy.a(stm32h7xx_hal_i2c.o)
 .text.I2C_ITSlaveCplt
                0x0000000008008478      0x1d8 ../../libDaisy//build/libdaisy.a(stm32h7xx_hal_i2c.o)
 .text.I2C_Slave_ISR_IT
                0x0000000008008650      0x324 ../../libDaisy//build/libdaisy.a(stm32h7xx_hal_i2c.o)
 .text.I2C_ITMasterCplt
                0x0000000008008974       0xe8 ../../libDaisy//build/libdaisy.a(stm32h7xx_hal_i2c.o)
 .text.I2C_Master_ISR_IT
                0x0000000008008a5c      0x1f4 ../../libDaisy//build/libdaisy.a(stm32h7xx_hal_i2c.o)
 .text.I2C_Slave_ISR_DMA
                0x0000000008008c50      0x1e4 ../../libDaisy//build/libdaisy.a(stm32h7xx_hal_i2c.o)
 .text.I2C_Master_ISR_DMA
                0x0000000008008e34      0x22c ../../libDaisy//build/libdaisy.a(stm32h7xx_hal_i2c.o)
 .text.I2C_DMAError
                0x0000000008009060       0x48 ../../libDaisy//build/libdaisy.a(stm32h7xx_hal_i2c.o)
 .text.I2C_DMAMasterTransmitCplt
                0x00000000080090a8       0x90 ../../libDaisy//build/libdaisy.a(stm32h7xx_hal_i2c.o)
 .text.I2C_DMAMasterReceiveCplt
                0x0000000008009138       0x8c ../../libDaisy//build/libdaisy.a(stm32h7xx_hal_i2c.o)
 .text.I2C_DMAAbort
                0x00000000080091c4       0x28 ../../libDaisy//build/libdaisy.a(stm32h7xx_hal_i2c.o)
 .text.HAL_I2C_GetState
                0x00000000080091ec        0x8 ../../libDaisy//build/libdaisy.a(stm32h7xx_hal_i2c.o)
                0x00000000080091ec                HAL_I2C_GetState
 .text.HAL_I2CEx_ConfigAnalogFilter
                0x00000000080091f4       0x54 ../../libDaisy//build/libdaisy.a(stm32h7xx_hal_i2c_ex.o)
                0x00000000080091f4                HAL_I2CEx_ConfigAnalogFilter
 .text.HAL_I2CEx_ConfigDigitalFilter
                0x0000000008009248       0x58 ../../libDaisy//build/libdaisy.a(stm32h7xx_hal_i2c_ex.o)
                0x0000000008009248                HAL_I2CEx_ConfigDigitalFilter
 .text.HAL_PCD_IRQHandler
                0x00000000080092a0      0x69c ../../libDaisy//build/libdaisy.a(stm32h7xx_hal_pcd.o)
                0x00000000080092a0                HAL_PCD_IRQHandler
 .text.HAL_PCD_SetAddress
                0x000000000800993c       0x2c ../../libDaisy//build/libdaisy.a(stm32h7xx_hal_pcd.o)
                0x000000000800993c                HAL_PCD_SetAddress
 .text.HAL_PCD_EP_Open
                0x0000000008009968       0x7c ../../libDaisy//build/libdaisy.a(stm32h7xx_hal_pcd.o)
                0x0000000008009968                HAL_PCD_EP_Open
 .text.HAL_PCD_EP_Receive
                0x00000000080099e4       0x50 ../../libDaisy//build/libdaisy.a(stm32h7xx_hal_pcd.o)
                0x00000000080099e4                HAL_PCD_EP_Receive
 .text.HAL_PCD_EP_Transmit
                0x0000000008009a34       0x50 ../../libDaisy//build/libdaisy.a(stm32h7xx_hal_pcd.o)
                0x0000000008009a34                HAL_PCD_EP_Transmit
 .text.HAL_PCD_EP_SetStall
                0x0000000008009a84       0x88 ../../libDaisy//build/libdaisy.a(stm32h7xx_hal_pcd.o)
                0x0000000008009a84                HAL_PCD_EP_SetStall
 .text.HAL_PCD_EP_ClrStall
                0x0000000008009b0c       0x78 ../../libDaisy//build/libdaisy.a(stm32h7xx_hal_pcd.o)
                0x0000000008009b0c                HAL_PCD_EP_ClrStall
 .text.HAL_PCDEx_LPM_Callback
                0x0000000008009b84        0x4 ../../libDaisy//build/libdaisy.a(stm32h7xx_hal_pcd_ex.o)
                0x0000000008009b84                HAL_PCDEx_LPM_Callback
 .text.HAL_PWREx_ConfigSupply
                0x0000000008009b88       0x4c ../../libDaisy//build/libdaisy.a(stm32h7xx_hal_pwr_ex.o)
                0x0000000008009b88                HAL_PWREx_ConfigSupply
 .text.HAL_PWREx_EnableUSBVoltageDetector
                0x0000000008009bd4       0x10 ../../libDaisy//build/libdaisy.a(stm32h7xx_hal_pwr_ex.o)
                0x0000000008009bd4                HAL_PWREx_EnableUSBVoltageDetector
 .text.QSPI_Config
                0x0000000008009be4      0x174 ../../libDaisy//build/libdaisy.a(stm32h7xx_hal_qspi.o)
 .text.HAL_QSPI_Init
                0x0000000008009d58       0xd8 ../../libDaisy//build/libdaisy.a(stm32h7xx_hal_qspi.o)
                0x0000000008009d58                HAL_QSPI_Init
 .text.HAL_QSPI_DeInit
                0x0000000008009e30       0x3c ../../libDaisy//build/libdaisy.a(stm32h7xx_hal_qspi.o)
                0x0000000008009e30                HAL_QSPI_DeInit
 .text.HAL_QSPI_Command
                0x0000000008009e6c       0xd4 ../../libDaisy//build/libdaisy.a(stm32h7xx_hal_qspi.o)
                0x0000000008009e6c                HAL_QSPI_Command
 .text.HAL_QSPI_Transmit
                0x0000000008009f40       0xfc ../../libDaisy//build/libdaisy.a(stm32h7xx_hal_qspi.o)
                0x0000000008009f40                HAL_QSPI_Transmit
 .text.HAL_QSPI_Receive
                0x000000000800a03c      0x108 ../../libDaisy//build/libdaisy.a(stm32h7xx_hal_qspi.o)
                0x000000000800a03c                HAL_QSPI_Receive
 .text.HAL_QSPI_AutoPolling
                0x000000000800a144       0xf0 ../../libDaisy//build/libdaisy.a(stm32h7xx_hal_qspi.o)
                0x000000000800a144                HAL_QSPI_AutoPolling
 .text.HAL_QSPI_MemoryMapped
                0x000000000800a234       0xc0 ../../libDaisy//build/libdaisy.a(stm32h7xx_hal_qspi.o)
                0x000000000800a234                HAL_QSPI_MemoryMapped
 .text.HAL_QSPI_ErrorCallback
                0x000000000800a2f4        0x4 ../../libDaisy//build/libdaisy.a(stm32h7xx_hal_qspi.o)
                0x000000000800a2f4                HAL_QSPI_ErrorCallback
 .text.QSPI_DMAAbortCplt
                0x000000000800a2f8       0x38 ../../libDaisy//build/libdaisy.a(stm32h7xx_hal_qspi.o)
 .text.HAL_QSPI_AbortCpltCallback
                0x000000000800a330        0x4 ../../libDaisy//build/libdaisy.a(stm32h7xx_hal_qspi.o)
                0x000000000800a330                HAL_QSPI_AbortCpltCallback
 .text.HAL_QSPI_CmdCpltCallback
                0x000000000800a334        0x4 ../../libDaisy//build/libdaisy.a(stm32h7xx_hal_qspi.o)
                0x000000000800a334                HAL_QSPI_CmdCpltCallback
 .text.HAL_QSPI_RxCpltCallback
                0x000000000800a338        0x4 ../../libDaisy//build/libdaisy.a(stm32h7xx_hal_qspi.o)
                0x000000000800a338                HAL_QSPI_RxCpltCallback
 .text.HAL_QSPI_TxCpltCallback
                0x000000000800a33c        0x4 ../../libDaisy//build/libdaisy.a(stm32h7xx_hal_qspi.o)
                0x000000000800a33c                HAL_QSPI_TxCpltCallback
 .text.HAL_QSPI_FifoThresholdCallback
                0x000000000800a340        0x4 ../../libDaisy//build/libdaisy.a(stm32h7xx_hal_qspi.o)
                0x000000000800a340                HAL_QSPI_FifoThresholdCallback
 .text.HAL_QSPI_StatusMatchCallback
                0x000000000800a344        0x4 ../../libDaisy//build/libdaisy.a(stm32h7xx_hal_qspi.o)
                0x000000000800a344                HAL_QSPI_StatusMatchCallback
 .text.HAL_QSPI_TimeOutCallback
                0x000000000800a348        0x4 ../../libDaisy//build/libdaisy.a(stm32h7xx_hal_qspi.o)
                0x000000000800a348                HAL_QSPI_TimeOutCallback
 .text.HAL_QSPI_IRQHandler
                0x000000000800a34c      0x210 ../../libDaisy//build/libdaisy.a(stm32h7xx_hal_qspi.o)
                0x000000000800a34c                HAL_QSPI_IRQHandler
 .text.HAL_RCC_OscConfig
                0x000000000800a55c      0x51c ../../libDaisy//build/libdaisy.a(stm32h7xx_hal_rcc.o)
                0x000000000800a55c                HAL_RCC_OscConfig
 .text.HAL_RCC_GetSysClockFreq
                0x000000000800aa78      0x140 ../../libDaisy//build/libdaisy.a(stm32h7xx_hal_rcc.o)
                0x000000000800aa78                HAL_RCC_GetSysClockFreq
 .text.HAL_RCC_ClockConfig
                0x000000000800abb8      0x234 ../../libDaisy//build/libdaisy.a(stm32h7xx_hal_rcc.o)
                0x000000000800abb8                HAL_RCC_ClockConfig
 .text.HAL_RCC_GetHCLKFreq
                0x000000000800adec       0x2c ../../libDaisy//build/libdaisy.a(stm32h7xx_hal_rcc.o)
                0x000000000800adec                HAL_RCC_GetHCLKFreq
 .text.HAL_RCC_GetPCLK1Freq
                0x000000000800ae18       0x38 ../../libDaisy//build/libdaisy.a(stm32h7xx_hal_rcc.o)
                0x000000000800ae18                HAL_RCC_GetPCLK1Freq
 .text.HAL_RCC_GetPCLK2Freq
                0x000000000800ae50       0x38 ../../libDaisy//build/libdaisy.a(stm32h7xx_hal_rcc.o)
                0x000000000800ae50                HAL_RCC_GetPCLK2Freq
 .text.RCCEx_PLL2_Config
                0x000000000800ae88       0xf4 ../../libDaisy//build/libdaisy.a(stm32h7xx_hal_rcc_ex.o)
 .text.RCCEx_PLL3_Config
                0x000000000800af7c       0xf4 ../../libDaisy//build/libdaisy.a(stm32h7xx_hal_rcc_ex.o)
 .text.HAL_RCCEx_PeriphCLKConfig
                0x000000000800b070      0xa7c ../../libDaisy//build/libdaisy.a(stm32h7xx_hal_rcc_ex.o)
                0x000000000800b070                HAL_RCCEx_PeriphCLKConfig
 .text.HAL_RCCEx_GetD3PCLK1Freq
                0x000000000800baec       0x24 ../../libDaisy//build/libdaisy.a(stm32h7xx_hal_rcc_ex.o)
                0x000000000800baec                HAL_RCCEx_GetD3PCLK1Freq
 .text.HAL_RCCEx_GetPLL2ClockFreq
                0x000000000800bb10      0x17c ../../libDaisy//build/libdaisy.a(stm32h7xx_hal_rcc_ex.o)
                0x000000000800bb10                HAL_RCCEx_GetPLL2ClockFreq
 .text.HAL_RCCEx_GetPLL3ClockFreq
                0x000000000800bc8c      0x17c ../../libDaisy//build/libdaisy.a(stm32h7xx_hal_rcc_ex.o)
                0x000000000800bc8c                HAL_RCCEx_GetPLL3ClockFreq
 .text.HAL_RCCEx_GetPLL1ClockFreq
                0x000000000800be08      0x17c ../../libDaisy//build/libdaisy.a(stm32h7xx_hal_rcc_ex.o)
                0x000000000800be08                HAL_RCCEx_GetPLL1ClockFreq
 .text.HAL_RCCEx_GetPeriphCLKFreq
                0x000000000800bf84      0x198 ../../libDaisy//build/libdaisy.a(stm32h7xx_hal_rcc_ex.o)
                0x000000000800bf84                HAL_RCCEx_GetPeriphCLKFreq
 .text.HAL_RCCEx_GetD1SysClockFreq
                0x000000000800c11c       0x2c ../../libDaisy//build/libdaisy.a(stm32h7xx_hal_rcc_ex.o)
                0x000000000800c11c                HAL_RCCEx_GetD1SysClockFreq
 .text.HAL_SAI_Init.part.0
                0x000000000800c148      0x348 ../../libDaisy//build/libdaisy.a(stm32h7xx_hal_sai.o)
 .text.HAL_SAI_InitProtocol
                0x000000000800c490      0x178 ../../libDaisy//build/libdaisy.a(stm32h7xx_hal_sai.o)
                0x000000000800c490                HAL_SAI_InitProtocol
 .text.HAL_SAI_Transmit_DMA
                0x000000000800c608      0x124 ../../libDaisy//build/libdaisy.a(stm32h7xx_hal_sai.o)
                0x000000000800c608                HAL_SAI_Transmit_DMA
 .text.HAL_SAI_Receive_DMA
                0x000000000800c72c       0xd0 ../../libDaisy//build/libdaisy.a(stm32h7xx_hal_sai.o)
                0x000000000800c72c                HAL_SAI_Receive_DMA
 .text.HAL_SAI_TxCpltCallback
                0x000000000800c7fc        0x4 ../../libDaisy//build/libdaisy.a(stm32h7xx_hal_sai.o)
                0x000000000800c7fc                HAL_SAI_TxCpltCallback
 .text.SAI_DMATxCplt
                0x000000000800c800       0x64 ../../libDaisy//build/libdaisy.a(stm32h7xx_hal_sai.o)
 .text.HAL_SAI_TxHalfCpltCallback
                0x000000000800c864        0x4 ../../libDaisy//build/libdaisy.a(stm32h7xx_hal_sai.o)
                0x000000000800c864                HAL_SAI_TxHalfCpltCallback
 .text.SAI_DMATxHalfCplt
                0x000000000800c868        0xc ../../libDaisy//build/libdaisy.a(stm32h7xx_hal_sai.o)
 .text.SAI_DMARxCplt
                0x000000000800c874       0x64 ../../libDaisy//build/libdaisy.a(stm32h7xx_hal_sai.o)
 .text.SAI_DMARxHalfCplt
                0x000000000800c8d8        0xc ../../libDaisy//build/libdaisy.a(stm32h7xx_hal_sai.o)
 .text.HAL_SAI_ErrorCallback
                0x000000000800c8e4        0x4 ../../libDaisy//build/libdaisy.a(stm32h7xx_hal_sai.o)
                0x000000000800c8e4                HAL_SAI_ErrorCallback
 .text.SAI_DMAError
                0x000000000800c8e8       0x6c ../../libDaisy//build/libdaisy.a(stm32h7xx_hal_sai.o)
 .text.HAL_SDRAM_Init
                0x000000000800c954       0x54 ../../libDaisy//build/libdaisy.a(stm32h7xx_hal_sdram.o)
                0x000000000800c954                HAL_SDRAM_Init
 .text.HAL_SDRAM_SendCommand
                0x000000000800c9a8       0x40 ../../libDaisy//build/libdaisy.a(stm32h7xx_hal_sdram.o)
                0x000000000800c9a8                HAL_SDRAM_SendCommand
 .text.HAL_SDRAM_ProgramRefreshRate
                0x000000000800c9e8       0x30 ../../libDaisy//build/libdaisy.a(stm32h7xx_hal_sdram.o)
                0x000000000800c9e8                HAL_SDRAM_ProgramRefreshRate
 .text.FMC_SDRAM_Init
                0x000000000800ca18       0x7c ../../libDaisy//build/libdaisy.a(stm32h7xx_ll_fmc.o)
                0x000000000800ca18                FMC_SDRAM_Init
 .text.FMC_SDRAM_Timing_Init
                0x000000000800ca94       0x98 ../../libDaisy//build/libdaisy.a(stm32h7xx_ll_fmc.o)
                0x000000000800ca94                FMC_SDRAM_Timing_Init
 .text.FMC_SDRAM_SendCommand
                0x000000000800cb2c       0x28 ../../libDaisy//build/libdaisy.a(stm32h7xx_ll_fmc.o)
                0x000000000800cb2c                FMC_SDRAM_SendCommand
 .text.FMC_SDRAM_ProgramRefreshRate
                0x000000000800cb54       0x1c ../../libDaisy//build/libdaisy.a(stm32h7xx_ll_fmc.o)
                0x000000000800cb54                FMC_SDRAM_ProgramRefreshRate
 .text.USB_SetTurnaroundTime
                0x000000000800cb70      0x104 ../../libDaisy//build/libdaisy.a(stm32h7xx_ll_usb.o)
                0x000000000800cb70                USB_SetTurnaroundTime
 .text.USB_FlushTxFifo
                0x000000000800cc74       0x34 ../../libDaisy//build/libdaisy.a(stm32h7xx_ll_usb.o)
                0x000000000800cc74                USB_FlushTxFifo
 .text.USB_GetDevSpeed
                0x000000000800cca8       0x24 ../../libDaisy//build/libdaisy.a(stm32h7xx_ll_usb.o)
                0x000000000800cca8                USB_GetDevSpeed
 .text.USB_ActivateEndpoint
                0x000000000800cccc       0x90 ../../libDaisy//build/libdaisy.a(stm32h7xx_ll_usb.o)
                0x000000000800cccc                USB_ActivateEndpoint
 .text.USB_EPStartXfer
                0x000000000800cd5c      0x230 ../../libDaisy//build/libdaisy.a(stm32h7xx_ll_usb.o)
                0x000000000800cd5c                USB_EPStartXfer
 .text.USB_EP0StartXfer
                0x000000000800cf8c      0x174 ../../libDaisy//build/libdaisy.a(stm32h7xx_ll_usb.o)
                0x000000000800cf8c                USB_EP0StartXfer
 .text.USB_WritePacket
                0x000000000800d100       0x2c ../../libDaisy//build/libdaisy.a(stm32h7xx_ll_usb.o)
                0x000000000800d100                USB_WritePacket
 .text.USB_ReadPacket
                0x000000000800d12c       0x20 ../../libDaisy//build/libdaisy.a(stm32h7xx_ll_usb.o)
                0x000000000800d12c                USB_ReadPacket
 .text.USB_EPSetStall
                0x000000000800d14c       0x68 ../../libDaisy//build/libdaisy.a(stm32h7xx_ll_usb.o)
                0x000000000800d14c                USB_EPSetStall
 .text.USB_EPClearStall
                0x000000000800d1b4       0x58 ../../libDaisy//build/libdaisy.a(stm32h7xx_ll_usb.o)
                0x000000000800d1b4                USB_EPClearStall
 .text.USB_SetDevAddress
                0x000000000800d20c       0x24 ../../libDaisy//build/libdaisy.a(stm32h7xx_ll_usb.o)
                0x000000000800d20c                USB_SetDevAddress
 .text.USB_ReadInterrupts
                0x000000000800d230       0x14 ../../libDaisy//build/libdaisy.a(stm32h7xx_ll_usb.o)
                0x000000000800d230                USB_ReadInterrupts
 .text.USB_ReadDevAllOutEpInterrupt
                0x000000000800d244       0x1c ../../libDaisy//build/libdaisy.a(stm32h7xx_ll_usb.o)
                0x000000000800d244                USB_ReadDevAllOutEpInterrupt
 .text.USB_ReadDevAllInEpInterrupt
                0x000000000800d260       0x1c ../../libDaisy//build/libdaisy.a(stm32h7xx_ll_usb.o)
                0x000000000800d260                USB_ReadDevAllInEpInterrupt
 .text.USB_ReadDevOutEPInterrupt
                0x000000000800d27c       0x1c ../../libDaisy//build/libdaisy.a(stm32h7xx_ll_usb.o)
                0x000000000800d27c                USB_ReadDevOutEPInterrupt
 .text.USB_ReadDevInEPInterrupt
                0x000000000800d298       0x38 ../../libDaisy//build/libdaisy.a(stm32h7xx_ll_usb.o)
                0x000000000800d298                USB_ReadDevInEPInterrupt
 .text.USB_GetMode
                0x000000000800d2d0        0x8 ../../libDaisy//build/libdaisy.a(stm32h7xx_ll_usb.o)
                0x000000000800d2d0                USB_GetMode
 .text.USB_ActivateSetup
                0x000000000800d2d8       0x38 ../../libDaisy//build/libdaisy.a(stm32h7xx_ll_usb.o)
                0x000000000800d2d8                USB_ActivateSetup
 .text.USB_EP0_OutStart
                0x000000000800d310       0x58 ../../libDaisy//build/libdaisy.a(stm32h7xx_ll_usb.o)
                0x000000000800d310                USB_EP0_OutStart
 .text.USB_InitFSLSPClkSel
                0x000000000800d368       0x44 ../../libDaisy//build/libdaisy.a(stm32h7xx_ll_usb.o)
                0x000000000800d368                USB_InitFSLSPClkSel
 .text.USB_HC_ReadInterrupt
                0x000000000800d3ac        0x8 ../../libDaisy//build/libdaisy.a(stm32h7xx_ll_usb.o)
                0x000000000800d3ac                USB_HC_ReadInterrupt
 .text.USB_HC_Halt
                0x000000000800d3b4       0xc0 ../../libDaisy//build/libdaisy.a(stm32h7xx_ll_usb.o)
                0x000000000800d3b4                USB_HC_Halt
 .text.USB_StopHost
                0x000000000800d474      0x2ec ../../libDaisy//build/libdaisy.a(stm32h7xx_ll_usb.o)
                0x000000000800d474                USB_StopHost
 .text.USBD_SetClassConfig
                0x000000000800d760       0x14 ../../libDaisy//build/libdaisy.a(usbd_core.o)
                0x000000000800d760                USBD_SetClassConfig
 .text.USBD_ClrClassConfig
                0x000000000800d774       0x10 ../../libDaisy//build/libdaisy.a(usbd_core.o)
                0x000000000800d774                USBD_ClrClassConfig
 .text.USBD_LL_SetupStage
                0x000000000800d784       0x5c ../../libDaisy//build/libdaisy.a(usbd_core.o)
                0x000000000800d784                USBD_LL_SetupStage
 .text.USBD_LL_DataOutStage
                0x000000000800d7e0       0x7c ../../libDaisy//build/libdaisy.a(usbd_core.o)
                0x000000000800d7e0                USBD_LL_DataOutStage
 .text.USBD_LL_DataInStage
                0x000000000800d85c       0xcc ../../libDaisy//build/libdaisy.a(usbd_core.o)
                0x000000000800d85c                USBD_LL_DataInStage
 .text.USBD_LL_Reset
                0x000000000800d928       0x50 ../../libDaisy//build/libdaisy.a(usbd_core.o)
                0x000000000800d928                USBD_LL_Reset
 .text.USBD_LL_SetSpeed
                0x000000000800d978        0x8 ../../libDaisy//build/libdaisy.a(usbd_core.o)
                0x000000000800d978                USBD_LL_SetSpeed
 .text.USBD_LL_Suspend
                0x000000000800d980       0x14 ../../libDaisy//build/libdaisy.a(usbd_core.o)
                0x000000000800d980                USBD_LL_Suspend
 .text.USBD_LL_Resume
                0x000000000800d994       0x10 ../../libDaisy//build/libdaisy.a(usbd_core.o)
                0x000000000800d994                USBD_LL_Resume
 .text.USBD_LL_SOF
                0x000000000800d9a4       0x1c ../../libDaisy//build/libdaisy.a(usbd_core.o)
                0x000000000800d9a4                USBD_LL_SOF
 .text.USBD_LL_IsoINIncomplete
                0x000000000800d9c0        0x4 ../../libDaisy//build/libdaisy.a(usbd_core.o)
                0x000000000800d9c0                USBD_LL_IsoINIncomplete
 .text.USBD_LL_IsoOUTIncomplete
                0x000000000800d9c4        0x4 ../../libDaisy//build/libdaisy.a(usbd_core.o)
                0x000000000800d9c4                USBD_LL_IsoOUTIncomplete
 .text.USBD_LL_DevConnected
                0x000000000800d9c8        0x4 ../../libDaisy//build/libdaisy.a(usbd_core.o)
                0x000000000800d9c8                USBD_LL_DevConnected
 .text.USBD_LL_DevDisconnected
                0x000000000800d9cc       0x18 ../../libDaisy//build/libdaisy.a(usbd_core.o)
                0x000000000800d9cc                USBD_LL_DevDisconnected
 .text.USBD_StdDevReq
                0x000000000800d9e4      0x304 ../../libDaisy//build/libdaisy.a(usbd_ctlreq.o)
                0x000000000800d9e4                USBD_StdDevReq
 .text.USBD_StdItfReq
                0x000000000800dce8       0x68 ../../libDaisy//build/libdaisy.a(usbd_ctlreq.o)
                0x000000000800dce8                USBD_StdItfReq
 .text.USBD_StdEPReq
                0x000000000800dd50      0x13c ../../libDaisy//build/libdaisy.a(usbd_ctlreq.o)
                0x000000000800dd50                USBD_StdEPReq
 .text.USBD_ParseSetupRequest
                0x000000000800de8c       0x28 ../../libDaisy//build/libdaisy.a(usbd_ctlreq.o)
                0x000000000800de8c                USBD_ParseSetupRequest
 .text.USBD_CtlSendData
                0x000000000800deb4       0x1c ../../libDaisy//build/libdaisy.a(usbd_ioreq.o)
                0x000000000800deb4                USBD_CtlSendData
 .text.USBD_CtlContinueSendData
                0x000000000800ded0       0x14 ../../libDaisy//build/libdaisy.a(usbd_ioreq.o)
                0x000000000800ded0                USBD_CtlContinueSendData
 .text.USBD_CtlContinueRx
                0x000000000800dee4       0x14 ../../libDaisy//build/libdaisy.a(usbd_ioreq.o)
                0x000000000800dee4                USBD_CtlContinueRx
 .text.USBD_CtlSendStatus
                0x000000000800def8       0x18 ../../libDaisy//build/libdaisy.a(usbd_ioreq.o)
                0x000000000800def8                USBD_CtlSendStatus
 .text.USBD_CtlReceiveStatus
                0x000000000800df10       0x18 ../../libDaisy//build/libdaisy.a(usbd_ioreq.o)
                0x000000000800df10                USBD_CtlReceiveStatus
 .text.USBH_LL_IncTimer
                0x000000000800df28       0x20 ../../libDaisy//build/libdaisy.a(usbh_core.o)
                0x000000000800df28                USBH_LL_IncTimer
 .text.USBH_LL_PortEnabled
                0x000000000800df48        0x8 ../../libDaisy//build/libdaisy.a(usbh_core.o)
                0x000000000800df48                USBH_LL_PortEnabled
 .text.USBH_LL_PortDisabled
                0x000000000800df50        0x8 ../../libDaisy//build/libdaisy.a(usbh_core.o)
                0x000000000800df50                USBH_LL_PortDisabled
 .text.USBH_LL_Connect
                0x000000000800df58       0x18 ../../libDaisy//build/libdaisy.a(usbh_core.o)
                0x000000000800df58                USBH_LL_Connect
 .text.USBH_LL_Disconnect
                0x000000000800df70       0x2c ../../libDaisy//build/libdaisy.a(usbh_core.o)
                0x000000000800df70                USBH_LL_Disconnect
 .text.USBH_FreePipe
                0x000000000800df9c       0x18 ../../libDaisy//build/libdaisy.a(usbh_pipes.o)
                0x000000000800df9c                USBH_FreePipe
 .text._ZN5daisy6Random4InitEv
                0x000000000800dfb4       0x3c ../../libDaisy//build/libdaisy.a(rng.o)
                0x000000000800dfb4                daisy::Random::Init()
 .text._ZN5daisy9SpiHandle4Impl7InitDmaEv
                0x000000000800dff0       0xec ../../libDaisy//build/libdaisy.a(spi.o)
                0x000000000800dff0                daisy::SpiHandle::Impl::InitDma()
 .text._ZN5daisy9SpiHandle4Impl10StartDmaTxEPhjPFvPvEPFvS3_NS0_6ResultEES3_
                0x000000000800e0dc       0xc8 ../../libDaisy//build/libdaisy.a(spi.o)
                0x000000000800e0dc                daisy::SpiHandle::Impl::StartDmaTx(unsigned char*, unsigned int, void (*)(void*), void (*)(void*, daisy::SpiHandle::Result), void*)
 .text._ZN5daisy9SpiHandle4Impl10StartDmaRxEPhjPFvPvEPFvS3_NS0_6ResultEES3_
                0x000000000800e1a4       0xc8 ../../libDaisy//build/libdaisy.a(spi.o)
                0x000000000800e1a4                daisy::SpiHandle::Impl::StartDmaRx(unsigned char*, unsigned int, void (*)(void*), void (*)(void*, daisy::SpiHandle::Result), void*)
 .text._ZN5daisy9SpiHandle4Impl12StartDmaRxTxEPhS2_jPFvPvEPFvS3_NS0_6ResultEES3_
                0x000000000800e26c       0xcc ../../libDaisy//build/libdaisy.a(spi.o)
                0x000000000800e26c                daisy::SpiHandle::Impl::StartDmaRxTx(unsigned char*, unsigned char*, unsigned int, void (*)(void*), void (*)(void*, daisy::SpiHandle::Result), void*)
 .text._ZN5daisy9SpiHandle4Impl8InitPinsEv
                0x000000000800e338      0x274 ../../libDaisy//build/libdaisy.a(spi.o)
                0x000000000800e338                daisy::SpiHandle::Impl::InitPins()
 .text.HAL_SPI_MspInit
                0x000000000800e5ac      0x1a8 ../../libDaisy//build/libdaisy.a(spi.o)
                0x000000000800e5ac                HAL_SPI_MspInit
 .text.dsy_spi_global_init
                0x000000000800e754       0x80 ../../libDaisy//build/libdaisy.a(spi.o)
                0x000000000800e754                dsy_spi_global_init
 .text.SPI1_IRQHandler
                0x000000000800e7d4        0xc ../../libDaisy//build/libdaisy.a(spi.o)
                0x000000000800e7d4                SPI1_IRQHandler
 .text.SPI2_IRQHandler
                0x000000000800e7e0        0xc ../../libDaisy//build/libdaisy.a(spi.o)
                0x000000000800e7e0                SPI2_IRQHandler
 .text.SPI3_IRQHandler
                0x000000000800e7ec        0xc ../../libDaisy//build/libdaisy.a(spi.o)
                0x000000000800e7ec                SPI3_IRQHandler
 .text.SPI4_IRQHandler
                0x000000000800e7f8        0xc ../../libDaisy//build/libdaisy.a(spi.o)
                0x000000000800e7f8                SPI4_IRQHandler
 .text.SPI5_IRQHandler
                0x000000000800e804        0xc ../../libDaisy//build/libdaisy.a(spi.o)
                0x000000000800e804                SPI5_IRQHandler
 .text.DMA2_Stream2_IRQHandler
                0x000000000800e810       0x34 ../../libDaisy//build/libdaisy.a(spi.o)
                0x000000000800e810                DMA2_Stream2_IRQHandler
 .text.DMA2_Stream3_IRQHandler
                0x000000000800e844       0x38 ../../libDaisy//build/libdaisy.a(spi.o)
                0x000000000800e844                DMA2_Stream3_IRQHandler
 .text.HAL_SPI_TxCpltCallback
                0x000000000800e87c       0xc4 ../../libDaisy//build/libdaisy.a(spi.o)
                0x000000000800e87c                HAL_SPI_TxCpltCallback
 .text.HAL_SPI_RxCpltCallback
                0x000000000800e940       0xc4 ../../libDaisy//build/libdaisy.a(spi.o)
                0x000000000800e940                HAL_SPI_RxCpltCallback
 .text.HAL_SPI_TxRxCpltCallback
                0x000000000800ea04       0xc4 ../../libDaisy//build/libdaisy.a(spi.o)
                0x000000000800ea04                HAL_SPI_TxRxCpltCallback
 .text.HAL_SPI_ErrorCallback
                0x000000000800eac8       0xc8 ../../libDaisy//build/libdaisy.a(spi.o)
                0x000000000800eac8                HAL_SPI_ErrorCallback
 .text.startup._GLOBAL__sub_I__Z19MapInstanceToHandleP11SPI_TypeDef
                0x000000000800eb90      0x1b0 ../../libDaisy//build/libdaisy.a(spi.o)
 .text.HAL_TIM_Base_MspInit
                0x000000000800ed40      0x1e0 ../../libDaisy//build/libdaisy.a(tim.o)
                0x000000000800ed40                HAL_TIM_Base_MspInit
 .text.HAL_TIM_PeriodElapsedCallback
                0x000000000800ef20       0x44 ../../libDaisy//build/libdaisy.a(tim.o)
                0x000000000800ef20                HAL_TIM_PeriodElapsedCallback
 .text.TIM2_IRQHandler
                0x000000000800ef64        0xc ../../libDaisy//build/libdaisy.a(tim.o)
                0x000000000800ef64                TIM2_IRQHandler
 .text.TIM3_IRQHandler
                0x000000000800ef70        0xc ../../libDaisy//build/libdaisy.a(tim.o)
                0x000000000800ef70                TIM3_IRQHandler
 .text.TIM4_IRQHandler
                0x000000000800ef7c        0xc ../../libDaisy//build/libdaisy.a(tim.o)
                0x000000000800ef7c                TIM4_IRQHandler
 .text.TIM5_IRQHandler
                0x000000000800ef88        0xc ../../libDaisy//build/libdaisy.a(tim.o)
                0x000000000800ef88                TIM5_IRQHandler
 .text._ZN5daisy11TimerHandle4InitERKNS0_6ConfigE
                0x000000000800ef94       0xd0 ../../libDaisy//build/libdaisy.a(tim.o)
                0x000000000800ef94                daisy::TimerHandle::Init(daisy::TimerHandle::Config const&)
 .text._ZN5daisy11TimerHandle5StartEv
                0x000000000800f064       0x24 ../../libDaisy//build/libdaisy.a(tim.o)
                0x000000000800f064                daisy::TimerHandle::Start()
 .text.startup._GLOBAL__sub_I__ZN5daisy11TimerHandle4Impl4InitERKNS0_6ConfigE
                0x000000000800f088       0x38 ../../libDaisy//build/libdaisy.a(tim.o)
 .text._ZN5daisy11UartHandler4Impl7InitDmaEbb
                0x000000000800f0c0      0x164 ../../libDaisy//build/libdaisy.a(uart.o)
                0x000000000800f0c0                daisy::UartHandler::Impl::InitDma(bool, bool)
 .text._ZN5daisy11UartHandler4Impl10HandleFifoEv
                0x000000000800f224       0xec ../../libDaisy//build/libdaisy.a(uart.o)
                0x000000000800f224                daisy::UartHandler::Impl::HandleFifo()
 .text._ZN5daisy11UartHandler4Impl10StartDmaTxEPhjPFvPvEPFvS3_NS0_6ResultEES3_
                0x000000000800f310       0xcc ../../libDaisy//build/libdaisy.a(uart.o)
                0x000000000800f310                daisy::UartHandler::Impl::StartDmaTx(unsigned char*, unsigned int, void (*)(void*), void (*)(void*, daisy::UartHandler::Result), void*)
 .text._ZN5daisy11UartHandler4Impl10StartDmaRxEPhjPFvPvEPFvS3_NS0_6ResultEES3_
                0x000000000800f3dc       0xcc ../../libDaisy//build/libdaisy.a(uart.o)
                0x000000000800f3dc                daisy::UartHandler::Impl::StartDmaRx(unsigned char*, unsigned int, void (*)(void*), void (*)(void*, daisy::UartHandler::Result), void*)
 .text._ZN5daisy11UartHandler4Impl19DmaTransferFinishedEP20__UART_HandleTypeDefNS0_6ResultE
                0x000000000800f4a8       0xc0 ../../libDaisy//build/libdaisy.a(uart.o)
                0x000000000800f4a8                daisy::UartHandler::Impl::DmaTransferFinished(__UART_HandleTypeDef*, daisy::UartHandler::Result)
 .text._ZN5daisy11UartHandler4Impl8InitPinsEv
                0x000000000800f568      0x150 ../../libDaisy//build/libdaisy.a(uart.o)
                0x000000000800f568                daisy::UartHandler::Impl::InitPins()
 .text.HAL_UART_MspInit
                0x000000000800f6b8      0x210 ../../libDaisy//build/libdaisy.a(uart.o)
                0x000000000800f6b8                HAL_UART_MspInit
 .text.dsy_uart_global_init
                0x000000000800f8c8       0xfc ../../libDaisy//build/libdaisy.a(uart.o)
                0x000000000800f8c8                dsy_uart_global_init
 .text.USART1_IRQHandler
                0x000000000800f9c4       0x30 ../../libDaisy//build/libdaisy.a(uart.o)
                0x000000000800f9c4                USART1_IRQHandler
 .text.USART2_IRQHandler
                0x000000000800f9f4       0x34 ../../libDaisy//build/libdaisy.a(uart.o)
                0x000000000800f9f4                USART2_IRQHandler
 .text.USART3_IRQHandler
                0x000000000800fa28       0x34 ../../libDaisy//build/libdaisy.a(uart.o)
                0x000000000800fa28                USART3_IRQHandler
 .text.UART4_IRQHandler
                0x000000000800fa5c       0x34 ../../libDaisy//build/libdaisy.a(uart.o)
                0x000000000800fa5c                UART4_IRQHandler
 .text.UART5_IRQHandler
                0x000000000800fa90       0x34 ../../libDaisy//build/libdaisy.a(uart.o)
                0x000000000800fa90                UART5_IRQHandler
 .text.USART6_IRQHandler
                0x000000000800fac4       0x34 ../../libDaisy//build/libdaisy.a(uart.o)
                0x000000000800fac4                USART6_IRQHandler
 .text.UART7_IRQHandler
                0x000000000800faf8       0x30 ../../libDaisy//build/libdaisy.a(uart.o)
                0x000000000800faf8                UART7_IRQHandler
 .text.UART8_IRQHandler
                0x000000000800fb28       0x34 ../../libDaisy//build/libdaisy.a(uart.o)
                0x000000000800fb28                UART8_IRQHandler
 .text.LPUART1_IRQHandler
                0x000000000800fb5c       0x34 ../../libDaisy//build/libdaisy.a(uart.o)
                0x000000000800fb5c                LPUART1_IRQHandler
 .text.DMA1_Stream5_IRQHandler
                0x000000000800fb90       0x34 ../../libDaisy//build/libdaisy.a(uart.o)
                0x000000000800fb90                DMA1_Stream5_IRQHandler
 .text.DMA2_Stream4_IRQHandler
                0x000000000800fbc4       0x34 ../../libDaisy//build/libdaisy.a(uart.o)
                0x000000000800fbc4                DMA2_Stream4_IRQHandler
 .text.HAL_UART_TxCpltCallback
                0x000000000800fbf8        0x8 ../../libDaisy//build/libdaisy.a(uart.o)
                0x000000000800fbf8                HAL_UART_TxCpltCallback
 .text.HAL_UART_RxCpltCallback
                0x000000000800fc00        0x8 ../../libDaisy//build/libdaisy.a(uart.o)
                0x000000000800fc00                HAL_UART_RxCpltCallback
 .text.HAL_UART_ErrorCallback
                0x000000000800fc08        0x8 ../../libDaisy//build/libdaisy.a(uart.o)
                0x000000000800fc08                HAL_UART_ErrorCallback
 .text.startup._GLOBAL__sub_I__Z19MapInstanceToHandleP13USART_TypeDef
                0x000000000800fc10      0x190 ../../libDaisy//build/libdaisy.a(uart.o)
 .text.dsy_dma_init
                0x000000000800fda0      0x100 ../../libDaisy//build/libdaisy.a(dma.o)
                0x000000000800fda0                dsy_dma_init
 .text.HAL_MDMA_Abort_IT
                0x000000000800fea0       0x2c ../../libDaisy//build/libdaisy.a(stm32h7xx_hal_mdma.o)
                0x000000000800fea0                HAL_MDMA_Abort_IT
 .text.SPI_CloseTransfer
                0x000000000800fecc       0xb8 ../../libDaisy//build/libdaisy.a(stm32h7xx_hal_spi.o)
 .text.HAL_SPI_Init
                0x000000000800ff84      0x15c ../../libDaisy//build/libdaisy.a(stm32h7xx_hal_spi.o)
                0x000000000800ff84                HAL_SPI_Init
 .text.HAL_SPI_Transmit_DMA
                0x00000000080100e0      0x170 ../../libDaisy//build/libdaisy.a(stm32h7xx_hal_spi.o)
                0x00000000080100e0                HAL_SPI_Transmit_DMA
 .text.HAL_SPI_TransmitReceive_DMA
                0x0000000008010250      0x218 ../../libDaisy//build/libdaisy.a(stm32h7xx_hal_spi.o)
                0x0000000008010250                HAL_SPI_TransmitReceive_DMA
 .text.HAL_SPI_Receive_DMA
                0x0000000008010468      0x1b4 ../../libDaisy//build/libdaisy.a(stm32h7xx_hal_spi.o)
                0x0000000008010468                HAL_SPI_Receive_DMA
 .text.SPI_DMATransmitCplt
                0x000000000801061c       0x28 ../../libDaisy//build/libdaisy.a(stm32h7xx_hal_spi.o)
 .text.SPI_DMAReceiveCplt
                0x0000000008010644       0x28 ../../libDaisy//build/libdaisy.a(stm32h7xx_hal_spi.o)
 .text.SPI_DMATransmitReceiveCplt
                0x000000000801066c       0x28 ../../libDaisy//build/libdaisy.a(stm32h7xx_hal_spi.o)
 .text.HAL_SPI_TxHalfCpltCallback
                0x0000000008010694        0x4 ../../libDaisy//build/libdaisy.a(stm32h7xx_hal_spi.o)
                0x0000000008010694                HAL_SPI_TxHalfCpltCallback
 .text.SPI_DMAHalfTransmitCplt
                0x0000000008010698        0xc ../../libDaisy//build/libdaisy.a(stm32h7xx_hal_spi.o)
 .text.HAL_SPI_RxHalfCpltCallback
                0x00000000080106a4        0x4 ../../libDaisy//build/libdaisy.a(stm32h7xx_hal_spi.o)
                0x00000000080106a4                HAL_SPI_RxHalfCpltCallback
 .text.SPI_DMAHalfReceiveCplt
                0x00000000080106a8        0xc ../../libDaisy//build/libdaisy.a(stm32h7xx_hal_spi.o)
 .text.HAL_SPI_TxRxHalfCpltCallback
                0x00000000080106b4        0x4 ../../libDaisy//build/libdaisy.a(stm32h7xx_hal_spi.o)
                0x00000000080106b4                HAL_SPI_TxRxHalfCpltCallback
 .text.SPI_DMAHalfTransmitReceiveCplt
                0x00000000080106b8        0xc ../../libDaisy//build/libdaisy.a(stm32h7xx_hal_spi.o)
 .text.SPI_DMAError
                0x00000000080106c4       0xd8 ../../libDaisy//build/libdaisy.a(stm32h7xx_hal_spi.o)
 .text.HAL_SPI_IRQHandler
                0x000000000801079c      0x23c ../../libDaisy//build/libdaisy.a(stm32h7xx_hal_spi.o)
                0x000000000801079c                HAL_SPI_IRQHandler
 .text.SPI_DMAAbortOnError
                0x00000000080109d8       0x1c ../../libDaisy//build/libdaisy.a(stm32h7xx_hal_spi.o)
 .text.HAL_SPI_GetState
                0x00000000080109f4        0x8 ../../libDaisy//build/libdaisy.a(stm32h7xx_hal_spi.o)
                0x00000000080109f4                HAL_SPI_GetState
 .text.HAL_TIM_Base_Init
                0x00000000080109fc      0x140 ../../libDaisy//build/libdaisy.a(stm32h7xx_hal_tim.o)
                0x00000000080109fc                HAL_TIM_Base_Init
 .text.HAL_TIM_Base_Start
                0x0000000008010b3c       0x34 ../../libDaisy//build/libdaisy.a(stm32h7xx_hal_tim.o)
                0x0000000008010b3c                HAL_TIM_Base_Start
 .text.HAL_TIM_Base_Start_IT
                0x0000000008010b70       0x2c ../../libDaisy//build/libdaisy.a(stm32h7xx_hal_tim.o)
                0x0000000008010b70                HAL_TIM_Base_Start_IT
 .text.HAL_TIM_ConfigClockSource
                0x0000000008010b9c      0x17c ../../libDaisy//build/libdaisy.a(stm32h7xx_hal_tim.o)
                0x0000000008010b9c                HAL_TIM_ConfigClockSource
 .text.HAL_TIM_OC_DelayElapsedCallback
                0x0000000008010d18        0x4 ../../libDaisy//build/libdaisy.a(stm32h7xx_hal_tim.o)
                0x0000000008010d18                HAL_TIM_OC_DelayElapsedCallback
 .text.HAL_TIM_IC_CaptureCallback
                0x0000000008010d1c        0x4 ../../libDaisy//build/libdaisy.a(stm32h7xx_hal_tim.o)
                0x0000000008010d1c                HAL_TIM_IC_CaptureCallback
 .text.HAL_TIM_PWM_PulseFinishedCallback
                0x0000000008010d20        0x4 ../../libDaisy//build/libdaisy.a(stm32h7xx_hal_tim.o)
                0x0000000008010d20                HAL_TIM_PWM_PulseFinishedCallback
 .text.HAL_TIM_TriggerCallback
                0x0000000008010d24        0x4 ../../libDaisy//build/libdaisy.a(stm32h7xx_hal_tim.o)
                0x0000000008010d24                HAL_TIM_TriggerCallback
 .text.HAL_TIM_IRQHandler
                0x0000000008010d28      0x170 ../../libDaisy//build/libdaisy.a(stm32h7xx_hal_tim.o)
                0x0000000008010d28                HAL_TIM_IRQHandler
 .text.HAL_TIMEx_MasterConfigSynchronization
                0x0000000008010e98       0x64 ../../libDaisy//build/libdaisy.a(stm32h7xx_hal_tim_ex.o)
                0x0000000008010e98                HAL_TIMEx_MasterConfigSynchronization
 .text.HAL_TIMEx_CommutCallback
                0x0000000008010efc        0x4 ../../libDaisy//build/libdaisy.a(stm32h7xx_hal_tim_ex.o)
                0x0000000008010efc                HAL_TIMEx_CommutCallback
 .text.HAL_TIMEx_BreakCallback
                0x0000000008010f00        0x4 ../../libDaisy//build/libdaisy.a(stm32h7xx_hal_tim_ex.o)
                0x0000000008010f00                HAL_TIMEx_BreakCallback
 .text.HAL_TIMEx_Break2Callback
                0x0000000008010f04        0x4 ../../libDaisy//build/libdaisy.a(stm32h7xx_hal_tim_ex.o)
                0x0000000008010f04                HAL_TIMEx_Break2Callback
 .text.HAL_UART_Transmit_DMA
                0x0000000008010f08       0xa4 ../../libDaisy//build/libdaisy.a(stm32h7xx_hal_uart.o)
                0x0000000008010f08                HAL_UART_Transmit_DMA
 .text.HAL_UART_Receive_DMA
                0x0000000008010fac       0xac ../../libDaisy//build/libdaisy.a(stm32h7xx_hal_uart.o)
                0x0000000008010fac                HAL_UART_Receive_DMA
 .text.UART_DMATransmitCplt
                0x0000000008011058       0x2c ../../libDaisy//build/libdaisy.a(stm32h7xx_hal_uart.o)
 .text.HAL_UART_TxHalfCpltCallback
                0x0000000008011084        0x4 ../../libDaisy//build/libdaisy.a(stm32h7xx_hal_uart.o)
                0x0000000008011084                HAL_UART_TxHalfCpltCallback
 .text.UART_DMATxHalfCplt
                0x0000000008011088        0xc ../../libDaisy//build/libdaisy.a(stm32h7xx_hal_uart.o)