Archive member included to satisfy reference by file (symbol)

../../libDaisy//build/libdaisy.a(daisy_petal.o)
                              build/TerrariumMultiEffect.o (daisy::DaisyPetal::StartAudio(void (*)(float const* const*, float**, unsigned int)))
../../libDaisy//build/libdaisy.a(daisy_seed.o)
                              ../../libDaisy//build/libdaisy.a(daisy_petal.o) (daisy::DaisySeed::Configure())
../../libDaisy//build/libdaisy.a(codec_ak4556.o)
                              ../../libDaisy//build/libdaisy.a(daisy_seed.o) (daisy::Ak4556::Init(dsy_gpio_pin))
../../libDaisy//build/libdaisy.a(codec_wm8731.o)
                              ../../libDaisy//build/libdaisy.a(daisy_seed.o) (daisy::Wm8731::Init(daisy::Wm8731::Config const&, daisy::I2CHandle))
../../libDaisy//build/libdaisy.a(sdram.o)
                              ../../libDaisy//build/libdaisy.a(daisy_seed.o) (SdramHandle::Init())
../../libDaisy//build/libdaisy.a(audio.o)
                              ../../libDaisy//build/libdaisy.a(daisy_seed.o) (daisy::AudioHandle::Init(daisy::AudioHandle::Config const&, daisy::SaiHandle))
../../libDaisy//build/libdaisy.a(ctrl.o)
                              ../../libDaisy//build/libdaisy.a(daisy_petal.o) (daisy::AnalogControl::Init(unsigned short*, float, bool, bool, float))
../../libDaisy//build/libdaisy.a(encoder.o)
                              ../../libDaisy//build/libdaisy.a(daisy_petal.o) (daisy::Encoder::Init(dsy_gpio_pin, dsy_gpio_pin, dsy_gpio_pin, float))
../../libDaisy//build/libdaisy.a(led.o)
                              build/TerrariumMultiEffect.o (daisy::Led::Init(dsy_gpio_pin, bool, float))
../../libDaisy//build/libdaisy.a(switch.o)
                              ../../libDaisy//build/libdaisy.a(daisy_petal.o) (daisy::Switch::Init(dsy_gpio_pin, float))
../../libDaisy//build/libdaisy.a(adc.o)
                              ../../libDaisy//build/libdaisy.a(daisy_petal.o) (daisy::AdcChannelConfig::InitSingle(dsy_gpio_pin))
../../libDaisy//build/libdaisy.a(gpio.o)
                              ../../libDaisy//build/libdaisy.a(daisy_petal.o) (dsy_gpio_init)
../../libDaisy//build/libdaisy.a(i2c.o)
                              ../../libDaisy//build/libdaisy.a(daisy_petal.o) (daisy::I2CHandle::Init(daisy::I2CHandle::Config const&))
../../libDaisy//build/libdaisy.a(qspi.o)
                              ../../libDaisy//build/libdaisy.a(daisy_seed.o) (daisy::QSPIHandle::Init(daisy::QSPIHandle::Config const&))
../../libDaisy//build/libdaisy.a(sai.o)
                              ../../libDaisy//build/libdaisy.a(daisy_seed.o) (daisy::SaiHandle::Init(daisy::SaiHandle::Config const&))
../../libDaisy//build/libdaisy.a(system.o)
                              ../../libDaisy//build/libdaisy.a(daisy_seed.o) (daisy::System::DeInit())
../../libDaisy//build/libdaisy.a(system_stm32h7xx.o)
                              build/startup_stm32h750xx.o (SystemInit)
../../libDaisy//build/libdaisy.a(usbd_conf.o)
                              ../../libDaisy//build/libdaisy.a(system.o) (hpcd_USB_OTG_HS)
../../libDaisy//build/libdaisy.a(usbh_conf.o)
                              ../../libDaisy//build/libdaisy.a(system.o) (hhcd_USB_OTG_HS)
../../libDaisy//build/libdaisy.a(hal_map.o)
                              ../../libDaisy//build/libdaisy.a(gpio.o) (dsy_hal_map_get_port)
../../libDaisy//build/libdaisy.a(stm32h7xx_hal.o)
                              ../../libDaisy//build/libdaisy.a(system.o) (HAL_Init)
../../libDaisy//build/libdaisy.a(stm32h7xx_hal_adc.o)
                              ../../libDaisy//build/libdaisy.a(adc.o) (HAL_ADC_ConfigChannel)
../../libDaisy//build/libdaisy.a(stm32h7xx_hal_adc_ex.o)
                              ../../libDaisy//build/libdaisy.a(adc.o) (HAL_ADCEx_Calibration_Start)
../../libDaisy//build/libdaisy.a(stm32h7xx_hal_cortex.o)
                              ../../libDaisy//build/libdaisy.a(stm32h7xx_hal.o) (HAL_NVIC_SetPriorityGrouping)
../../libDaisy//build/libdaisy.a(stm32h7xx_hal_dma.o)
                              ../../libDaisy//build/libdaisy.a(adc.o) (HAL_DMA_Init)
../../libDaisy//build/libdaisy.a(stm32h7xx_hal_gpio.o)
                              ../../libDaisy//build/libdaisy.a(sdram.o) (HAL_GPIO_Init)
../../libDaisy//build/libdaisy.a(stm32h7xx_hal_hcd.o)
                              ../../libDaisy//build/libdaisy.a(usbh_conf.o) (HAL_HCD_HC_Init)
../../libDaisy//build/libdaisy.a(stm32h7xx_hal_i2c.o)
                              ../../libDaisy//build/libdaisy.a(i2c.o) (HAL_I2C_Init)
../../libDaisy//build/libdaisy.a(stm32h7xx_hal_i2c_ex.o)
                              ../../libDaisy//build/libdaisy.a(i2c.o) (HAL_I2CEx_ConfigAnalogFilter)
../../libDaisy//build/libdaisy.a(stm32h7xx_hal_pcd.o)
                              ../../libDaisy//build/libdaisy.a(usbd_conf.o) (HAL_PCD_Init)
../../libDaisy//build/libdaisy.a(stm32h7xx_hal_pcd_ex.o)
                              ../../libDaisy//build/libdaisy.a(usbd_conf.o) (HAL_PCDEx_SetTxFiFo)
[...]
Memory Configuration

Name             Origin             Length             Attributes
FLASH            0x0000000008000000 0x0000000000020000 xr
DTCMRAM          0x0000000020000000 0x0000000000020000 xrw
SRAM             0x0000000024000000 0x0000000000080000 xrw
RAM_D2           0x0000000030000000 0x0000000000048000 xrw
RAM_D3           0x0000000038000000 0x0000000000010000 xrw
ITCMRAM          0x0000000000000000 0x0000000000010000 xrw
SDRAM            0x00000000c0000000 0x0000000004000000 xrw
QSPIFLASH        0x0000000090000000 0x0000000000800000 xr
*default*        0x0000000000000000 0xffffffffffffffff

Linker script and memory map

LOAD /Applications/ARM/bin/../lib/gcc/arm-none-eabi/10.3.1/thumb/v7e-m+dp/hard/crti.o
LOAD /Applications/ARM/bin/../lib/gcc/arm-none-eabi/10.3.1/thumb/v7e-m+dp/hard/crtbegin.o
LOAD /Applications/ARM/bin/../lib/gcc/arm-none-eabi/10.3.1/../../../../arm-none-eabi/lib/thumb/v7e-m+dp/hard/crt0.o
LOAD build/startup_stm32h750xx.o
LOAD build/TerrariumMultiEffect.o
LOAD ../../libDaisy//build/libdaisy.a
LOAD /Applications/ARM/bin/../lib/gcc/arm-none-eabi/10.3.1/../../../../arm-none-eabi/lib/thumb/v7e-m+dp/hard/libnosys.a
LOAD ../../DaisySP//build/libdaisysp.a
LOAD /Applications/ARM/bin/../lib/gcc/arm-none-eabi/10.3.1/../../../../arm-none-eabi/lib/thumb/v7e-m+dp/hard/libstdc++_nano.a
LOAD /Applications/ARM/bin/../lib/gcc/arm-none-eabi/10.3.1/../../../../arm-none-eabi/lib/thumb/v7e-m+dp/hard/libm.a
LOAD /Applications/ARM/bin/../lib/gcc/arm-none-eabi/10.3.1/../../../../arm-none-eabi/lib/thumb/v7e-m+dp/hard/libc_nano.a
START GROUP
LOAD /Applications/ARM/bin/../lib/gcc/arm-none-eabi/10.3.1/thumb/v7e-m+dp/hard/libgcc.a
LOAD /Applications/ARM/bin/../lib/gcc/arm-none-eabi/10.3.1/../../../../arm-none-eabi/lib/thumb/v7e-m+dp/hard/libc_nano.a
END GROUP
START GROUP
LOAD /Applications/ARM/bin/../lib/gcc/arm-none-eabi/10.3.1/thumb/v7e-m+dp/hard/libgcc.a
LOAD /Applications/ARM/bin/../lib/gcc/arm-none-eabi/10.3.1/../../../../arm-none-eabi/lib/thumb/v7e-m+dp/hard/libc_nano.a
LOAD /Applications/ARM/bin/../lib/gcc/arm-none-eabi/10.3.1/../../../../arm-none-eabi/lib/thumb/v7e-m+dp/hard/libnosys.a
END GROUP
START GROUP
LOAD /Applications/ARM/bin/../lib/gcc/arm-none-eabi/10.3.1/thumb/v7e-m+dp/hard/libgcc.a
LOAD /Applications/ARM/bin/../lib/gcc/arm-none-eabi/10.3.1/../../../../arm-none-eabi/lib/thumb/v7e-m+dp/hard/libc_nano.a
LOAD /Applications/ARM/bin/../lib/gcc/arm-none-eabi/10.3.1/../../../../arm-none-eabi/lib/thumb/v7e-m+dp/hard/libnosys.a
END GROUP
LOAD /Applications/ARM/bin/../lib/gcc/arm-none-eabi/10.3.1/thumb/v7e-m+dp/hard/crtend.o
LOAD /Applications/ARM/bin/../lib/gcc/arm-none-eabi/10.3.1/thumb/v7e-m+dp/hard/crtn.o
                0x0000000020020000                _estack = 0x20020000

.isr_vector     0x0000000008000000      0x298
                0x0000000008000000                . = ALIGN (0x4)
 *(.isr_vector)
 .isr_vector    0x0000000008000000      0x298 build/startup_stm32h750xx.o
                0x0000000008000000                g_pfnVectors
                0x0000000008000298                . = ALIGN (0x4)

.text           0x0000000008000298    0x17198
                0x0000000008000298                . = ALIGN (0x4)
                0x0000000008000298                _stext = .
 *(.text)
 .text          0x0000000008000298       0x40 /Applications/ARM/bin/../lib/gcc/arm-none-eabi/10.3.1/thumb/v7e-m+dp/hard/crtbegin.o
 .text          0x00000000080002d8      0x378 /Applications/ARM/bin/../lib/gcc/arm-none-eabi/10.3.1/thumb/v7e-m+dp/hard/libgcc.a(_arm_addsubdf3.o)
                0x00000000080002d8                __aeabi_drsub
                0x00000000080002e0                __subdf3
                0x00000000080002e0                __aeabi_dsub
                0x00000000080002e4                __aeabi_dadd
                0x00000000080002e4                __adddf3
                0x000000000800055c                __aeabi_ui2d
                0x000000000800055c                __floatunsidf
                0x000000000800057c                __floatsidf
                0x000000000800057c                __aeabi_i2d
                0x00000000080005a0                __extendsfdf2
                0x00000000080005a0                __aeabi_f2d
                0x00000000080005e4                __aeabi_ul2d
                0x00000000080005e4                __floatundidf
                0x00000000080005f4                __aeabi_l2d
                0x00000000080005f4                __floatdidf
 .text          0x0000000008000650       0x30 /Applications/ARM/bin/../lib/gcc/arm-none-eabi/10.3.1/thumb/v7e-m+dp/hard/libgcc.a(_aeabi_uldivmod.o)
                0x0000000008000650                __aeabi_uldivmod
 .text          0x0000000008000680      0x2d0 /Applications/ARM/bin/../lib/gcc/arm-none-eabi/10.3.1/thumb/v7e-m+dp/hard/libgcc.a(_udivmoddi4.o)
                0x0000000008000680                __udivmoddi4
 .text          0x0000000008000950        0x4 /Applications/ARM/bin/../lib/gcc/arm-none-eabi/10.3.1/thumb/v7e-m+dp/hard/libgcc.a(_dvmd_tls.o)
                0x0000000008000950                __aeabi_ldiv0
                0x0000000008000950                __aeabi_idiv0
 *(.text*)
 .text.Default_Handler
                0x0000000008000954        0x4 build/startup_stm32h750xx.o
                0x0000000008000954                SAI1_IRQHandler
                0x0000000008000954                HASH_RNG_IRQHandler
                0x0000000008000954                EXTI2_IRQHandler
                0x0000000008000954                TIM8_CC_IRQHandler
                0x0000000008000954                HRTIM1_Master_IRQHandler
                0x0000000008000954                DebugMon_Handler
                0x0000000008000954                TIM1_CC_IRQHandler
                0x0000000008000954                BDMA_Channel6_IRQHandler
                0x0000000008000954                DMA2_Stream5_IRQHandler
                0x0000000008000954                HRTIM1_FLT_IRQHandler
                0x0000000008000954                JPEG_IRQHandler
                0x0000000008000954                BDMA_Channel1_IRQHandler
                0x0000000008000954                HRTIM1_TIMD_IRQHandler
                0x0000000008000954                TAMP_STAMP_IRQHandler
                0x0000000008000954                PendSV_Handler
                0x0000000008000954                NMI_Handler
                0x0000000008000954                EXTI3_IRQHandler
                0x0000000008000954                LPTIM4_IRQHandler
                0x0000000008000954                TIM8_TRG_COM_TIM14_IRQHandler
                0x0000000008000954                LPTIM2_IRQHandler
                0x0000000008000954                DFSDM1_FLT1_IRQHandler
                0x0000000008000954                DMAMUX2_OVR_IRQHandler
                0x0000000008000954                TIM8_UP_TIM13_IRQHandler
                0x0000000008000954                I2C3_ER_IRQHandler
                0x0000000008000954                DFSDM1_FLT2_IRQHandler
                0x0000000008000954                MDMA_IRQHandler
                0x0000000008000954                LPTIM3_IRQHandler
                0x0000000008000954                HSEM1_IRQHandler
                0x0000000008000954                EXTI0_IRQHandler
                0x0000000008000954                FPU_IRQHandler
                0x0000000008000954                OTG_HS_WKUP_IRQHandler
                0x0000000008000954                FDCAN1_IT1_IRQHandler
                0x0000000008000954                UsageFault_Handler
                0x0000000008000954                LTDC_ER_IRQHandler
                0x0000000008000954                HRTIM1_TIME_IRQHandler
                0x0000000008000954                TIM6_DAC_IRQHandler
                0x0000000008000954                DCMI_IRQHandler
                0x0000000008000954                HRTIM1_TIMC_IRQHandler
                0x0000000008000954                SAI2_IRQHandler
                0x0000000008000954                DFSDM1_FLT3_IRQHandler
                0x0000000008000954                TIM17_IRQHandler
                0x0000000008000954                CRYP_IRQHandler
                0x0000000008000954                BDMA_Channel7_IRQHandler
                0x0000000008000954                LPTIM5_IRQHandler
                0x0000000008000954                ADC3_IRQHandler
                0x0000000008000954                DMA2_Stream0_IRQHandler
                0x0000000008000954                BDMA_Channel2_IRQHandler
                0x0000000008000954                DMAMUX1_OVR_IRQHandler
                0x0000000008000954                TIM16_IRQHandler
                0x0000000008000954                BDMA_Channel5_IRQHandler
                0x0000000008000954                RCC_IRQHandler
                0x0000000008000954                TIM8_BRK_TIM12_IRQHandler
                0x0000000008000954                TIM1_TRG_COM_IRQHandler
                0x0000000008000954                Default_Handler
                0x0000000008000954                ECC_IRQHandler
                0x0000000008000954                CEC_IRQHandler
                0x0000000008000954                EXTI15_10_IRQHandler
                0x0000000008000954                BDMA_Channel0_IRQHandler
                0x0000000008000954                ADC_IRQHandler
                0x0000000008000954                DMA1_Stream7_IRQHandler
                0x0000000008000954                HRTIM1_TIMA_IRQHandler
                0x0000000008000954                TIM7_IRQHandler
                0x0000000008000954                SDMMC1_IRQHandler
                0x0000000008000954                DMA2_Stream7_IRQHandler
                0x0000000008000954                TIM15_IRQHandler
                0x0000000008000954                PVD_AVD_IRQHandler
                0x0000000008000954                EXTI9_5_IRQHandler
                0x0000000008000954                RTC_WKUP_IRQHandler
                0x0000000008000954                LTDC_IRQHandler
                0x0000000008000954                SAI3_IRQHandler
                0x0000000008000954                ETH_WKUP_IRQHandler
                0x0000000008000954                SPDIF_RX_IRQHandler
                0x0000000008000954                MemManage_Handler
                0x0000000008000954                SVC_Handler
                0x0000000008000954                CRS_IRQHandler
                0x0000000008000954                EXTI4_IRQHandler
                0x0000000008000954                HRTIM1_TIMB_IRQHandler
                0x0000000008000954                FDCAN2_IT1_IRQHandler
                0x0000000008000954                ETH_IRQHandler
                0x0000000008000954                TIM1_UP_IRQHandler
                0x0000000008000954                BDMA_Channel4_IRQHandler
                0x0000000008000954                WWDG_IRQHandler
                0x0000000008000954                SPI6_IRQHandler
                0x0000000008000954                I2C4_EV_IRQHandler
                0x0000000008000954                MDIOS_IRQHandler
                0x0000000008000954                FDCAN2_IT0_IRQHandler
                0x0000000008000954                FDCAN1_IT0_IRQHandler
                0x0000000008000954                OTG_FS_WKUP_IRQHandler
                0x0000000008000954                DMA2D_IRQHandler
                0x0000000008000954                TIM1_BRK_IRQHandler
                0x0000000008000954                EXTI1_IRQHandler
                0x0000000008000954                SDMMC2_IRQHandler
                0x0000000008000954                OTG_FS_EP1_OUT_IRQHandler
                0x0000000008000954                BDMA_Channel3_IRQHandler
                0x0000000008000954                MDIOS_WKUP_IRQHandler
                0x0000000008000954                DFSDM1_FLT0_IRQHandler
                0x0000000008000954                SAI4_IRQHandler
                0x0000000008000954                I2C2_ER_IRQHandler
                0x0000000008000954                DMA2_Stream1_IRQHandler
                0x0000000008000954                FLASH_IRQHandler
                0x0000000008000954                BusFault_Handler
                0x0000000008000954                OTG_FS_IRQHandler
                0x0000000008000954                WAKEUP_PIN_IRQHandler
                0x0000000008000954                OTG_FS_EP1_IN_IRQHandler
                0x0000000008000954                I2C1_ER_IRQHandler
                0x0000000008000954                FMC_IRQHandler
                0x0000000008000954                FDCAN_CAL_IRQHandler
                0x0000000008000954                SWPMI1_IRQHandler
                0x0000000008000954                COMP1_IRQHandler
                0x0000000008000954                LPTIM1_IRQHandler
                0x0000000008000954                I2C4_ER_IRQHandler
                0x0000000008000954                DMA2_Stream6_IRQHandler
                0x0000000008000954                RTC_Alarm_IRQHandler
 .text.Reset_Handler
                0x0000000008000958       0x44 build/startup_stm32h750xx.o
                0x0000000008000958                Reset_Handler
 .text._ZN5daisy3LedD2Ev
                0x000000000800099c        0x4 build/TerrariumMultiEffect.o
                0x000000000800099c                daisy::Led::~Led()
                0x000000000800099c                daisy::Led::~Led()
 .text._ZN5daisy10DaisyPetalD2Ev
                0x00000000080009a0        0x4 build/TerrariumMultiEffect.o
                0x00000000080009a0                daisy::DaisyPetal::~DaisyPetal()
                0x00000000080009a0                daisy::DaisyPetal::~DaisyPetal()
 .text._ZN7daisysp10OscillatorD2Ev
                0x00000000080009a4        0x4 build/TerrariumMultiEffect.o
                0x00000000080009a4                daisysp::Oscillator::~Oscillator()
                0x00000000080009a4                daisysp::Oscillator::~Oscillator()
 .text._ZN7daisysp8BitcrushD2Ev
                0x00000000080009a8        0x4 build/TerrariumMultiEffect.o
                0x00000000080009a8                daisysp::Bitcrush::~Bitcrush()
                0x00000000080009a8                daisysp::Bitcrush::~Bitcrush()
 .text._ZN7daisysp9OverdriveD2Ev
                0x00000000080009ac        0x4 build/TerrariumMultiEffect.o
                0x00000000080009ac                daisysp::Overdrive::~Overdrive()
                0x00000000080009ac                daisysp::Overdrive::~Overdrive()
 .text._ZN7daisysp10MoogLadderD2Ev
                0x00000000080009b0        0x4 build/TerrariumMultiEffect.o
                0x00000000080009b0                daisysp::MoogLadder::~MoogLadder()
                0x00000000080009b0                daisysp::MoogLadder::~MoogLadder()
 .text._ZN7daisysp5MetroD2Ev
                0x00000000080009b4        0x4 build/TerrariumMultiEffect.o
                0x00000000080009b4                daisysp::Metro::~Metro()
                0x00000000080009b4                daisysp::Metro::~Metro()
 .text._ZN7daisysp7FlangerD2Ev
                0x00000000080009b8        0x4 build/TerrariumMultiEffect.o
                0x00000000080009b8                daisysp::Flanger::~Flanger()
                0x00000000080009b8                daisysp::Flanger::~Flanger()
 .text._ZN7daisysp9DelayLineIfLj36000EED2Ev
                0x00000000080009bc        0x4 build/TerrariumMultiEffect.o
                0x00000000080009bc                daisysp::DelayLine<float, 36000u>::~DelayLine()
                0x00000000080009bc                daisysp::DelayLine<float, 36000u>::~DelayLine()
 .text._ZN7daisysp16DelayLineReverseIfLj36000EED2Ev
                0x00000000080009c0        0x4 build/TerrariumMultiEffect.o
                0x00000000080009c0                daisysp::DelayLineReverse<float, 36000u>::~DelayLineReverse()
                0x00000000080009c0                daisysp::DelayLineReverse<float, 36000u>::~DelayLineReverse()
 .text._Z11ProccessADCv
                0x00000000080009c4      0x458 build/TerrariumMultiEffect.o
                0x00000000080009c4                ProccessADC()
 .text._Z13AudioCallbackPKPKfPPfj
                0x0000000008000e1c      0x4a8 build/TerrariumMultiEffect.o
                0x0000000008000e1c                AudioCallback(float const* const*, float**, unsigned int)
 .text.startup.main
                0x00000000080012c4      0x1cc build/TerrariumMultiEffect.o
                0x00000000080012c4                main
 .text.startup._GLOBAL__sub_I_hw
                0x0000000008001490       0xf0 build/TerrariumMultiEffect.o
 .text._ZN5daisy16LedDriverPca9685ILi2ELb1EE14TxCpltCallbackEPvNS_9I2CHandle6ResultE
                0x0000000008001580       0x5c ../../libDaisy//build/libdaisy.a(daisy_petal.o)
                0x0000000008001580                daisy::LedDriverPca9685<2, true>::TxCpltCallback(void*, daisy::I2CHandle::Result)
 .text._ZN5daisy10DaisyPetal10StartAudioEPFvPKPKfPPfjE
                0x00000000080015dc        0x4 ../../libDaisy//build/libdaisy.a(daisy_petal.o)
                0x00000000080015dc                daisy::DaisyPetal::StartAudio(void (*)(float const* const*, float**, unsigned int))
 .text._ZN5daisy10DaisyPetal17SetAudioBlockSizeEj
                0x00000000080015e0       0x4c ../../libDaisy//build/libdaisy.a(daisy_petal.o)
                0x00000000080015e0                daisy::DaisyPetal::SetAudioBlockSize(unsigned int)
 .text._ZN5daisy10DaisyPetal18SetAudioSampleRateENS_9SaiHandle6Config10SampleRateE
                0x000000000800162c       0x4c ../../libDaisy//build/libdaisy.a(daisy_petal.o)
                0x000000000800162c                daisy::DaisyPetal::SetAudioSampleRate(daisy::SaiHandle::Config::SampleRate)
 .text._ZN5daisy10DaisyPetal8StartAdcEv
                0x0000000008001678        0x8 ../../libDaisy//build/libdaisy.a(daisy_petal.o)
                0x0000000008001678                daisy::DaisyPetal::StartAdc()
 .text._ZN5daisy10DaisyPetal21ProcessAnalogControlsEv
                0x0000000008001680       0x20 ../../libDaisy//build/libdaisy.a(daisy_petal.o)
                0x0000000008001680                daisy::DaisyPetal::ProcessAnalogControls()
 .text._ZN5daisy10DaisyPetal22ProcessDigitalControlsEv
                0x00000000080016a0       0x20 ../../libDaisy//build/libdaisy.a(daisy_petal.o)
                0x00000000080016a0                daisy::DaisyPetal::ProcessDigitalControls()
 .text._ZN5daisy10DaisyPetal9ClearLedsEv
                0x00000000080016c0      0x1ac ../../libDaisy//build/libdaisy.a(daisy_petal.o)
                0x00000000080016c0                daisy::DaisyPetal::ClearLeds()
 .text._ZN5daisy10DaisyPetal8InitLedsEv
                0x000000000800186c      0x2c0 ../../libDaisy//build/libdaisy.a(daisy_petal.o)
                0x000000000800186c                daisy::DaisyPetal::InitLeds()
 .text._ZN5daisy10DaisyPetal18InitAnalogControlsEv
                0x0000000008001b2c      0x108 ../../libDaisy//build/libdaisy.a(daisy_petal.o)
                0x0000000008001b2c                daisy::DaisyPetal::InitAnalogControls()
 .text._ZN5daisy10DaisyPetal4InitEb
                0x0000000008001c34       0xf4 ../../libDaisy//build/libdaisy.a(daisy_petal.o)
                0x0000000008001c34                daisy::DaisyPetal::Init(bool)
 .text.startup._GLOBAL__sub_I__ZN5daisy10DaisyPetal4InitEb
                0x0000000008001d28       0x18 ../../libDaisy//build/libdaisy.a(daisy_petal.o)
 .text._ZN5daisy9DaisySeed9ConfigureEv
                0x0000000008001d40        0x4 ../../libDaisy//build/libdaisy.a(daisy_seed.o)
                0x0000000008001d40                daisy::DaisySeed::Configure()
 .text._ZN5daisy9DaisySeed6GetPinEh
                0x0000000008001d44       0x2c ../../libDaisy//build/libdaisy.a(daisy_seed.o)
                0x0000000008001d44                daisy::DaisySeed::GetPin(unsigned char)
 .text._ZN5daisy9DaisySeed10StartAudioEPFvPKPKfPPfjE
                0x0000000008001d70        0x8 ../../libDaisy//build/libdaisy.a(daisy_seed.o)
                0x0000000008001d70                daisy::DaisySeed::StartAudio(void (*)(float const* const*, float**, unsigned int))
 .text._ZN5daisy9DaisySeed18SetAudioSampleRateENS_9SaiHandle6Config10SampleRateE
                0x0000000008001d78       0x38 ../../libDaisy//build/libdaisy.a(daisy_seed.o)
                0x0000000008001d78                daisy::DaisySeed::SetAudioSampleRate(daisy::SaiHandle::Config::SampleRate)
 .text._ZN5daisy9DaisySeed17SetAudioBlockSizeEj
                0x0000000008001db0       0x38 ../../libDaisy//build/libdaisy.a(daisy_seed.o)
                0x0000000008001db0                daisy::DaisySeed::SetAudioBlockSize(unsigned int)
 .text._ZNK5daisy9DaisySeed17AudioCallbackRateEv
                0x0000000008001de8        0x8 ../../libDaisy//build/libdaisy.a(daisy_seed.o)
                0x0000000008001de8                daisy::DaisySeed::AudioCallbackRate() const
 .text._ZN5daisy9DaisySeed14ConfigureAudioEv
                0x0000000008001df0       0xd0 ../../libDaisy//build/libdaisy.a(daisy_seed.o)
                0x0000000008001df0                daisy::DaisySeed::ConfigureAudio()
 .text._ZN5daisy9DaisySeed4InitEb
                0x0000000008001ec0       0xf0 ../../libDaisy//build/libdaisy.a(daisy_seed.o)
                0x0000000008001ec0                daisy::DaisySeed::Init(bool)
 .text._ZN5daisy6Ak45564InitE12dsy_gpio_pin
                0x0000000008001fb0       0x44 ../../libDaisy//build/libdaisy.a(codec_ak4556.o)
                0x0000000008001fb0                daisy::Ak4556::Init(dsy_gpio_pin)
 .text._ZN5daisy6Wm873120WriteControlRegisterEht
                0x0000000008001ff4       0x3c ../../libDaisy//build/libdaisy.a(codec_wm8731.o)
                0x0000000008001ff4                daisy::Wm8731::WriteControlRegister(unsigned char, unsigned short)
 .text._ZN5daisy6Wm87314InitERKNS0_6ConfigENS_9I2CHandleE
                0x0000000008002030      0x1bc ../../libDaisy//build/libdaisy.a(codec_wm8731.o)
                0x0000000008002030                daisy::Wm8731::Init(daisy::Wm8731::Config const&, daisy::I2CHandle)
 .text._ZN11SdramHandle10DeviceInitEv
                0x00000000080021ec       0x98 ../../libDaisy//build/libdaisy.a(sdram.o)
                0x00000000080021ec                SdramHandle::DeviceInit()
 .text._ZN11SdramHandle4InitEv
                0x0000000008002284       0x7c ../../libDaisy//build/libdaisy.a(sdram.o)
                0x0000000008002284                SdramHandle::Init()
 .text.HAL_SDRAM_MspInit
                0x0000000008002300      0x1a8 ../../libDaisy//build/libdaisy.a(sdram.o)
                0x0000000008002300                HAL_SDRAM_MspInit
 .text._ZN5daisy11AudioHandle4Impl16InternalCallbackEPlS2_j
                0x00000000080024a8      0xbbc ../../libDaisy//build/libdaisy.a(audio.o)
                0x00000000080024a8                daisy::AudioHandle::Impl::InternalCallback(long*, long*, unsigned int)
 .text._ZN5daisy11AudioHandle4InitERKNS0_6ConfigENS_9SaiHandleE
                0x0000000008003064       0x70 ../../libDaisy//build/libdaisy.a(audio.o)
                0x0000000008003064                daisy::AudioHandle::Init(daisy::AudioHandle::Config const&, daisy::SaiHandle)
 .text._ZNK5daisy11AudioHandle9GetConfigEv
                0x00000000080030d4        0x8 ../../libDaisy//build/libdaisy.a(audio.o)
                0x00000000080030d4                daisy::AudioHandle::GetConfig() const
 .text._ZN5daisy11AudioHandle12SetBlockSizeEj
                0x00000000080030dc       0x1c ../../libDaisy//build/libdaisy.a(audio.o)
                0x00000000080030dc                daisy::AudioHandle::SetBlockSize(unsigned int)
 .text._ZN5daisy11AudioHandle13GetSampleRateEv
                0x00000000080030f8        0x8 ../../libDaisy//build/libdaisy.a(audio.o)
                0x00000000080030f8                daisy::AudioHandle::GetSampleRate()
 .text._ZN5daisy11AudioHandle13SetSampleRateENS_9SaiHandle6Config10SampleRateE
                0x0000000008003100       0x88 ../../libDaisy//build/libdaisy.a(audio.o)
                0x0000000008003100                daisy::AudioHandle::SetSampleRate(daisy::SaiHandle::Config::SampleRate)
 .text._ZN5daisy11AudioHandle5StartEPFvPKPKfPPfjE
                0x0000000008003188       0x44 ../../libDaisy//build/libdaisy.a(audio.o)
                0x0000000008003188                daisy::AudioHandle::Start(void (*)(float const* const*, float**, unsigned int))
 .text.startup._GLOBAL__sub_I__ZN5daisy11AudioHandle4Impl4InitENS0_6ConfigENS_9SaiHandleE
                0x00000000080031cc       0x24 ../../libDaisy//build/libdaisy.a(audio.o)
 .text._ZN5daisy13AnalogControl4InitEPtfbbf
                0x00000000080031f0       0x64 ../../libDaisy//build/libdaisy.a(ctrl.o)
                0x00000000080031f0                daisy::AnalogControl::Init(unsigned short*, float, bool, bool, float)
 .text._ZN5daisy13AnalogControl7ProcessEv
                0x0000000008003254       0x48 ../../libDaisy//build/libdaisy.a(ctrl.o)
                0x0000000008003254                daisy::AnalogControl::Process()
 .text._ZN5daisy13AnalogControl13SetSampleRateEf
                0x000000000800329c       0x58 ../../libDaisy//build/libdaisy.a(ctrl.o)
                0x000000000800329c                daisy::AnalogControl::SetSampleRate(float)
 .text._ZN5daisy7Encoder4InitE12dsy_gpio_pinS1_S1_f
                0x00000000080032f4       0x60 ../../libDaisy//build/libdaisy.a(encoder.o)
                0x00000000080032f4                daisy::Encoder::Init(dsy_gpio_pin, dsy_gpio_pin, dsy_gpio_pin, float)
 .text._ZN5daisy7Encoder8DebounceEv
                0x0000000008003354       0x7c ../../libDaisy//build/libdaisy.a(encoder.o)
                0x0000000008003354                daisy::Encoder::Debounce()
 .text._ZN5daisy3Led4InitE12dsy_gpio_pinbf
                0x00000000080033d0       0x48 ../../libDaisy//build/libdaisy.a(led.o)
                0x00000000080033d0                daisy::Led::Init(dsy_gpio_pin, bool, float)
 .text._ZN5daisy3Led3SetEf
                0x0000000008003418       0x24 ../../libDaisy//build/libdaisy.a(led.o)
                0x0000000008003418                daisy::Led::Set(float)
 .text._ZN5daisy3Led6UpdateEv
                0x000000000800343c       0x48 ../../libDaisy//build/libdaisy.a(led.o)
                0x000000000800343c                daisy::Led::Update()
 .text._ZN5daisy6Switch4InitE12dsy_gpio_pinf
                0x0000000008003484       0x34 ../../libDaisy//build/libdaisy.a(switch.o)
                0x0000000008003484                daisy::Switch::Init(dsy_gpio_pin, float)
 .text._ZN5daisy6Switch8DebounceEv
                0x00000000080034b8       0x5c ../../libDaisy//build/libdaisy.a(switch.o)
                0x00000000080034b8                daisy::Switch::Debounce()
 .text._ZN5daisy16AdcChannelConfig10InitSingleE12dsy_gpio_pin
                0x0000000008003514       0x1c ../../libDaisy//build/libdaisy.a(adc.o)
                0x0000000008003514                daisy::AdcChannelConfig::InitSingle(dsy_gpio_pin)
 .text._ZN5daisy9AdcHandle4InitEPNS_16AdcChannelConfigEjNS0_12OverSamplingE
                0x0000000008003530      0x3c8 ../../libDaisy//build/libdaisy.a(adc.o)
                0x0000000008003530                daisy::AdcHandle::Init(daisy::AdcChannelConfig*, unsigned int, daisy::AdcHandle::OverSampling)
 .text._ZN5daisy9AdcHandle5StartEv
                0x00000000080038f8       0x2c ../../libDaisy//build/libdaisy.a(adc.o)
                0x00000000080038f8                daisy::AdcHandle::Start()
 .text._ZNK5daisy9AdcHandle6GetPtrEh
                0x0000000008003924       0x14 ../../libDaisy//build/libdaisy.a(adc.o)
                0x0000000008003924                daisy::AdcHandle::GetPtr(unsigned char) const
 .text.HAL_ADC_MspInit
                0x0000000008003938       0x98 ../../libDaisy//build/libdaisy.a(adc.o)
                0x0000000008003938                HAL_ADC_MspInit
 .text.DMA1_Stream2_IRQHandler
                0x00000000080039d0        0xc ../../libDaisy//build/libdaisy.a(adc.o)
                0x00000000080039d0                DMA1_Stream2_IRQHandler
 .text.HAL_ADC_ConvCpltCallback
                0x00000000080039dc      0x148 ../../libDaisy//build/libdaisy.a(adc.o)
                0x00000000080039dc                HAL_ADC_ConvCpltCallback
 .text.HAL_ADC_ErrorCallback
                0x0000000008003b24        0x4 ../../libDaisy//build/libdaisy.a(adc.o)
                0x0000000008003b24                HAL_ADC_ErrorCallback
 .text.dsy_gpio_init
                0x0000000008003b28      0x1b8 ../../libDaisy//build/libdaisy.a(gpio.o)
                0x0000000008003b28                dsy_gpio_init
 .text.dsy_gpio_read
                0x0000000008003ce0       0x1c ../../libDaisy//build/libdaisy.a(gpio.o)
                0x0000000008003ce0                dsy_gpio_read
 .text.dsy_gpio_write
                0x0000000008003cfc       0x24 ../../libDaisy//build/libdaisy.a(gpio.o)
                0x0000000008003cfc                dsy_gpio_write
 .text._ZN5daisy9I2CHandle4Impl20StartDmaTransmissionEtPhtPFvPvNS0_6ResultEES3_
                0x0000000008003d20       0xe8 ../../libDaisy//build/libdaisy.a(i2c.o)
                0x0000000008003d20                daisy::I2CHandle::Impl::StartDmaTransmission(unsigned short, unsigned char*, unsigned short, void (*)(void*, daisy::I2CHandle::Result), void*)
 .text._ZN5daisy9I2CHandle4Impl17StartDmaReceptionEtPhtPFvPvNS0_6ResultEES3_
                0x0000000008003e08       0xe4 ../../libDaisy//build/libdaisy.a(i2c.o)
                0x0000000008003e08                daisy::I2CHandle::Impl::StartDmaReception(unsigned short, unsigned char*, unsigned short, void (*)(void*, daisy::I2CHandle::Result), void*)
 .text._ZN5daisy9I2CHandle4Impl8InitPinsEv
                0x0000000008003eec       0x58 ../../libDaisy//build/libdaisy.a(i2c.o)
                0x0000000008003eec                daisy::I2CHandle::Impl::InitPins()
 .text.HAL_I2C_MspInit
                0x0000000008003f44      0x1b4 ../../libDaisy//build/libdaisy.a(i2c.o)
                0x0000000008003f44                HAL_I2C_MspInit
 .text.dsy_i2c_global_init
                0x00000000080040f8       0x78 ../../libDaisy//build/libdaisy.a(i2c.o)
                0x00000000080040f8                dsy_i2c_global_init
 .text.DMA1_Stream6_IRQHandler
                0x0000000008004170       0x34 ../../libDaisy//build/libdaisy.a(i2c.o)
                0x0000000008004170                DMA1_Stream6_IRQHandler
 .text.I2C1_EV_IRQHandler
                0x00000000080041a4        0xc ../../libDaisy//build/libdaisy.a(i2c.o)
                0x00000000080041a4                I2C1_EV_IRQHandler
 .text.I2C2_EV_IRQHandler
                0x00000000080041b0        0xc ../../libDaisy//build/libdaisy.a(i2c.o)
                0x00000000080041b0                I2C2_EV_IRQHandler
 .text.I2C3_EV_IRQHandler
                0x00000000080041bc        0xc ../../libDaisy//build/libdaisy.a(i2c.o)
                0x00000000080041bc                I2C3_EV_IRQHandler
 .text.HAL_I2C_MasterTxCpltCallback
                0x00000000080041c8       0x94 ../../libDaisy//build/libdaisy.a(i2c.o)
                0x00000000080041c8                HAL_I2C_MasterTxCpltCallback
 .text.HAL_I2C_MasterRxCpltCallback
                0x000000000800425c       0x94 ../../libDaisy//build/libdaisy.a(i2c.o)
                0x000000000800425c                HAL_I2C_MasterRxCpltCallback
 .text.HAL_I2C_SlaveTxCpltCallback
                0x00000000080042f0       0x94 ../../libDaisy//build/libdaisy.a(i2c.o)
                0x00000000080042f0                HAL_I2C_SlaveTxCpltCallback
 .text.HAL_I2C_SlaveRxCpltCallback
                0x0000000008004384       0x94 ../../libDaisy//build/libdaisy.a(i2c.o)
                0x0000000008004384                HAL_I2C_SlaveRxCpltCallback
 .text.HAL_I2C_ErrorCallback
                0x0000000008004418       0x9c ../../libDaisy//build/libdaisy.a(i2c.o)
                0x0000000008004418                HAL_I2C_ErrorCallback
 .text._ZN5daisy9I2CHandle4InitERKNS0_6ConfigE
                0x00000000080044b4      0x12c ../../libDaisy//build/libdaisy.a(i2c.o)
                0x00000000080044b4                daisy::I2CHandle::Init(daisy::I2CHandle::Config const&)
 .text._ZNK5daisy9I2CHandle9GetConfigEv
                0x00000000080045e0        0x4 ../../libDaisy//build/libdaisy.a(i2c.o)
                0x00000000080045e0                daisy::I2CHandle::GetConfig() const
 .text._ZN5daisy9I2CHandle16TransmitBlockingEtPhtm
                0x00000000080045e4       0x50 ../../libDaisy//build/libdaisy.a(i2c.o)
                0x00000000080045e4                daisy::I2CHandle::TransmitBlocking(unsigned short, unsigned char*, unsigned short, unsigned long)
 .text._ZN5daisy9I2CHandle11TransmitDmaEtPhtPFvPvNS0_6ResultEES2_
                0x0000000008004634       0x64 ../../libDaisy//build/libdaisy.a(i2c.o)
                0x0000000008004634                daisy::I2CHandle::TransmitDma(unsigned short, unsigned char*, unsigned short, void (*)(void*, daisy::I2CHandle::Result), void*)
 .text.startup._GLOBAL__sub_I__ZN5daisy9I2CHandle4Impl10GlobalInitEv
                0x0000000008004698       0x18 ../../libDaisy//build/libdaisy.a(i2c.o)
 .text._ZN5daisy10QSPIHandle4Impl11WriteEnableEv
                0x00000000080046b0       0x8c ../../libDaisy//build/libdaisy.a(qspi.o)
                0x00000000080046b0                daisy::QSPIHandle::Impl::WriteEnable()
 *fill*         0x000000000800473c        0x4 
 .text._ZN5daisy10QSPIHandle4Impl17DummyCyclesConfigENS0_6Config6DeviceE
                0x0000000008004740      0x118 ../../libDaisy//build/libdaisy.a(qspi.o)
                0x0000000008004740                daisy::QSPIHandle::Impl::DummyCyclesConfig(daisy::QSPIHandle::Config::Device)
 .text._ZN5daisy10QSPIHandle4Impl10QuadEnableEv
                0x0000000008004858      0x158 ../../libDaisy//build/libdaisy.a(qspi.o)
                0x0000000008004858                daisy::QSPIHandle::Impl::QuadEnable()
 .text._ZN5daisy10QSPIHandle4InitERKNS0_6ConfigE
                0x00000000080049b0      0x198 ../../libDaisy//build/libdaisy.a(qspi.o)
                0x00000000080049b0                daisy::QSPIHandle::Init(daisy::QSPIHandle::Config const&)
 .text.HAL_QSPI_MspInit
                0x0000000008004b48      0x11c ../../libDaisy//build/libdaisy.a(qspi.o)
                0x0000000008004b48                HAL_QSPI_MspInit
 .text.HAL_QSPI_MspDeInit
                0x0000000008004c64       0x54 ../../libDaisy//build/libdaisy.a(qspi.o)
                0x0000000008004c64                HAL_QSPI_MspDeInit
 .text.QUADSPI_IRQHandler
                0x0000000008004cb8        0xc ../../libDaisy//build/libdaisy.a(qspi.o)
                0x0000000008004cb8                QUADSPI_IRQHandler
 .text.startup._GLOBAL__sub_I__ZN5daisy10QSPIHandle4Impl4InitERKNS0_6ConfigE
                0x0000000008004cc4       0x28 ../../libDaisy//build/libdaisy.a(qspi.o)
 .text._ZN5daisy9SaiHandle4Impl7InitDmaENS1_15PeripheralBlockE
                0x0000000008004cec       0xa0 ../../libDaisy//build/libdaisy.a(sai.o)
                0x0000000008004cec                daisy::SaiHandle::Impl::InitDma(daisy::SaiHandle::Impl::PeripheralBlock)
 .text._ZN5daisy9SaiHandle4Impl8InitPinsEv
                0x0000000008004d8c       0xa8 ../../libDaisy//build/libdaisy.a(sai.o)
                0x0000000008004d8c                daisy::SaiHandle::Impl::InitPins()
 .text.HAL_SAI_MspInit
                0x0000000008004e34      0x164 ../../libDaisy//build/libdaisy.a(sai.o)
                0x0000000008004e34                HAL_SAI_MspInit
 .text.DMA1_Stream0_IRQHandler
                0x0000000008004f98        0xc ../../libDaisy//build/libdaisy.a(sai.o)
                0x0000000008004f98                DMA1_Stream0_IRQHandler
 .text.DMA1_Stream1_IRQHandler
                0x0000000008004fa4        0xc ../../libDaisy//build/libdaisy.a(sai.o)
                0x0000000008004fa4                DMA1_Stream1_IRQHandler
 .text.DMA1_Stream3_IRQHandler
                0x0000000008004fb0        0xc ../../libDaisy//build/libdaisy.a(sai.o)
                0x0000000008004fb0                DMA1_Stream3_IRQHandler
 .text.DMA1_Stream4_IRQHandler
                0x0000000008004fbc        0xc ../../libDaisy//build/libdaisy.a(sai.o)
                0x0000000008004fbc                DMA1_Stream4_IRQHandler
 .text.HAL_SAI_RxHalfCpltCallback
                0x0000000008004fc8       0x78 ../../libDaisy//build/libdaisy.a(sai.o)
                0x0000000008004fc8                HAL_SAI_RxHalfCpltCallback
 .text.HAL_SAI_RxCpltCallback
                0x0000000008005040       0x70 ../../libDaisy//build/libdaisy.a(sai.o)
                0x0000000008005040                HAL_SAI_RxCpltCallback
 .text._ZN5daisy9SaiHandle4InitERKNS0_6ConfigE
                0x00000000080050b0      0x1f0 ../../libDaisy//build/libdaisy.a(sai.o)
                0x00000000080050b0                daisy::SaiHandle::Init(daisy::SaiHandle::Config const&)
 .text._ZNK5daisy9SaiHandle9GetConfigEv
                0x00000000080052a0        0x4 ../../libDaisy//build/libdaisy.a(sai.o)
                0x00000000080052a0                daisy::SaiHandle::GetConfig() const
 .text._ZN5daisy9SaiHandle8StartDmaEPlS1_jPFvS1_S1_jE
                0x00000000080052a4       0xbc ../../libDaisy//build/libdaisy.a(sai.o)
                0x00000000080052a4                daisy::SaiHandle::StartDma(long*, long*, unsigned int, void (*)(long*, long*, unsigned int))
 .text._ZN5daisy9SaiHandle13GetSampleRateEv
                0x0000000008005360       0x24 ../../libDaisy//build/libdaisy.a(sai.o)
                0x0000000008005360                daisy::SaiHandle::GetSampleRate()
 .text._ZNK5daisy9SaiHandle9GetOffsetEv
                0x0000000008005384        0x8 ../../libDaisy//build/libdaisy.a(sai.o)
                0x0000000008005384                daisy::SaiHandle::GetOffset() const
 .text._ZN5daisy11TimerHandleD2Ev
                0x000000000800538c        0x4 ../../libDaisy//build/libdaisy.a(system.o)
                0x000000000800538c                daisy::TimerHandle::~TimerHandle()
                0x000000000800538c                daisy::TimerHandle::~TimerHandle()
 .text.SysTick_Handler
                0x0000000008005390       0x10 ../../libDaisy//build/libdaisy.a(system.o)
                0x0000000008005390                SysTick_Handler
 .text.OTG_HS_EP1_OUT_IRQHandler
                0x00000000080053a0       0x24 ../../libDaisy//build/libdaisy.a(system.o)
                0x00000000080053a0                OTG_HS_EP1_OUT_IRQHandler
 .text.OTG_HS_EP1_IN_IRQHandler
                0x00000000080053c4       0x24 ../../libDaisy//build/libdaisy.a(system.o)
                0x00000000080053c4                OTG_HS_EP1_IN_IRQHandler
 .text.OTG_HS_IRQHandler
                0x00000000080053e8       0x24 ../../libDaisy//build/libdaisy.a(system.o)
                0x00000000080053e8                OTG_HS_IRQHandler
 .text.HardFault_Handler
                0x000000000800540c       0xe0 ../../libDaisy//build/libdaisy.a(system.o)
                0x000000000800540c                HardFault_Handler
 .text._ZN5daisy6System6GetNowEv
                0x00000000080054ec        0x4 ../../libDaisy//build/libdaisy.a(system.o)
                0x00000000080054ec                daisy::System::GetNow()
 .text._ZN5daisy6System5DelayEm
                0x00000000080054f0        0x4 ../../libDaisy//build/libdaisy.a(system.o)
                0x00000000080054f0                daisy::System::Delay(unsigned long)
 .text._ZN5daisy6System17ResetToBootloaderEv
                0x00000000080054f4       0x38 ../../libDaisy//build/libdaisy.a(system.o)
                0x00000000080054f4                daisy::System::ResetToBootloader()
 .text._ZN5daisy6System15ConfigureClocksEv
                0x000000000800552c      0x194 ../../libDaisy//build/libdaisy.a(system.o)
                0x000000000800552c                daisy::System::ConfigureClocks()
 .text._ZN5daisy6System4InitERKNS0_6ConfigE
                0x00000000080056c0      0x140 ../../libDaisy//build/libdaisy.a(system.o)
                0x00000000080056c0                daisy::System::Init(daisy::System::Config const&)
 .text._ZN5daisy6System12GetPClk1FreqEv
                0x0000000008005800        0x4 ../../libDaisy//build/libdaisy.a(system.o)
                0x0000000008005800                daisy::System::GetPClk1Freq()
 .text._ZN5daisy6System22GetProgramMemoryRegionEv
                0x0000000008005804       0x78 ../../libDaisy//build/libdaisy.a(system.o)
                0x0000000008005804                daisy::System::GetProgramMemoryRegion()
 .text.startup._GLOBAL__sub_I_SysTick_Handler
                0x000000000800587c       0x1c ../../libDaisy//build/libdaisy.a(system.o)
 .text.SystemInit
                0x0000000008005898       0x9c ../../libDaisy//build/libdaisy.a(system_stm32h7xx.o)
                0x0000000008005898                SystemInit
 .text.HAL_PCD_SetupStageCallback
                0x0000000008005934        0xc ../../libDaisy//build/libdaisy.a(usbd_conf.o)
                0x0000000008005934                HAL_PCD_SetupStageCallback
 .text.HAL_PCD_DataOutStageCallback
                0x0000000008005940       0x14 ../../libDaisy//build/libdaisy.a(usbd_conf.o)
                0x0000000008005940                HAL_PCD_DataOutStageCallback
 .text.HAL_PCD_DataInStageCallback
                0x0000000008005954       0x14 ../../libDaisy//build/libdaisy.a(usbd_conf.o)
                0x0000000008005954                HAL_PCD_DataInStageCallback
 .text.HAL_PCD_SOFCallback
                0x0000000008005968        0x8 ../../libDaisy//build/libdaisy.a(usbd_conf.o)
                0x0000000008005968                HAL_PCD_SOFCallback
 .text.HAL_PCD_ResetCallback
                0x0000000008005970       0x24 ../../libDaisy//build/libdaisy.a(usbd_conf.o)
                0x0000000008005970                HAL_PCD_ResetCallback
 .text.HAL_PCD_SuspendCallback
                0x0000000008005994       0x30 ../../libDaisy//build/libdaisy.a(usbd_conf.o)
                0x0000000008005994                HAL_PCD_SuspendCallback
 .text.HAL_PCD_ResumeCallback
                0x00000000080059c4        0x8 ../../libDaisy//build/libdaisy.a(usbd_conf.o)
                0x00000000080059c4                HAL_PCD_ResumeCallback
 .text.HAL_PCD_ISOOUTIncompleteCallback
                0x00000000080059cc        0x8 ../../libDaisy//build/libdaisy.a(usbd_conf.o)
                0x00000000080059cc                HAL_PCD_ISOOUTIncompleteCallback
 .text.HAL_PCD_ISOINIncompleteCallback
                0x00000000080059d4        0x8 ../../libDaisy//build/libdaisy.a(usbd_conf.o)
                0x00000000080059d4                HAL_PCD_ISOINIncompleteCallback
 .text.HAL_PCD_ConnectCallback
                0x00000000080059dc        0x8 ../../libDaisy//build/libdaisy.a(usbd_conf.o)
                0x00000000080059dc                HAL_PCD_ConnectCallback
 .text.HAL_PCD_DisconnectCallback
                0x00000000080059e4        0x8 ../../libDaisy//build/libdaisy.a(usbd_conf.o)
                0x00000000080059e4                HAL_PCD_DisconnectCallback
 .text.USBD_LL_OpenEP
                0x00000000080059ec       0x24 ../../libDaisy//build/libdaisy.a(usbd_conf.o)
                0x00000000080059ec                USBD_LL_OpenEP
 .text.USBD_LL_StallEP
                0x0000000008005a10       0x1c ../../libDaisy//build/libdaisy.a(usbd_conf.o)
                0x0000000008005a10                USBD_LL_StallEP
 .text.USBD_LL_ClearStallEP
                0x0000000008005a2c       0x1c ../../libDaisy//build/libdaisy.a(usbd_conf.o)
                0x0000000008005a2c                USBD_LL_ClearStallEP
 .text.USBD_LL_IsStallEP
                0x0000000008005a48       0x28 ../../libDaisy//build/libdaisy.a(usbd_conf.o)
                0x0000000008005a48                USBD_LL_IsStallEP
 .text.USBD_LL_SetUSBAddress
                0x0000000008005a70       0x1c ../../libDaisy//build/libdaisy.a(usbd_conf.o)
                0x0000000008005a70                USBD_LL_SetUSBAddress
 .text.USBD_LL_Transmit
                0x0000000008005a8c       0x1c ../../libDaisy//build/libdaisy.a(usbd_conf.o)
                0x0000000008005a8c                USBD_LL_Transmit
 .text.USBD_LL_PrepareReceive
                0x0000000008005aa8       0x1c ../../libDaisy//build/libdaisy.a(usbd_conf.o)
                0x0000000008005aa8                USBD_LL_PrepareReceive
 .text.HAL_HCD_SOF_Callback
                0x0000000008005ac4        0x8 ../../libDaisy//build/libdaisy.a(usbh_conf.o)
                0x0000000008005ac4                HAL_HCD_SOF_Callback
 .text.HAL_HCD_Connect_Callback
                0x0000000008005acc        0x8 ../../libDaisy//build/libdaisy.a(usbh_conf.o)
                0x0000000008005acc                HAL_HCD_Connect_Callback
 .text.HAL_HCD_Disconnect_Callback
                0x0000000008005ad4        0x8 ../../libDaisy//build/libdaisy.a(usbh_conf.o)
                0x0000000008005ad4                HAL_HCD_Disconnect_Callback
 .text.HAL_HCD_HC_NotifyURBChange_Callback
                0x0000000008005adc        0x4 ../../libDaisy//build/libdaisy.a(usbh_conf.o)
                0x0000000008005adc                HAL_HCD_HC_NotifyURBChange_Callback
 .text.HAL_HCD_PortEnabled_Callback
                0x0000000008005ae0        0x8 ../../libDaisy//build/libdaisy.a(usbh_conf.o)
                0x0000000008005ae0                HAL_HCD_PortEnabled_Callback
 .text.HAL_HCD_PortDisabled_Callback
                0x0000000008005ae8        0x8 ../../libDaisy//build/libdaisy.a(usbh_conf.o)
                0x0000000008005ae8                HAL_HCD_PortDisabled_Callback
 .text.USBH_LL_Stop
                0x0000000008005af0       0x1c ../../libDaisy//build/libdaisy.a(usbh_conf.o)
                0x0000000008005af0                USBH_LL_Stop
 .text.dsy_hal_map_get_port
                0x0000000008005b0c       0x10 ../../libDaisy//build/libdaisy.a(hal_map.o)
                0x0000000008005b0c                dsy_hal_map_get_port
 .text.dsy_hal_map_get_pin
                0x0000000008005b1c       0x10 ../../libDaisy//build/libdaisy.a(hal_map.o)
                0x0000000008005b1c                dsy_hal_map_get_pin
 .text.dsy_hal_map_gpio_clk_enable
                0x0000000008005b2c      0x150 ../../libDaisy//build/libdaisy.a(hal_map.o)
                0x0000000008005b2c                dsy_hal_map_gpio_clk_enable
 .text.HAL_MspInit
                0x0000000008005c7c        0x4 ../../libDaisy//build/libdaisy.a(stm32h7xx_hal.o)
                0x0000000008005c7c                HAL_MspInit
 .text.HAL_InitTick
                0x0000000008005c80       0x4c ../../libDaisy//build/libdaisy.a(stm32h7xx_hal.o)
                0x0000000008005c80                HAL_InitTick
 .text.HAL_Init
                0x0000000008005ccc       0x60 ../../libDaisy//build/libdaisy.a(stm32h7xx_hal.o)
                0x0000000008005ccc                HAL_Init
 .text.HAL_IncTick
                0x0000000008005d2c       0x18 ../../libDaisy//build/libdaisy.a(stm32h7xx_hal.o)
                0x0000000008005d2c                HAL_IncTick
 .text.HAL_GetTick
                0x0000000008005d44        0xc ../../libDaisy//build/libdaisy.a(stm32h7xx_hal.o)
                0x0000000008005d44                HAL_GetTick
 .text.HAL_Delay
                0x0000000008005d50       0x24 ../../libDaisy//build/libdaisy.a(stm32h7xx_hal.o)
                0x0000000008005d50                HAL_Delay
 .text.HAL_GetREVID
                0x0000000008005d74        0xc ../../libDaisy//build/libdaisy.a(stm32h7xx_hal.o)
                0x0000000008005d74                HAL_GetREVID
 .text.HAL_ADC_ConvHalfCpltCallback
                0x0000000008005d80        0x4 ../../libDaisy//build/libdaisy.a(stm32h7xx_hal_adc.o)
                0x0000000008005d80                HAL_ADC_ConvHalfCpltCallback
 .text.ADC_DMAHalfConvCplt
                0x0000000008005d84        0xc ../../libDaisy//build/libdaisy.a(stm32h7xx_hal_adc.o)
                0x0000000008005d84                ADC_DMAHalfConvCplt
 .text.ADC_DMAConvCplt
                0x0000000008005d90       0x6c ../../libDaisy//build/libdaisy.a(stm32h7xx_hal_adc.o)
                0x0000000008005d90                ADC_DMAConvCplt
 .text.ADC_DMAError
                0x0000000008005dfc       0x1c ../../libDaisy//build/libdaisy.a(stm32h7xx_hal_adc.o)
                0x0000000008005dfc                ADC_DMAError
 .text.HAL_ADC_ConfigChannel
                0x0000000008005e18      0x3fc ../../libDaisy//build/libdaisy.a(stm32h7xx_hal_adc.o)
                0x0000000008005e18                HAL_ADC_ConfigChannel
 .text.ADC_Enable
                0x0000000008006214       0xac ../../libDaisy//build/libdaisy.a(stm32h7xx_hal_adc.o)
                0x0000000008006214                ADC_Enable
 .text.HAL_ADC_Start_DMA
                0x00000000080062c0      0x114 ../../libDaisy//build/libdaisy.a(stm32h7xx_hal_adc.o)
                0x00000000080062c0                HAL_ADC_Start_DMA
 .text.ADC_Disable
                0x00000000080063d4       0x68 ../../libDaisy//build/libdaisy.a(stm32h7xx_hal_adc.o)
                0x00000000080063d4                ADC_Disable
 .text.ADC_ConfigureBoostMode
                0x000000000800643c      0x184 ../../libDaisy//build/libdaisy.a(stm32h7xx_hal_adc.o)
                0x000000000800643c                ADC_ConfigureBoostMode
 .text.HAL_ADC_Init
                0x00000000080065c0      0x218 ../../libDaisy//build/libdaisy.a(stm32h7xx_hal_adc.o)
                0x00000000080065c0                HAL_ADC_Init
 .text.HAL_ADCEx_Calibration_Start
                0x00000000080067d8       0xa4 ../../libDaisy//build/libdaisy.a(stm32h7xx_hal_adc_ex.o)
                0x00000000080067d8                HAL_ADCEx_Calibration_Start
 .text.HAL_ADCEx_MultiModeConfigChannel
                0x000000000800687c       0xc4 ../../libDaisy//build/libdaisy.a(stm32h7xx_hal_adc_ex.o)
                0x000000000800687c                HAL_ADCEx_MultiModeConfigChannel
 .text.HAL_NVIC_SetPriorityGrouping
                0x0000000008006940       0x24 ../../libDaisy//build/libdaisy.a(stm32h7xx_hal_cortex.o)
                0x0000000008006940                HAL_NVIC_SetPriorityGrouping
 .text.HAL_NVIC_SetPriority
                0x0000000008006964       0x7c ../../libDaisy//build/libdaisy.a(stm32h7xx_hal_cortex.o)
                0x0000000008006964                HAL_NVIC_SetPriority
 .text.HAL_NVIC_EnableIRQ
                0x00000000080069e0       0x1c ../../libDaisy//build/libdaisy.a(stm32h7xx_hal_cortex.o)
                0x00000000080069e0                HAL_NVIC_EnableIRQ
 .text.HAL_NVIC_DisableIRQ
                0x00000000080069fc       0x28 ../../libDaisy//build/libdaisy.a(stm32h7xx_hal_cortex.o)
                0x00000000080069fc                HAL_NVIC_DisableIRQ
 .text.HAL_NVIC_SystemReset
                0x0000000008006a24       0x24 ../../libDaisy//build/libdaisy.a(stm32h7xx_hal_cortex.o)
                0x0000000008006a24                HAL_NVIC_SystemReset
 .text.HAL_SYSTICK_Config
                0x0000000008006a48       0x2c ../../libDaisy//build/libdaisy.a(stm32h7xx_hal_cortex.o)
                0x0000000008006a48                HAL_SYSTICK_Config
 .text.HAL_MPU_Disable
                0x0000000008006a74       0x1c ../../libDaisy//build/libdaisy.a(stm32h7xx_hal_cortex.o)
                0x0000000008006a74                HAL_MPU_Disable
 .text.HAL_MPU_Enable
                0x0000000008006a90       0x20 ../../libDaisy//build/libdaisy.a(stm32h7xx_hal_cortex.o)
                0x0000000008006a90                HAL_MPU_Enable
 .text.HAL_MPU_ConfigRegion
                0x0000000008006ab0       0x64 ../../libDaisy//build/libdaisy.a(stm32h7xx_hal_cortex.o)
                0x0000000008006ab0                HAL_MPU_ConfigRegion
 .text.HAL_SYSTICK_Callback
                0x0000000008006b14        0x4 ../../libDaisy//build/libdaisy.a(stm32h7xx_hal_cortex.o)
                0x0000000008006b14                HAL_SYSTICK_Callback
 .text.HAL_SYSTICK_IRQHandler
                0x0000000008006b18        0x8 ../../libDaisy//build/libdaisy.a(stm32h7xx_hal_cortex.o)
                0x0000000008006b18                HAL_SYSTICK_IRQHandler
 .text.DMA_CalcBaseAndBitshift
                0x0000000008006b20       0xf4 ../../libDaisy//build/libdaisy.a(stm32h7xx_hal_dma.o)
 .text.DMA_CalcDMAMUXChannelBaseAndMask
                0x0000000008006c14       0xd8 ../../libDaisy//build/libdaisy.a(stm32h7xx_hal_dma.o)
 .text.HAL_DMA_Init
                0x0000000008006cec      0x37c ../../libDaisy//build/libdaisy.a(stm32h7xx_hal_dma.o)
                0x0000000008006cec                HAL_DMA_Init
 .text.HAL_DMA_Start_IT
                0x0000000008007068      0x240 ../../libDaisy//build/libdaisy.a(stm32h7xx_hal_dma.o)
                0x0000000008007068                HAL_DMA_Start_IT
 .text.HAL_DMA_Abort_IT
                0x00000000080072a8      0x134 ../../libDaisy//build/libdaisy.a(stm32h7xx_hal_dma.o)
                0x00000000080072a8                HAL_DMA_Abort_IT
 .text.HAL_DMA_IRQHandler
                0x00000000080073dc      0x6a0 ../../libDaisy//build/libdaisy.a(stm32h7xx_hal_dma.o)
                0x00000000080073dc                HAL_DMA_IRQHandler
 .text.HAL_DMA_GetError
                0x0000000008007a7c        0x4 ../../libDaisy//build/libdaisy.a(stm32h7xx_hal_dma.o)
                0x0000000008007a7c                HAL_DMA_GetError
 .text.HAL_GPIO_Init
                0x0000000008007a80      0x280 ../../libDaisy//build/libdaisy.a(stm32h7xx_hal_gpio.o)
                0x0000000008007a80                HAL_GPIO_Init
 .text.HAL_GPIO_DeInit
                0x0000000008007d00      0x190 ../../libDaisy//build/libdaisy.a(stm32h7xx_hal_gpio.o)
                0x0000000008007d00                HAL_GPIO_DeInit
 .text.HAL_GPIO_ReadPin
                0x0000000008007e90        0xc ../../libDaisy//build/libdaisy.a(stm32h7xx_hal_gpio.o)
                0x0000000008007e90                HAL_GPIO_ReadPin
 .text.HAL_GPIO_WritePin
                0x0000000008007e9c        0x8 ../../libDaisy//build/libdaisy.a(stm32h7xx_hal_gpio.o)
                0x0000000008007e9c                HAL_GPIO_WritePin
 .text.HAL_HCD_IRQHandler
                0x0000000008007ea4      0x780 ../../libDaisy//build/libdaisy.a(stm32h7xx_hal_hcd.o)
                0x0000000008007ea4                HAL_HCD_IRQHandler
 .text.HAL_HCD_Stop
                0x0000000008008624       0x28 ../../libDaisy//build/libdaisy.a(stm32h7xx_hal_hcd.o)
                0x0000000008008624                HAL_HCD_Stop
 .text.I2C_WaitOnTXISFlagUntilTimeout
                0x000000000800864c       0xb8 ../../libDaisy//build/libdaisy.a(stm32h7xx_hal_i2c.o)
 .text.I2C_WaitOnSTOPFlagUntilTimeout
                0x0000000008008704       0xac ../../libDaisy//build/libdaisy.a(stm32h7xx_hal_i2c.o)
 .text.HAL_I2C_Init
                0x00000000080087b0       0xac ../../libDaisy//build/libdaisy.a(stm32h7xx_hal_i2c.o)
                0x00000000080087b0                HAL_I2C_Init
 .text.HAL_I2C_Master_Transmit
                0x000000000800885c      0x1a8 ../../libDaisy//build/libdaisy.a(stm32h7xx_hal_i2c.o)
                0x000000000800885c                HAL_I2C_Master_Transmit
 .text.HAL_I2C_Slave_Transmit
                0x0000000008008a04      0x1c8 ../../libDaisy//build/libdaisy.a(stm32h7xx_hal_i2c.o)
                0x0000000008008a04                HAL_I2C_Slave_Transmit
 .text.HAL_I2C_Master_Transmit_DMA
                0x0000000008008bcc      0x174 ../../libDaisy//build/libdaisy.a(stm32h7xx_hal_i2c.o)
                0x0000000008008bcc                HAL_I2C_Master_Transmit_DMA
 .text.HAL_I2C_Master_Receive_DMA
                0x0000000008008d40      0x170 ../../libDaisy//build/libdaisy.a(stm32h7xx_hal_i2c.o)
                0x0000000008008d40                HAL_I2C_Master_Receive_DMA
 .text.HAL_I2C_Slave_Transmit_DMA
                0x0000000008008eb0       0xd8 ../../libDaisy//build/libdaisy.a(stm32h7xx_hal_i2c.o)
                0x0000000008008eb0                HAL_I2C_Slave_Transmit_DMA
 .text.HAL_I2C_Slave_Receive_DMA
                0x0000000008008f88       0xdc ../../libDaisy//build/libdaisy.a(stm32h7xx_hal_i2c.o)
                0x0000000008008f88                HAL_I2C_Slave_Receive_DMA
 .text.HAL_I2C_EV_IRQHandler
                0x0000000008009064       0x10 ../../libDaisy//build/libdaisy.a(stm32h7xx_hal_i2c.o)
                0x0000000008009064                HAL_I2C_EV_IRQHandler
 .text.I2C_DMASlaveTransmitCplt
                0x0000000008009074       0x90 ../../libDaisy//build/libdaisy.a(stm32h7xx_hal_i2c.o)
 .text.I2C_DMASlaveReceiveCplt
                0x0000000008009104       0x94 ../../libDaisy//build/libdaisy.a(stm32h7xx_hal_i2c.o)
 .text.HAL_I2C_AddrCallback
                0x0000000008009198        0x4 ../../libDaisy//build/libdaisy.a(stm32h7xx_hal_i2c.o)
                0x0000000008009198                HAL_I2C_AddrCallback
 .text.I2C_ITAddrCplt.part.0
                0x000000000800919c       0x64 ../../libDaisy//build/libdaisy.a(stm32h7xx_hal_i2c.o)
 .text.HAL_I2C_ListenCpltCallback
                0x0000000008009200        0x4 ../../libDaisy//build/libdaisy.a(stm32h7xx_hal_i2c.o)
                0x0000000008009200                HAL_I2C_ListenCpltCallback
 .text.HAL_I2C_MemTxCpltCallback
                0x0000000008009204        0x4 ../../libDaisy//build/libdaisy.a(stm32h7xx_hal_i2c.o)
                0x0000000008009204                HAL_I2C_MemTxCpltCallback
 .text.HAL_I2C_MemRxCpltCallback
                0x0000000008009208        0x4 ../../libDaisy//build/libdaisy.a(stm32h7xx_hal_i2c.o)
                0x0000000008009208                HAL_I2C_MemRxCpltCallback
 .text.HAL_I2C_AbortCpltCallback
                0x000000000800920c        0x4 ../../libDaisy//build/libdaisy.a(stm32h7xx_hal_i2c.o)
                0x000000000800920c                HAL_I2C_AbortCpltCallback
 .text.I2C_ITError
                0x0000000008009210      0x114 ../../libDaisy//build/libdaisy.a(stm32h7xx_hal_i2c.o)
 .text.I2C_ITSlaveCplt
                0x0000000008009324      0x1d8 ../../libDaisy//build/libdaisy.a(stm32h7xx_hal_i2c.o)
 .text.I2C_Slave_ISR_IT
                0x00000000080094fc      0x324 ../../libDaisy//build/libdaisy.a(stm32h7xx_hal_i2c.o)
 .text.I2C_ITMasterCplt
                0x0000000008009820       0xe8 ../../libDaisy//build/libdaisy.a(stm32h7xx_hal_i2c.o)
 .text.I2C_Master_ISR_IT
                0x0000000008009908      0x1f4 ../../libDaisy//build/libdaisy.a(stm32h7xx_hal_i2c.o)
 .text.I2C_Slave_ISR_DMA
                0x0000000008009afc      0x1e4 ../../libDaisy//build/libdaisy.a(stm32h7xx_hal_i2c.o)
 .text.I2C_Master_ISR_DMA
                0x0000000008009ce0      0x22c ../../libDaisy//build/libdaisy.a(stm32h7xx_hal_i2c.o)
 .text.I2C_DMAError
                0x0000000008009f0c       0x48 ../../libDaisy//build/libdaisy.a(stm32h7xx_hal_i2c.o)
 .text.I2C_DMAMasterTransmitCplt
                0x0000000008009f54       0x90 ../../libDaisy//build/libdaisy.a(stm32h7xx_hal_i2c.o)
 .text.I2C_DMAMasterReceiveCplt
                0x0000000008009fe4       0x8c ../../libDaisy//build/libdaisy.a(stm32h7xx_hal_i2c.o)
 .text.I2C_DMAAbort
                0x000000000800a070       0x28 ../../libDaisy//build/libdaisy.a(stm32h7xx_hal_i2c.o)
 .text.HAL_I2C_GetState
                0x000000000800a098        0x8 ../../libDaisy//build/libdaisy.a(stm32h7xx_hal_i2c.o)
                0x000000000800a098                HAL_I2C_GetState
 .text.HAL_I2CEx_ConfigAnalogFilter
                0x000000000800a0a0       0x54 ../../libDaisy//build/libdaisy.a(stm32h7xx_hal_i2c_ex.o)
                0x000000000800a0a0                HAL_I2CEx_ConfigAnalogFilter
 .text.HAL_I2CEx_ConfigDigitalFilter
                0x000000000800a0f4       0x58 ../../libDaisy//build/libdaisy.a(stm32h7xx_hal_i2c_ex.o)
                0x000000000800a0f4                HAL_I2CEx_ConfigDigitalFilter
 .text.HAL_PCD_IRQHandler
                0x000000000800a14c      0x69c ../../libDaisy//build/libdaisy.a(stm32h7xx_hal_pcd.o)
                0x000000000800a14c                HAL_PCD_IRQHandler
 .text.HAL_PCD_SetAddress
                0x000000000800a7e8       0x2c ../../libDaisy//build/libdaisy.a(stm32h7xx_hal_pcd.o)
                0x000000000800a7e8                HAL_PCD_SetAddress
 .text.HAL_PCD_EP_Open
                0x000000000800a814       0x7c ../../libDaisy//build/libdaisy.a(stm32h7xx_hal_pcd.o)
                0x000000000800a814                HAL_PCD_EP_Open
 .text.HAL_PCD_EP_Receive
                0x000000000800a890       0x50 ../../libDaisy//build/libdaisy.a(stm32h7xx_hal_pcd.o)
                0x000000000800a890                HAL_PCD_EP_Receive
 .text.HAL_PCD_EP_Transmit
                0x000000000800a8e0       0x50 ../../libDaisy//build/libdaisy.a(stm32h7xx_hal_pcd.o)
                0x000000000800a8e0                HAL_PCD_EP_Transmit
 .text.HAL_PCD_EP_SetStall
                0x000000000800a930       0x88 ../../libDaisy//build/libdaisy.a(stm32h7xx_hal_pcd.o)
                0x000000000800a930                HAL_PCD_EP_SetStall
 .text.HAL_PCD_EP_ClrStall
                0x000000000800a9b8       0x78 ../../libDaisy//build/libdaisy.a(stm32h7xx_hal_pcd.o)
                0x000000000800a9b8                HAL_PCD_EP_ClrStall
 .text.HAL_PCDEx_LPM_Callback
                0x000000000800aa30        0x4 ../../libDaisy//build/libdaisy.a(stm32h7xx_hal_pcd_ex.o)
                0x000000000800aa30                HAL_PCDEx_LPM_Callback
 .text.HAL_PWREx_ConfigSupply
                0x000000000800aa34       0x4c ../../libDaisy//build/libdaisy.a(stm32h7xx_hal_pwr_ex.o)
                0x000000000800aa34                HAL_PWREx_ConfigSupply
 .text.HAL_PWREx_EnableUSBVoltageDetector
                0x000000000800aa80       0x10 ../../libDaisy//build/libdaisy.a(stm32h7xx_hal_pwr_ex.o)
                0x000000000800aa80                HAL_PWREx_EnableUSBVoltageDetector
 .text.QSPI_Config
                0x000000000800aa90      0x174 ../../libDaisy//build/libdaisy.a(stm32h7xx_hal_qspi.o)
 .text.HAL_QSPI_Init
                0x000000000800ac04       0xd8 ../../libDaisy//build/libdaisy.a(stm32h7xx_hal_qspi.o)
                0x000000000800ac04                HAL_QSPI_Init
 .text.HAL_QSPI_DeInit
                0x000000000800acdc       0x3c ../../libDaisy//build/libdaisy.a(stm32h7xx_hal_qspi.o)
                0x000000000800acdc                HAL_QSPI_DeInit
 .text.HAL_QSPI_Command
                0x000000000800ad18       0xd4 ../../libDaisy//build/libdaisy.a(stm32h7xx_hal_qspi.o)
                0x000000000800ad18                HAL_QSPI_Command
 .text.HAL_QSPI_Transmit
                0x000000000800adec       0xfc ../../libDaisy//build/libdaisy.a(stm32h7xx_hal_qspi.o)
                0x000000000800adec                HAL_QSPI_Transmit
 .text.HAL_QSPI_Receive
                0x000000000800aee8      0x108 ../../libDaisy//build/libdaisy.a(stm32h7xx_hal_qspi.o)
                0x000000000800aee8                HAL_QSPI_Receive
 .text.HAL_QSPI_AutoPolling
                0x000000000800aff0       0xf0 ../../libDaisy//build/libdaisy.a(stm32h7xx_hal_qspi.o)
                0x000000000800aff0                HAL_QSPI_AutoPolling
 .text.HAL_QSPI_MemoryMapped
                0x000000000800b0e0       0xc0 ../../libDaisy//build/libdaisy.a(stm32h7xx_hal_qspi.o)
                0x000000000800b0e0                HAL_QSPI_MemoryMapped
 .text.HAL_QSPI_ErrorCallback
                0x000000000800b1a0        0x4 ../../libDaisy//build/libdaisy.a(stm32h7xx_hal_qspi.o)
                0x000000000800b1a0                HAL_QSPI_ErrorCallback
 .text.QSPI_DMAAbortCplt
                0x000000000800b1a4       0x38 ../../libDaisy//build/libdaisy.a(stm32h7xx_hal_qspi.o)
 .text.HAL_QSPI_AbortCpltCallback
                0x000000000800b1dc        0x4 ../../libDaisy//build/libdaisy.a(stm32h7xx_hal_qspi.o)
                0x000000000800b1dc                HAL_QSPI_AbortCpltCallback
 .text.HAL_QSPI_CmdCpltCallback
                0x000000000800b1e0        0x4 ../../libDaisy//build/libdaisy.a(stm32h7xx_hal_qspi.o)
                0x000000000800b1e0                HAL_QSPI_CmdCpltCallback
 .text.HAL_QSPI_RxCpltCallback
                0x000000000800b1e4        0x4 ../../libDaisy//build/libdaisy.a(stm32h7xx_hal_qspi.o)
                0x000000000800b1e4                HAL_QSPI_RxCpltCallback
 .text.HAL_QSPI_TxCpltCallback
                0x000000000800b1e8        0x4 ../../libDaisy//build/libdaisy.a(stm32h7xx_hal_qspi.o)
                0x000000000800b1e8                HAL_QSPI_TxCpltCallback
 .text.HAL_QSPI_FifoThresholdCallback
                0x000000000800b1ec        0x4 ../../libDaisy//build/libdaisy.a(stm32h7xx_hal_qspi.o)
                0x000000000800b1ec                HAL_QSPI_FifoThresholdCallback
 .text.HAL_QSPI_StatusMatchCallback
                0x000000000800b1f0        0x4 ../../libDaisy//build/libdaisy.a(stm32h7xx_hal_qspi.o)
                0x000000000800b1f0                HAL_QSPI_StatusMatchCallback
 .text.HAL_QSPI_TimeOutCallback
                0x000000000800b1f4        0x4 ../../libDaisy//build/libdaisy.a(stm32h7xx_hal_qspi.o)
                0x000000000800b1f4                HAL_QSPI_TimeOutCallback
 .text.HAL_QSPI_IRQHandler
                0x000000000800b1f8      0x210 ../../libDaisy//build/libdaisy.a(stm32h7xx_hal_qspi.o)
                0x000000000800b1f8                HAL_QSPI_IRQHandler
 .text.HAL_RCC_OscConfig
                0x000000000800b408      0x51c ../../libDaisy//build/libdaisy.a(stm32h7xx_hal_rcc.o)
                0x000000000800b408                HAL_RCC_OscConfig
 .text.HAL_RCC_GetSysClockFreq
                0x000000000800b924      0x140 ../../libDaisy//build/libdaisy.a(stm32h7xx_hal_rcc.o)
                0x000000000800b924                HAL_RCC_GetSysClockFreq
 .text.HAL_RCC_ClockConfig
                0x000000000800ba64      0x234 ../../libDaisy//build/libdaisy.a(stm32h7xx_hal_rcc.o)
                0x000000000800ba64                HAL_RCC_ClockConfig
 .text.HAL_RCC_GetHCLKFreq
                0x000000000800bc98       0x2c ../../libDaisy//build/libdaisy.a(stm32h7xx_hal_rcc.o)
                0x000000000800bc98                HAL_RCC_GetHCLKFreq
 .text.HAL_RCC_GetPCLK1Freq
                0x000000000800bcc4       0x38 ../../libDaisy//build/libdaisy.a(stm32h7xx_hal_rcc.o)
                0x000000000800bcc4                HAL_RCC_GetPCLK1Freq
 .text.HAL_RCC_GetPCLK2Freq
                0x000000000800bcfc       0x38 ../../libDaisy//build/libdaisy.a(stm32h7xx_hal_rcc.o)
                0x000000000800bcfc                HAL_RCC_GetPCLK2Freq
 .text.RCCEx_PLL2_Config
                0x000000000800bd34       0xf4 ../../libDaisy//build/libdaisy.a(stm32h7xx_hal_rcc_ex.o)
 .text.RCCEx_PLL3_Config
                0x000000000800be28       0xf4 ../../libDaisy//build/libdaisy.a(stm32h7xx_hal_rcc_ex.o)
 .text.HAL_RCCEx_PeriphCLKConfig
                0x000000000800bf1c      0xa7c ../../libDaisy//build/libdaisy.a(stm32h7xx_hal_rcc_ex.o)
                0x000000000800bf1c                HAL_RCCEx_PeriphCLKConfig
 .text.HAL_RCCEx_GetD3PCLK1Freq
                0x000000000800c998       0x24 ../../libDaisy//build/libdaisy.a(stm32h7xx_hal_rcc_ex.o)
                0x000000000800c998                HAL_RCCEx_GetD3PCLK1Freq
 .text.HAL_RCCEx_GetPLL2ClockFreq
                0x000000000800c9bc      0x17c ../../libDaisy//build/libdaisy.a(stm32h7xx_hal_rcc_ex.o)
                0x000000000800c9bc                HAL_RCCEx_GetPLL2ClockFreq
 .text.HAL_RCCEx_GetPLL3ClockFreq
                0x000000000800cb38      0x17c ../../libDaisy//build/libdaisy.a(stm32h7xx_hal_rcc_ex.o)
                0x000000000800cb38                HAL_RCCEx_GetPLL3ClockFreq
 .text.HAL_RCCEx_GetPLL1ClockFreq
                0x000000000800ccb4      0x17c ../../libDaisy//build/libdaisy.a(stm32h7xx_hal_rcc_ex.o)
                0x000000000800ccb4                HAL_RCCEx_GetPLL1ClockFreq
 .text.HAL_RCCEx_GetPeriphCLKFreq
                0x000000000800ce30      0x198 ../../libDaisy//build/libdaisy.a(stm32h7xx_hal_rcc_ex.o)
                0x000000000800ce30                HAL_RCCEx_GetPeriphCLKFreq
 .text.HAL_RCCEx_GetD1SysClockFreq
                0x000000000800cfc8       0x2c ../../libDaisy//build/libdaisy.a(stm32h7xx_hal_rcc_ex.o)
                0x000000000800cfc8                HAL_RCCEx_GetD1SysClockFreq
 .text.HAL_SAI_Init.part.0
                0x000000000800cff4      0x348 ../../libDaisy//build/libdaisy.a(stm32h7xx_hal_sai.o)
 .text.HAL_SAI_InitProtocol
                0x000000000800d33c      0x178 ../../libDaisy//build/libdaisy.a(stm32h7xx_hal_sai.o)
                0x000000000800d33c                HAL_SAI_InitProtocol
 .text.HAL_SAI_Transmit_DMA
                0x000000000800d4b4      0x124 ../../libDaisy//build/libdaisy.a(stm32h7xx_hal_sai.o)
                0x000000000800d4b4                HAL_SAI_Transmit_DMA
 .text.HAL_SAI_Receive_DMA
                0x000000000800d5d8       0xd0 ../../libDaisy//build/libdaisy.a(stm32h7xx_hal_sai.o)
                0x000000000800d5d8                HAL_SAI_Receive_DMA
 .text.HAL_SAI_TxCpltCallback
                0x000000000800d6a8        0x4 ../../libDaisy//build/libdaisy.a(stm32h7xx_hal_sai.o)
                0x000000000800d6a8                HAL_SAI_TxCpltCallback
 .text.SAI_DMATxCplt
                0x000000000800d6ac       0x64 ../../libDaisy//build/libdaisy.a(stm32h7xx_hal_sai.o)
 .text.HAL_SAI_TxHalfCpltCallback
                0x000000000800d710        0x4 ../../libDaisy//build/libdaisy.a(stm32h7xx_hal_sai.o)
                0x000000000800d710                HAL_SAI_TxHalfCpltCallback
 .text.SAI_DMATxHalfCplt
                0x000000000800d714        0xc ../../libDaisy//build/libdaisy.a(stm32h7xx_hal_sai.o)
 .text.SAI_DMARxCplt
                0x000000000800d720       0x64 ../../libDaisy//build/libdaisy.a(stm32h7xx_hal_sai.o)
 .text.SAI_DMARxHalfCplt
                0x000000000800d784        0xc ../../libDaisy//build/libdaisy.a(stm32h7xx_hal_sai.o)
 .text.HAL_SAI_ErrorCallback
                0x000000000800d790        0x4 ../../libDaisy//build/libdaisy.a(stm32h7xx_hal_sai.o)
                0x000000000800d790                HAL_SAI_ErrorCallback
 .text.SAI_DMAError
                0x000000000800d794       0x6c ../../libDaisy//build/libdaisy.a(stm32h7xx_hal_sai.o)
 .text.HAL_SDRAM_Init
                0x000000000800d800       0x54 ../../libDaisy//build/libdaisy.a(stm32h7xx_hal_sdram.o)
                0x000000000800d800                HAL_SDRAM_Init
 .text.HAL_SDRAM_SendCommand
                0x000000000800d854       0x40 ../../libDaisy//build/libdaisy.a(stm32h7xx_hal_sdram.o)
                0x000000000800d854                HAL_SDRAM_SendCommand
 .text.HAL_SDRAM_ProgramRefreshRate
                0x000000000800d894       0x30 ../../libDaisy//build/libdaisy.a(stm32h7xx_hal_sdram.o)
                0x000000000800d894                HAL_SDRAM_ProgramRefreshRate
 .text.FMC_SDRAM_Init
                0x000000000800d8c4       0x7c ../../libDaisy//build/libdaisy.a(stm32h7xx_ll_fmc.o)
                0x000000000800d8c4                FMC_SDRAM_Init
 .text.FMC_SDRAM_Timing_Init
                0x000000000800d940       0x98 ../../libDaisy//build/libdaisy.a(stm32h7xx_ll_fmc.o)
                0x000000000800d940                FMC_SDRAM_Timing_Init
 .text.FMC_SDRAM_SendCommand
                0x000000000800d9d8       0x28 ../../libDaisy//build/libdaisy.a(stm32h7xx_ll_fmc.o)
                0x000000000800d9d8                FMC_SDRAM_SendCommand
 .text.FMC_SDRAM_ProgramRefreshRate
                0x000000000800da00       0x1c ../../libDaisy//build/libdaisy.a(stm32h7xx_ll_fmc.o)
                0x000000000800da00                FMC_SDRAM_ProgramRefreshRate
 .text.USB_SetTurnaroundTime
                0x000000000800da1c      0x104 ../../libDaisy//build/libdaisy.a(stm32h7xx_ll_usb.o)
                0x000000000800da1c                USB_SetTurnaroundTime
 .text.USB_FlushTxFifo
                0x000000000800db20       0x34 ../../libDaisy//build/libdaisy.a(stm32h7xx_ll_usb.o)
                0x000000000800db20                USB_FlushTxFifo
 .text.USB_GetDevSpeed
                0x000000000800db54       0x24 ../../libDaisy//build/libdaisy.a(stm32h7xx_ll_usb.o)
                0x000000000800db54                USB_GetDevSpeed
 .text.USB_ActivateEndpoint
                0x000000000800db78       0x90 ../../libDaisy//build/libdaisy.a(stm32h7xx_ll_usb.o)
                0x000000000800db78                USB_ActivateEndpoint
 .text.USB_EPStartXfer
                0x000000000800dc08      0x230 ../../libDaisy//build/libdaisy.a(stm32h7xx_ll_usb.o)
                0x000000000800dc08                USB_EPStartXfer
 .text.USB_EP0StartXfer
                0x000000000800de38      0x174 ../../libDaisy//build/libdaisy.a(stm32h7xx_ll_usb.o)
                0x000000000800de38                USB_EP0StartXfer
 .text.USB_WritePacket
                0x000000000800dfac       0x2c ../../libDaisy//build/libdaisy.a(stm32h7xx_ll_usb.o)
                0x000000000800dfac                USB_WritePacket
 .text.USB_ReadPacket
                0x000000000800dfd8       0x20 ../../libDaisy//build/libdaisy.a(stm32h7xx_ll_usb.o)
                0x000000000800dfd8                USB_ReadPacket
 .text.USB_EPSetStall
                0x000000000800dff8       0x68 ../../libDaisy//build/libdaisy.a(stm32h7xx_ll_usb.o)
                0x000000000800dff8                USB_EPSetStall
 .text.USB_EPClearStall
                0x000000000800e060       0x58 ../../libDaisy//build/libdaisy.a(stm32h7xx_ll_usb.o)
                0x000000000800e060                USB_EPClearStall
 .text.USB_SetDevAddress
                0x000000000800e0b8       0x24 ../../libDaisy//build/libdaisy.a(stm32h7xx_ll_usb.o)
                0x000000000800e0b8                USB_SetDevAddress
 .text.USB_ReadInterrupts
                0x000000000800e0dc       0x14 ../../libDaisy//build/libdaisy.a(stm32h7xx_ll_usb.o)
                0x000000000800e0dc                USB_ReadInterrupts
 .text.USB_ReadDevAllOutEpInterrupt
                0x000000000800e0f0       0x1c ../../libDaisy//build/libdaisy.a(stm32h7xx_ll_usb.o)
                0x000000000800e0f0                USB_ReadDevAllOutEpInterrupt
 .text.USB_ReadDevAllInEpInterrupt
                0x000000000800e10c       0x1c ../../libDaisy//build/libdaisy.a(stm32h7xx_ll_usb.o)
                0x000000000800e10c                USB_ReadDevAllInEpInterrupt
 .text.USB_ReadDevOutEPInterrupt
                0x000000000800e128       0x1c ../../libDaisy//build/libdaisy.a(stm32h7xx_ll_usb.o)
                0x000000000800e128                USB_ReadDevOutEPInterrupt
 .text.USB_ReadDevInEPInterrupt
                0x000000000800e144       0x38 ../../libDaisy//build/libdaisy.a(stm32h7xx_ll_usb.o)
                0x000000000800e144                USB_ReadDevInEPInterrupt
 .text.USB_GetMode
                0x000000000800e17c        0x8 ../../libDaisy//build/libdaisy.a(stm32h7xx_ll_usb.o)
                0x000000000800e17c                USB_GetMode
 .text.USB_ActivateSetup
                0x000000000800e184       0x38 ../../libDaisy//build/libdaisy.a(stm32h7xx_ll_usb.o)
                0x000000000800e184                USB_ActivateSetup
 .text.USB_EP0_OutStart
                0x000000000800e1bc       0x58 ../../libDaisy//build/libdaisy.a(stm32h7xx_ll_usb.o)
                0x000000000800e1bc                USB_EP0_OutStart
 .text.USB_InitFSLSPClkSel
                0x000000000800e214       0x44 ../../libDaisy//build/libdaisy.a(stm32h7xx_ll_usb.o)
                0x000000000800e214                USB_InitFSLSPClkSel
 .text.USB_HC_ReadInterrupt
                0x000000000800e258        0x8 ../../libDaisy//build/libdaisy.a(stm32h7xx_ll_usb.o)
                0x000000000800e258                USB_HC_ReadInterrupt
 .text.USB_HC_Halt
                0x000000000800e260       0xc0 ../../libDaisy//build/libdaisy.a(stm32h7xx_ll_usb.o)
                0x000000000800e260                USB_HC_Halt
 .text.USB_StopHost
                0x000000000800e320      0x2ec ../../libDaisy//build/libdaisy.a(stm32h7xx_ll_usb.o)
                0x000000000800e320                USB_StopHost
 .text.USBD_SetClassConfig
                0x000000000800e60c       0x14 ../../libDaisy//build/libdaisy.a(usbd_core.o)
                0x000000000800e60c                USBD_SetClassConfig
 .text.USBD_ClrClassConfig
                0x000000000800e620       0x10 ../../libDaisy//build/libdaisy.a(usbd_core.o)
                0x000000000800e620                USBD_ClrClassConfig
 .text.USBD_LL_SetupStage
                0x000000000800e630       0x5c ../../libDaisy//build/libdaisy.a(usbd_core.o)
                0x000000000800e630                USBD_LL_SetupStage
 .text.USBD_LL_DataOutStage
                0x000000000800e68c       0x7c ../../libDaisy//build/libdaisy.a(usbd_core.o)
                0x000000000800e68c                USBD_LL_DataOutStage
 .text.USBD_LL_DataInStage
                0x000000000800e708       0xcc ../../libDaisy//build/libdaisy.a(usbd_core.o)
                0x000000000800e708                USBD_LL_DataInStage
 .text.USBD_LL_Reset
                0x000000000800e7d4       0x50 ../../libDaisy//build/libdaisy.a(usbd_core.o)
                0x000000000800e7d4                USBD_LL_Reset
 .text.USBD_LL_SetSpeed
                0x000000000800e824        0x8 ../../libDaisy//build/libdaisy.a(usbd_core.o)
                0x000000000800e824                USBD_LL_SetSpeed
 .text.USBD_LL_Suspend
                0x000000000800e82c       0x14 ../../libDaisy//build/libdaisy.a(usbd_core.o)
                0x000000000800e82c                USBD_LL_Suspend
 .text.USBD_LL_Resume
                0x000000000800e840       0x10 ../../libDaisy//build/libdaisy.a(usbd_core.o)
                0x000000000800e840                USBD_LL_Resume
 .text.USBD_LL_SOF
                0x000000000800e850       0x1c ../../libDaisy//build/libdaisy.a(usbd_core.o)
                0x000000000800e850                USBD_LL_SOF
 .text.USBD_LL_IsoINIncomplete
                0x000000000800e86c        0x4 ../../libDaisy//build/libdaisy.a(usbd_core.o)
                0x000000000800e86c                USBD_LL_IsoINIncomplete
 .text.USBD_LL_IsoOUTIncomplete
                0x000000000800e870        0x4 ../../libDaisy//build/libdaisy.a(usbd_core.o)
                0x000000000800e870                USBD_LL_IsoOUTIncomplete
 .text.USBD_LL_DevConnected
                0x000000000800e874        0x4 ../../libDaisy//build/libdaisy.a(usbd_core.o)
                0x000000000800e874                USBD_LL_DevConnected
 .text.USBD_LL_DevDisconnected
                0x000000000800e878       0x18 ../../libDaisy//build/libdaisy.a(usbd_core.o)
                0x000000000800e878                USBD_LL_DevDisconnected
 .text.USBD_StdDevReq
                0x000000000800e890      0x304 ../../libDaisy//build/libdaisy.a(usbd_ctlreq.o)
                0x000000000800e890                USBD_StdDevReq
 .text.USBD_StdItfReq
                0x000000000800eb94       0x68 ../../libDaisy//build/libdaisy.a(usbd_ctlreq.o)
                0x000000000800eb94                USBD_StdItfReq
 .text.USBD_StdEPReq
                0x000000000800ebfc      0x13c ../../libDaisy//build/libdaisy.a(usbd_ctlreq.o)
                0x000000000800ebfc                USBD_StdEPReq
 .text.USBD_ParseSetupRequest
                0x000000000800ed38       0x28 ../../libDaisy//build/libdaisy.a(usbd_ctlreq.o)
                0x000000000800ed38                USBD_ParseSetupRequest
 .text.USBD_CtlSendData
                0x000000000800ed60       0x1c ../../libDaisy//build/libdaisy.a(usbd_ioreq.o)
                0x000000000800ed60                USBD_CtlSendData
 .text.USBD_CtlContinueSendData
                0x000000000800ed7c       0x14 ../../libDaisy//build/libdaisy.a(usbd_ioreq.o)
                0x000000000800ed7c                USBD_CtlContinueSendData
 .text.USBD_CtlContinueRx
                0x000000000800ed90       0x14 ../../libDaisy//build/libdaisy.a(usbd_ioreq.o)
                0x000000000800ed90                USBD_CtlContinueRx
 .text.USBD_CtlSendStatus
                0x000000000800eda4       0x18 ../../libDaisy//build/libdaisy.a(usbd_ioreq.o)
                0x000000000800eda4                USBD_CtlSendStatus
 .text.USBD_CtlReceiveStatus
                0x000000000800edbc       0x18 ../../libDaisy//build/libdaisy.a(usbd_ioreq.o)
                0x000000000800edbc                USBD_CtlReceiveStatus
 .text.USBH_LL_IncTimer
                0x000000000800edd4       0x20 ../../libDaisy//build/libdaisy.a(usbh_core.o)
                0x000000000800edd4                USBH_LL_IncTimer
 .text.USBH_LL_PortEnabled
                0x000000000800edf4        0x8 ../../libDaisy//build/libdaisy.a(usbh_core.o)
                0x000000000800edf4                USBH_LL_PortEnabled
 .text.USBH_LL_PortDisabled
                0x000000000800edfc        0x8 ../../libDaisy//build/libdaisy.a(usbh_core.o)
                0x000000000800edfc                USBH_LL_PortDisabled
 .text.USBH_LL_Connect
                0x000000000800ee04       0x18 ../../libDaisy//build/libdaisy.a(usbh_core.o)
                0x000000000800ee04                USBH_LL_Connect
 .text.USBH_LL_Disconnect
                0x000000000800ee1c       0x2c ../../libDaisy//build/libdaisy.a(usbh_core.o)
                0x000000000800ee1c                USBH_LL_Disconnect
 .text.USBH_FreePipe
                0x000000000800ee48       0x18 ../../libDaisy//build/libdaisy.a(usbh_pipes.o)
                0x000000000800ee48                USBH_FreePipe
 .text._ZN5daisy6Random4InitEv
                0x000000000800ee60       0x3c ../../libDaisy//build/libdaisy.a(rng.o)
                0x000000000800ee60                daisy::Random::Init()
 .text._ZN5daisy9SpiHandle4Impl7InitDmaEv
                0x000000000800ee9c       0xec ../../libDaisy//build/libdaisy.a(spi.o)
                0x000000000800ee9c                daisy::SpiHandle::Impl::InitDma()
 .text._ZN5daisy9SpiHandle4Impl10StartDmaTxEPhjPFvPvEPFvS3_NS0_6ResultEES3_
                0x000000000800ef88       0xc8 ../../libDaisy//build/libdaisy.a(spi.o)
                0x000000000800ef88                daisy::SpiHandle::Impl::StartDmaTx(unsigned char*, unsigned int, void (*)(void*), void (*)(void*, daisy::SpiHandle::Result), void*)
 .text._ZN5daisy9SpiHandle4Impl10StartDmaRxEPhjPFvPvEPFvS3_NS0_6ResultEES3_
                0x000000000800f050       0xc8 ../../libDaisy//build/libdaisy.a(spi.o)
                0x000000000800f050                daisy::SpiHandle::Impl::StartDmaRx(unsigned char*, unsigned int, void (*)(void*), void (*)(void*, daisy::SpiHandle::Result), void*)
 .text._ZN5daisy9SpiHandle4Impl12StartDmaRxTxEPhS2_jPFvPvEPFvS3_NS0_6ResultEES3_
                0x000000000800f118       0xcc ../../libDaisy//build/libdaisy.a(spi.o)
                0x000000000800f118                daisy::SpiHandle::Impl::StartDmaRxTx(unsigned char*, unsigned char*, unsigned int, void (*)(void*), void (*)(void*, daisy::SpiHandle::Result), void*)
 .text._ZN5daisy9SpiHandle4Impl8InitPinsEv
                0x000000000800f1e4      0x274 ../../libDaisy//build/libdaisy.a(spi.o)
                0x000000000800f1e4                daisy::SpiHandle::Impl::InitPins()
 .text.HAL_SPI_MspInit
                0x000000000800f458      0x1a8 ../../libDaisy//build/libdaisy.a(spi.o)
                0x000000000800f458                HAL_SPI_MspInit
 .text.dsy_spi_global_init
                0x000000000800f600       0x80 ../../libDaisy//build/libdaisy.a(spi.o)
                0x000000000800f600                dsy_spi_global_init
 .text.SPI1_IRQHandler
                0x000000000800f680        0xc ../../libDaisy//build/libdaisy.a(spi.o)
                0x000000000800f680                SPI1_IRQHandler
 .text.SPI2_IRQHandler
                0x000000000800f68c        0xc ../../libDaisy//build/libdaisy.a(spi.o)
                0x000000000800f68c                SPI2_IRQHandler
 .text.SPI3_IRQHandler
                0x000000000800f698        0xc ../../libDaisy//build/libdaisy.a(spi.o)
                0x000000000800f698                SPI3_IRQHandler
 .text.SPI4_IRQHandler
                0x000000000800f6a4        0xc ../../libDaisy//build/libdaisy.a(spi.o)
                0x000000000800f6a4                SPI4_IRQHandler
 .text.SPI5_IRQHandler
                0x000000000800f6b0        0xc ../../libDaisy//build/libdaisy.a(spi.o)
                0x000000000800f6b0                SPI5_IRQHandler
 .text.DMA2_Stream2_IRQHandler
                0x000000000800f6bc       0x34 ../../libDaisy//build/libdaisy.a(spi.o)
                0x000000000800f6bc                DMA2_Stream2_IRQHandler
 .text.DMA2_Stream3_IRQHandler
                0x000000000800f6f0       0x38 ../../libDaisy//build/libdaisy.a(spi.o)
                0x000000000800f6f0                DMA2_Stream3_IRQHandler
 .text.HAL_SPI_TxCpltCallback
                0x000000000800f728       0xc4 ../../libDaisy//build/libdaisy.a(spi.o)
                0x000000000800f728                HAL_SPI_TxCpltCallback
 .text.HAL_SPI_RxCpltCallback
                0x000000000800f7ec       0xc4 ../../libDaisy//build/libdaisy.a(spi.o)
                0x000000000800f7ec                HAL_SPI_RxCpltCallback
 .text.HAL_SPI_TxRxCpltCallback
                0x000000000800f8b0       0xc4 ../../libDaisy//build/libdaisy.a(spi.o)
                0x000000000800f8b0                HAL_SPI_TxRxCpltCallback
 .text.HAL_SPI_ErrorCallback
                0x000000000800f974       0xc8 ../../libDaisy//build/libdaisy.a(spi.o)
                0x000000000800f974                HAL_SPI_ErrorCallback
 .text.startup._GLOBAL__sub_I__Z19MapInstanceToHandleP11SPI_TypeDef
                0x000000000800fa3c      0x1b0 ../../libDaisy//build/libdaisy.a(spi.o)
 .text.HAL_TIM_Base_MspInit
                0x000000000800fbec      0x1e0 ../../libDaisy//build/libdaisy.a(tim.o)
                0x000000000800fbec                HAL_TIM_Base_MspInit
 .text.HAL_TIM_PeriodElapsedCallback
                0x000000000800fdcc       0x44 ../../libDaisy//build/libdaisy.a(tim.o)
                0x000000000800fdcc                HAL_TIM_PeriodElapsedCallback
 .text.TIM2_IRQHandler
                0x000000000800fe10        0xc ../../libDaisy//build/libdaisy.a(tim.o)
                0x000000000800fe10                TIM2_IRQHandler
 .text.TIM3_IRQHandler
                0x000000000800fe1c        0xc ../../libDaisy//build/libdaisy.a(tim.o)
                0x000000000800fe1c                TIM3_IRQHandler
 .text.TIM4_IRQHandler
                0x000000000800fe28        0xc ../../libDaisy//build/libdaisy.a(tim.o)
                0x000000000800fe28                TIM4_IRQHandler
 .text.TIM5_IRQHandler
                0x000000000800fe34        0xc ../../libDaisy//build/libdaisy.a(tim.o)
                0x000000000800fe34                TIM5_IRQHandler
 .text._ZN5daisy11TimerHandle4InitERKNS0_6ConfigE
                0x000000000800fe40       0xd0 ../../libDaisy//build/libdaisy.a(tim.o)
                0x000000000800fe40                daisy::TimerHandle::Init(daisy::TimerHandle::Config const&)
 .text._ZN5daisy11TimerHandle5StartEv
                0x000000000800ff10       0x24 ../../libDaisy//build/libdaisy.a(tim.o)
                0x000000000800ff10                daisy::TimerHandle::Start()
 .text.startup._GLOBAL__sub_I__ZN5daisy11TimerHandle4Impl4InitERKNS0_6ConfigE
                0x000000000800ff34       0x38 ../../libDaisy//build/libdaisy.a(tim.o)
 .text._ZN5daisy11UartHandler4Impl7InitDmaEbb
                0x000000000800ff6c      0x164 ../../libDaisy//build/libdaisy.a(uart.o)
                0x000000000800ff6c                daisy::UartHandler::Impl::InitDma(bool, bool)
 .text._ZN5daisy11UartHandler4Impl10HandleFifoEv
                0x00000000080100d0       0xec ../../libDaisy//build/libdaisy.a(uart.o)
                0x00000000080100d0                daisy::UartHandler::Impl::HandleFifo()
 .text._ZN5daisy11UartHandler4Impl10StartDmaTxEPhjPFvPvEPFvS3_NS0_6ResultEES3_
                0x00000000080101bc       0xcc ../../libDaisy//build/libdaisy.a(uart.o)
                0x00000000080101bc                daisy::UartHandler::Impl::StartDmaTx(unsigned char*, unsigned int, void (*)(void*), void (*)(void*, daisy::UartHandler::Result), void*)
 .text._ZN5daisy11UartHandler4Impl10StartDmaRxEPhjPFvPvEPFvS3_NS0_6ResultEES3_
                0x0000000008010288       0xcc ../../libDaisy//build/libdaisy.a(uart.o)
                0x0000000008010288                daisy::UartHandler::Impl::StartDmaRx(unsigned char*, unsigned int, void (*)(void*), void (*)(void*, daisy::UartHandler::Result), void*)
 .text._ZN5daisy11UartHandler4Impl19DmaTransferFinishedEP20__UART_HandleTypeDefNS0_6ResultE
                0x0000000008010354       0xc0 ../../libDaisy//build/libdaisy.a(uart.o)
                0x0000000008010354                daisy::UartHandler::Impl::DmaTransferFinished(__UART_HandleTypeDef*, daisy::UartHandler::Result)
 .text._ZN5daisy11UartHandler4Impl8InitPinsEv
                0x0000000008010414      0x150 ../../libDaisy//build/libdaisy.a(uart.o)
                0x0000000008010414                daisy::UartHandler::Impl::InitPins()
 .text.HAL_UART_MspInit
                0x0000000008010564      0x210 ../../libDaisy//build/libdaisy.a(uart.o)
                0x0000000008010564                HAL_UART_MspInit
 .text.dsy_uart_global_init
                0x0000000008010774       0xfc ../../libDaisy//build/libdaisy.a(uart.o)
                0x0000000008010774                dsy_uart_global_init
 .text.USART1_IRQHandler
                0x0000000008010870       0x30 ../../libDaisy//build/libdaisy.a(uart.o)
                0x0000000008010870                USART1_IRQHandler
 .text.USART2_IRQHandler
                0x00000000080108a0       0x34 ../../libDaisy//build/libdaisy.a(uart.o)
                0x00000000080108a0                USART2_IRQHandler
 .text.USART3_IRQHandler
                0x00000000080108d4       0x34 ../../libDaisy//build/libdaisy.a(uart.o)
                0x00000000080108d4                USART3_IRQHandler
 .text.UART4_IRQHandler
                0x0000000008010908       0x34 ../../libDaisy//build/libdaisy.a(uart.o)
                0x0000000008010908                UART4_IRQHandler
 .text.UART5_IRQHandler
                0x000000000801093c       0x34 ../../libDaisy//build/libdaisy.a(uart.o)
                0x000000000801093c                UART5_IRQHandler
 .text.USART6_IRQHandler
                0x0000000008010970       0x34 ../../libDaisy//build/libdaisy.a(uart.o)
                0x0000000008010970                USART6_IRQHandler
 .text.UART7_IRQHandler
                0x00000000080109a4       0x30 ../../libDaisy//build/libdaisy.a(uart.o)
                0x00000000080109a4                UART7_IRQHandler
 .text.UART8_IRQHandler
                0x00000000080109d4       0x34 ../../libDaisy//build/libdaisy.a(uart.o)
                0x00000000080109d4                UART8_IRQHandler
 .text.LPUART1_IRQHandler
                0x0000000008010a08       0x34 ../../libDaisy//build/libdaisy.a(uart.o)
                0x0000000008010a08                LPUART1_IRQHandler
 .text.DMA1_Stream5_IRQHandler
                0x0000000008010a3c       0x34 ../../libDaisy//build/libdaisy.a(uart.o)
                0x0000000008010a3c                DMA1_Stream5_IRQHandler
 .text.DMA2_Stream4_IRQHandler
                0x0000000008010a70       0x34 ../../libDaisy//build/libdaisy.a(uart.o)
                0x0000000008010a70                DMA2_Stream4_IRQHandler
 .text.HAL_UART_TxCpltCallback
                0x0000000008010aa4        0x8 ../../libDaisy//build/libdaisy.a(uart.o)
                0x0000000008010aa4                HAL_UART_TxCpltCallback
 .text.HAL_UART_RxCpltCallback
                0x0000000008010aac        0x8 ../../libDaisy//build/libdaisy.a(uart.o)
                0x0000000008010aac                HAL_UART_RxCpltCallback
 .text.HAL_UART_ErrorCallback
                0x0000000008010ab4        0x8 ../../libDaisy//build/libdaisy.a(uart.o)
                0x0000000008010ab4                HAL_UART_ErrorCallback
 .text.startup._GLOBAL__sub_I__Z19MapInstanceToHandleP13USART_TypeDef
                0x0000000008010abc      0x190 ../../libDaisy//build/libdaisy.a(uart.o)
 .text.dsy_dma_init
                0x0000000008010c4c      0x100 ../../libDaisy//build/libdaisy.a(dma.o)
                0x0000000008010c4c                dsy_dma_init
 .text.HAL_MDMA_Abort_IT
                0x0000000008010d4c       0x2c ../../libDaisy//build/libdaisy.a(stm32h7xx_hal_mdma.o)
                0x0000000008010d4c                HAL_MDMA_Abort_IT
 .text.SPI_CloseTransfer
                0x0000000008010d78       0xb8 ../../libDaisy//build/libdaisy.a(stm32h7xx_hal_spi.o)
 .text.HAL_SPI_Init
                0x0000000008010e30      0x15c ../../libDaisy//build/libdaisy.a(stm32h7xx_hal_spi.o)
                0x0000000008010e30                HAL_SPI_Init
 .text.HAL_SPI_Transmit_DMA
                0x0000000008010f8c      0x170 ../../libDaisy//build/libdaisy.a(stm32h7xx_hal_spi.o)
                0x0000000008010f8c                HAL_SPI_Transmit_DMA
 .text.HAL_SPI_TransmitReceive_DMA
                0x00000000080110fc      0x218 ../../libDaisy//build/libdaisy.a(stm32h7xx_hal_spi.o)
                0x00000000080110fc                HAL_SPI_TransmitReceive_DMA
 .text.HAL_SPI_Receive_DMA
                0x0000000008011314      0x1b4 ../../libDaisy//build/libdaisy.a(stm32h7xx_hal_spi.o)
                0x0000000008011314                HAL_SPI_Receive_DMA
 .text.SPI_DMATransmitCplt
                0x00000000080114c8       0x28 ../../libDaisy//build/libdaisy.a(stm32h7xx_hal_spi.o)
 .text.SPI_DMAReceiveCplt
                0x00000000080114f0       0x28 ../../libDaisy//build/libdaisy.a(stm32h7xx_hal_spi.o)
 .text.SPI_DMATransmitReceiveCplt
                0x0000000008011518       0x28 ../../libDaisy//build/libdaisy.a(stm32h7xx_hal_spi.o)
 .text.HAL_SPI_TxHalfCpltCallback
                0x0000000008011540        0x4 ../../libDaisy//build/libdaisy.a(stm32h7xx_hal_spi.o)
                0x0000000008011540                HAL_SPI_TxHalfCpltCallback
 .text.SPI_DMAHalfTransmitCplt
                0x0000000008011544        0xc ../../libDaisy//build/libdaisy.a(stm32h7xx_hal_spi.o)
 .text.HAL_SPI_RxHalfCpltCallback
                0x0000000008011550        0x4 ../../libDaisy//build/libdaisy.a(stm32h7xx_hal_spi.o)
                0x0000000008011550                HAL_SPI_RxHalfCpltCallback
 .text.SPI_DMAHalfReceiveCplt
                0x0000000008011554        0xc ../../libDaisy//build/libdaisy.a(stm32h7xx_hal_spi.o)
 .text.HAL_SPI_TxRxHalfCpltCallback